
> agdf-control-ui@0.0.0 test:browser
> playwright test


Running 10 tests using 1 worker

(node:29833) Warning: The 'NO_COLOR' env is ignored due to the 'FORCE_COLOR' env being set.
(Use `node --trace-warnings ...` to show where the warning was created)
  ✘   1 test/browser/journeys.spec.mjs:21:1 › SCN-044: Pages fonts survive host body overrides across card, list, Run and document (8ms)
(node:29848) Warning: The 'NO_COLOR' env is ignored due to the 'FORCE_COLOR' env being set.
(Use `node --trace-warnings ...` to show where the warning was created)
  ✘   2 test/browser/journeys.spec.mjs:77:1 › SCN-002/005/007/008/010: explicit graph inspection stays passive and readable at container boundaries (3ms)
(node:29855) Warning: The 'NO_COLOR' env is ignored due to the 'FORCE_COLOR' env being set.
(Use `node --trace-warnings ...` to show where the warning was created)
  ✘   3 test/browser/journeys.spec.mjs:104:1 › SCN-003/007/028/031: real repository, pointer + keyboard, focus, source fidelity and unchanged bytes (3ms)
(node:29859) Warning: The 'NO_COLOR' env is ignored due to the 'FORCE_COLOR' env being set.
(Use `node --trace-warnings ...` to show where the warning was created)
  ✘   4 test/browser/journeys.spec.mjs:138:1 › SCN-005/010/012/028: visible invalid run, persisted discrepancy, missing and unsupported documents (4ms)
(node:29862) Warning: The 'NO_COLOR' env is ignored due to the 'FORCE_COLOR' env being set.
(Use `node --trace-warnings ...` to show where the warning was created)
  ✘   5 test/browser/journeys.spec.mjs:158:1 › SCN-009/014/018/024: hostile document, stale reload, retry and removed selection (5ms)
(node:29868) Warning: The 'NO_COLOR' env is ignored due to the 'FORCE_COLOR' env being set.
(Use `node --trace-warnings ...` to show where the warning was created)
  ✘   6 test/browser/journeys.spec.mjs:174:1 › sticky card and document headers, sliding view selector and narrow summary retain source identity (4ms)
(node:29870) Warning: The 'NO_COLOR' env is ignored due to the 'FORCE_COLOR' env being set.
(Use `node --trace-warnings ...` to show where the warning was created)
  ✘   7 test/browser/journeys.spec.mjs:224:1 › summary leads with the work step and stale reads never claim a missing Run or current control (5ms)
(node:29872) Warning: The 'NO_COLOR' env is ignored due to the 'FORCE_COLOR' env being set.
(Use `node --trace-warnings ...` to show where the warning was created)
  ✘   8 test/browser/journeys.spec.mjs:257:1 › Pages surface recipes survive neutral host colors in light and dark across all views (4ms)
(node:29875) Warning: The 'NO_COLOR' env is ignored due to the 'FORCE_COLOR' env being set.
(Use `node --trace-warnings ...` to show where the warning was created)
  ✘   9 test/browser/journeys.spec.mjs:317:1 › built Pages action and type hierarchy matches Cockpit in both themes (4ms)
(node:29878) Warning: The 'NO_COLOR' env is ignored due to the 'FORCE_COLOR' env being set.
(Use `node --trace-warnings ...` to show where the warning was created)
  ✘  10 test/browser/journeys.spec.mjs:383:1 › work action leads, qualifications stay honest and evidence access survives responsive keyboard navigation (5ms)


  1) test/browser/journeys.spec.mjs:21:1 › SCN-044: Pages fonts survive host body overrides across card, list, Run and document 

    Error: browserType.launch: Target page, context or browser has been closed
    Browser logs:

    <launching> /Users/arndtgold/Library/Caches/ms-playwright/chromium_headless_shell-1243/chrome-headless-shell-mac-x64/chrome-headless-shell --disable-field-trial-config --disable-background-networking --disable-background-timer-throttling --disable-backgrounding-occluded-windows --disable-back-forward-cache --disable-breakpad --disable-client-side-phishing-detection --disable-component-extensions-with-background-pages --disable-component-update --no-default-browser-check --disable-default-apps --disable-dev-shm-usage --disable-edgeupdater --disable-extensions --disable-features=AvoidUnnecessaryBeforeUnloadCheckSync,DestroyProfileOnBrowserClose,DialMediaRouteProvider,GlobalMediaControls,HttpsUpgrades,LensOverlay,MediaRouter,PaintHolding,ThirdPartyStoragePartitioning,BlockOriginHeaderModificationOnRedirect,Translate,AutoDeElevate,OptimizationHints,msForceBrowserSignIn,msEdgeUpdateLaunchServicesPreferredVersion --enable-features=CDPScreenshotNewSurface --allow-pre-commit-input --disable-hang-monitor --disable-ipc-flooding-protection --disable-popup-blocking --disable-prompt-on-repost --disable-renderer-backgrounding --disable-updater-scheduler --force-color-profile=srgb --metrics-recording-only --no-first-run --password-store=basic --use-mock-keychain --no-service-autorun --export-tagged-pdf --disable-search-engine-choice-screen --unsafely-disable-devtools-self-xss-warnings --edge-skip-compat-layer-relaunch --disable-infobars --disable-search-engine-choice-screen --disable-sync --enable-unsafe-swiftshader --headless --hide-scrollbars --mute-audio --blink-settings=primaryHoverType=2,availableHoverTypes=2,primaryPointerType=4,availablePointerTypes=4 --no-sandbox --user-data-dir=/var/folders/wn/pdbjwtvd3fx0t38nwcqrrpnc0000gp/T/playwright_chromiumdev_profile-Qz6MLY --remote-debugging-pipe --no-startup-window
    <launched> pid=29835
    [pid=29835][err] [1006/195006.621677:ERROR:base/power_monitor/thermal_state_observer_mac.mm:140] ThermalStateObserverMac unable to register to power notifications. Result: 9
    [pid=29835][err] [1006/195006.650293:ERROR:net/dns/dns_config_service_posix.cc:138] DNS config watch failed to start.
    [pid=29835][err] [1006/195006.653143:WARNING:net/dns/dns_config_service_posix.cc:197] Failed to read DnsConfig.
    [pid=29835][err] [1006/195006.665091:FATAL:base/apple/mach_port_rendezvous_mac.cc:159] Check failed: kr == KERN_SUCCESS. bootstrap_check_in org.chromium.Chromium.MachPortRendezvousServer.29835: Permission denied (1100)
    Call log:
      - <launching> /Users/arndtgold/Library/Caches/ms-playwright/chromium_headless_shell-1243/chrome-headless-shell-mac-x64/chrome-headless-shell --disable-field-trial-config --disable-background-networking --disable-background-timer-throttling --disable-backgrounding-occluded-windows --disable-back-forward-cache --disable-breakpad --disable-client-side-phishing-detection --disable-component-extensions-with-background-pages --disable-component-update --no-default-browser-check --disable-default-apps --disable-dev-shm-usage --disable-edgeupdater --disable-extensions --disable-features=AvoidUnnecessaryBeforeUnloadCheckSync,DestroyProfileOnBrowserClose,DialMediaRouteProvider,GlobalMediaControls,HttpsUpgrades,LensOverlay,MediaRouter,PaintHolding,ThirdPartyStoragePartitioning,BlockOriginHeaderModificationOnRedirect,Translate,AutoDeElevate,OptimizationHints,msForceBrowserSignIn,msEdgeUpdateLaunchServicesPreferredVersion --enable-features=CDPScreenshotNewSurface --allow-pre-commit-input --disable-hang-monitor --disable-ipc-flooding-protection --disable-popup-blocking --disable-prompt-on-repost --disable-renderer-backgrounding --disable-updater-scheduler --force-color-profile=srgb --metrics-recording-only --no-first-run --password-store=basic --use-mock-keychain --no-service-autorun --export-tagged-pdf --disable-search-engine-choice-screen --unsafely-disable-devtools-self-xss-warnings --edge-skip-compat-layer-relaunch --disable-infobars --disable-search-engine-choice-screen --disable-sync --enable-unsafe-swiftshader --headless --hide-scrollbars --mute-audio --blink-settings=primaryHoverType=2,availableHoverTypes=2,primaryPointerType=4,availablePointerTypes=4 --no-sandbox --user-data-dir=/var/folders/wn/pdbjwtvd3fx0t38nwcqrrpnc0000gp/T/playwright_chromiumdev_profile-Qz6MLY --remote-debugging-pipe --no-startup-window
      - <launched> pid=29835
      - [pid=29835][err] [1006/195006.621677:ERROR:base/power_monitor/thermal_state_observer_mac.mm:140] ThermalStateObserverMac unable to register to power notifications. Result: 9
      - [pid=29835][err] [1006/195006.650293:ERROR:net/dns/dns_config_service_posix.cc:138] DNS config watch failed to start.
      - [pid=29835][err] [1006/195006.653143:WARNING:net/dns/dns_config_service_posix.cc:197] Failed to read DnsConfig.
      - [pid=29835][err] [1006/195006.665091:FATAL:base/apple/mach_port_rendezvous_mac.cc:159] Check failed: kr == KERN_SUCCESS. bootstrap_check_in org.chromium.Chromium.MachPortRendezvousServer.29835: Permission denied (1100)
      - [pid=29835] <gracefully close start>
      - [pid=29835] <kill>
      - [pid=29835] <will force kill>
      - [pid=29835] exception while trying to kill process: Error: kill EPERM
      - [pid=29835] <process did exit: exitCode=null, signal=SIGTRAP>
      - [pid=29835] starting temporary directories cleanup
      - [pid=29835] finished temporary directories cleanup
      - [pid=29835] <gracefully close end>


    Error Context: test-results/journeys-SCN-044-Pages-fon-92fc9--card-list-Run-and-document/error-context.md

  2) test/browser/journeys.spec.mjs:77:1 › SCN-002/005/007/008/010: explicit graph inspection stays passive and readable at container boundaries 

    Error: browserType.launch: Target page, context or browser has been closed
    Browser logs:

    <launching> /Users/arndtgold/Library/Caches/ms-playwright/chromium_headless_shell-1243/chrome-headless-shell-mac-x64/chrome-headless-shell --disable-field-trial-config --disable-background-networking --disable-background-timer-throttling --disable-backgrounding-occluded-windows --disable-back-forward-cache --disable-breakpad --disable-client-side-phishing-detection --disable-component-extensions-with-background-pages --disable-component-update --no-default-browser-check --disable-default-apps --disable-dev-shm-usage --disable-edgeupdater --disable-extensions --disable-features=AvoidUnnecessaryBeforeUnloadCheckSync,DestroyProfileOnBrowserClose,DialMediaRouteProvider,GlobalMediaControls,HttpsUpgrades,LensOverlay,MediaRouter,PaintHolding,ThirdPartyStoragePartitioning,BlockOriginHeaderModificationOnRedirect,Translate,AutoDeElevate,OptimizationHints,msForceBrowserSignIn,msEdgeUpdateLaunchServicesPreferredVersion --enable-features=CDPScreenshotNewSurface --allow-pre-commit-input --disable-hang-monitor --disable-ipc-flooding-protection --disable-popup-blocking --disable-prompt-on-repost --disable-renderer-backgrounding --disable-updater-scheduler --force-color-profile=srgb --metrics-recording-only --no-first-run --password-store=basic --use-mock-keychain --no-service-autorun --export-tagged-pdf --disable-search-engine-choice-screen --unsafely-disable-devtools-self-xss-warnings --edge-skip-compat-layer-relaunch --disable-infobars --disable-search-engine-choice-screen --disable-sync --enable-unsafe-swiftshader --headless --hide-scrollbars --mute-audio --blink-settings=primaryHoverType=2,availableHoverTypes=2,primaryPointerType=4,availablePointerTypes=4 --no-sandbox --user-data-dir=/var/folders/wn/pdbjwtvd3fx0t38nwcqrrpnc0000gp/T/playwright_chromiumdev_profile-bJcfAp --remote-debugging-pipe --no-startup-window
    <launched> pid=29853
    [pid=29853][err] [1006/195008.585428:ERROR:base/power_monitor/thermal_state_observer_mac.mm:140] ThermalStateObserverMac unable to register to power notifications. Result: 9
    [pid=29853][err] [1006/195008.588749:ERROR:net/dns/dns_config_service_posix.cc:138] DNS config watch failed to start.
    [pid=29853][err] [1006/195008.592301:FATAL:base/apple/mach_port_rendezvous_mac.cc:159] Check failed: kr == KERN_SUCCESS. bootstrap_check_in org.chromium.Chromium.MachPortRendezvousServer.29853: Permission denied (1100)
    [pid=29853] <process did exit: exitCode=null, signal=SIGTRAP>
    [pid=29853] starting temporary directories cleanup
    Call log:
      - <launching> /Users/arndtgold/Library/Caches/ms-playwright/chromium_headless_shell-1243/chrome-headless-shell-mac-x64/chrome-headless-shell --disable-field-trial-config --disable-background-networking --disable-background-timer-throttling --disable-backgrounding-occluded-windows --disable-back-forward-cache --disable-breakpad --disable-client-side-phishing-detection --disable-component-extensions-with-background-pages --disable-component-update --no-default-browser-check --disable-default-apps --disable-dev-shm-usage --disable-edgeupdater --disable-extensions --disable-features=AvoidUnnecessaryBeforeUnloadCheckSync,DestroyProfileOnBrowserClose,DialMediaRouteProvider,GlobalMediaControls,HttpsUpgrades,LensOverlay,MediaRouter,PaintHolding,ThirdPartyStoragePartitioning,BlockOriginHeaderModificationOnRedirect,Translate,AutoDeElevate,OptimizationHints,msForceBrowserSignIn,msEdgeUpdateLaunchServicesPreferredVersion --enable-features=CDPScreenshotNewSurface --allow-pre-commit-input --disable-hang-monitor --disable-ipc-flooding-protection --disable-popup-blocking --disable-prompt-on-repost --disable-renderer-backgrounding --disable-updater-scheduler --force-color-profile=srgb --metrics-recording-only --no-first-run --password-store=basic --use-mock-keychain --no-service-autorun --export-tagged-pdf --disable-search-engine-choice-screen --unsafely-disable-devtools-self-xss-warnings --edge-skip-compat-layer-relaunch --disable-infobars --disable-search-engine-choice-screen --disable-sync --enable-unsafe-swiftshader --headless --hide-scrollbars --mute-audio --blink-settings=primaryHoverType=2,availableHoverTypes=2,primaryPointerType=4,availablePointerTypes=4 --no-sandbox --user-data-dir=/var/folders/wn/pdbjwtvd3fx0t38nwcqrrpnc0000gp/T/playwright_chromiumdev_profile-bJcfAp --remote-debugging-pipe --no-startup-window
      - <launched> pid=29853
      - [pid=29853][err] [1006/195008.585428:ERROR:base/power_monitor/thermal_state_observer_mac.mm:140] ThermalStateObserverMac unable to register to power notifications. Result: 9
      - [pid=29853][err] [1006/195008.588749:ERROR:net/dns/dns_config_service_posix.cc:138] DNS config watch failed to start.
      - [pid=29853][err] [1006/195008.592301:FATAL:base/apple/mach_port_rendezvous_mac.cc:159] Check failed: kr == KERN_SUCCESS. bootstrap_check_in org.chromium.Chromium.MachPortRendezvousServer.29853: Permission denied (1100)
      - [pid=29853] <process did exit: exitCode=null, signal=SIGTRAP>
      - [pid=29853] starting temporary directories cleanup
      - [pid=29853] <gracefully close start>
      - [pid=29853] <kill>
      - [pid=29853] <skipped force kill spawnedProcess.killed=false processClosed=true>
      - [pid=29853] finished temporary directories cleanup
      - [pid=29853] <gracefully close end>


    Error Context: test-results/journeys-SCN-002-005-007-0-4be9c-ble-at-container-boundaries/error-context.md

  3) test/browser/journeys.spec.mjs:104:1 › SCN-003/007/028/031: real repository, pointer + keyboard, focus, source fidelity and unchanged bytes 

    Error: browserType.launch: Target page, context or browser has been closed
    Browser logs:

    <launching> /Users/arndtgold/Library/Caches/ms-playwright/chromium_headless_shell-1243/chrome-headless-shell-mac-x64/chrome-headless-shell --disable-field-trial-config --disable-background-networking --disable-background-timer-throttling --disable-backgrounding-occluded-windows --disable-back-forward-cache --disable-breakpad --disable-client-side-phishing-detection --disable-component-extensions-with-background-pages --disable-component-update --no-default-browser-check --disable-default-apps --disable-dev-shm-usage --disable-edgeupdater --disable-extensions --disable-features=AvoidUnnecessaryBeforeUnloadCheckSync,DestroyProfileOnBrowserClose,DialMediaRouteProvider,GlobalMediaControls,HttpsUpgrades,LensOverlay,MediaRouter,PaintHolding,ThirdPartyStoragePartitioning,BlockOriginHeaderModificationOnRedirect,Translate,AutoDeElevate,OptimizationHints,msForceBrowserSignIn,msEdgeUpdateLaunchServicesPreferredVersion --enable-features=CDPScreenshotNewSurface --allow-pre-commit-input --disable-hang-monitor --disable-ipc-flooding-protection --disable-popup-blocking --disable-prompt-on-repost --disable-renderer-backgrounding --disable-updater-scheduler --force-color-profile=srgb --metrics-recording-only --no-first-run --password-store=basic --use-mock-keychain --no-service-autorun --export-tagged-pdf --disable-search-engine-choice-screen --unsafely-disable-devtools-self-xss-warnings --edge-skip-compat-layer-relaunch --disable-infobars --disable-search-engine-choice-screen --disable-sync --enable-unsafe-swiftshader --headless --hide-scrollbars --mute-audio --blink-settings=primaryHoverType=2,availableHoverTypes=2,primaryPointerType=4,availablePointerTypes=4 --no-sandbox --user-data-dir=/var/folders/wn/pdbjwtvd3fx0t38nwcqrrpnc0000gp/T/playwright_chromiumdev_profile-YYvcGa --remote-debugging-pipe --no-startup-window
    <launched> pid=29858
    [pid=29858][err] [1006/195010.655960:ERROR:base/power_monitor/thermal_state_observer_mac.mm:140] ThermalStateObserverMac unable to register to power notifications. Result: 9
    [pid=29858][err] [1006/195010.658891:ERROR:net/dns/dns_config_service_posix.cc:138] DNS config watch failed to start.
    [pid=29858][err] [1006/195010.659812:WARNING:net/dns/dns_config_service_posix.cc:197] Failed to read DnsConfig.
    [pid=29858][err] [1006/195010.659888:FATAL:base/apple/mach_port_rendezvous_mac.cc:159] Check failed: kr == KERN_SUCCESS. bootstrap_check_in org.chromium.Chromium.MachPortRendezvousServer.29858: Permission denied (1100)
    [pid=29858] <process did exit: exitCode=null, signal=SIGTRAP>
    [pid=29858] starting temporary directories cleanup
    Call log:
      - <launching> /Users/arndtgold/Library/Caches/ms-playwright/chromium_headless_shell-1243/chrome-headless-shell-mac-x64/chrome-headless-shell --disable-field-trial-config --disable-background-networking --disable-background-timer-throttling --disable-backgrounding-occluded-windows --disable-back-forward-cache --disable-breakpad --disable-client-side-phishing-detection --disable-component-extensions-with-background-pages --disable-component-update --no-default-browser-check --disable-default-apps --disable-dev-shm-usage --disable-edgeupdater --disable-extensions --disable-features=AvoidUnnecessaryBeforeUnloadCheckSync,DestroyProfileOnBrowserClose,DialMediaRouteProvider,GlobalMediaControls,HttpsUpgrades,LensOverlay,MediaRouter,PaintHolding,ThirdPartyStoragePartitioning,BlockOriginHeaderModificationOnRedirect,Translate,AutoDeElevate,OptimizationHints,msForceBrowserSignIn,msEdgeUpdateLaunchServicesPreferredVersion --enable-features=CDPScreenshotNewSurface --allow-pre-commit-input --disable-hang-monitor --disable-ipc-flooding-protection --disable-popup-blocking --disable-prompt-on-repost --disable-renderer-backgrounding --disable-updater-scheduler --force-color-profile=srgb --metrics-recording-only --no-first-run --password-store=basic --use-mock-keychain --no-service-autorun --export-tagged-pdf --disable-search-engine-choice-screen --unsafely-disable-devtools-self-xss-warnings --edge-skip-compat-layer-relaunch --disable-infobars --disable-search-engine-choice-screen --disable-sync --enable-unsafe-swiftshader --headless --hide-scrollbars --mute-audio --blink-settings=primaryHoverType=2,availableHoverTypes=2,primaryPointerType=4,availablePointerTypes=4 --no-sandbox --user-data-dir=/var/folders/wn/pdbjwtvd3fx0t38nwcqrrpnc0000gp/T/playwright_chromiumdev_profile-YYvcGa --remote-debugging-pipe --no-startup-window
      - <launched> pid=29858
      - [pid=29858][err] [1006/195010.655960:ERROR:base/power_monitor/thermal_state_observer_mac.mm:140] ThermalStateObserverMac unable to register to power notifications. Result: 9
      - [pid=29858][err] [1006/195010.658891:ERROR:net/dns/dns_config_service_posix.cc:138] DNS config watch failed to start.
      - [pid=29858][err] [1006/195010.659812:WARNING:net/dns/dns_config_service_posix.cc:197] Failed to read DnsConfig.
      - [pid=29858][err] [1006/195010.659888:FATAL:base/apple/mach_port_rendezvous_mac.cc:159] Check failed: kr == KERN_SUCCESS. bootstrap_check_in org.chromium.Chromium.MachPortRendezvousServer.29858: Permission denied (1100)
      - [pid=29858] <process did exit: exitCode=null, signal=SIGTRAP>
      - [pid=29858] starting temporary directories cleanup
      - [pid=29858] <gracefully close start>
      - [pid=29858] <kill>
      - [pid=29858] <skipped force kill spawnedProcess.killed=false processClosed=true>
      - [pid=29858] finished temporary directories cleanup
      - [pid=29858] <gracefully close end>


    Error Context: test-results/journeys-SCN-003-007-028-0-dc6e3-idelity-and-unchanged-bytes/error-context.md

  4) test/browser/journeys.spec.mjs:138:1 › SCN-005/010/012/028: visible invalid run, persisted discrepancy, missing and unsupported documents 

    Error: browserType.launch: Target page, context or browser has been closed
    Browser logs:

    <launching> /Users/arndtgold/Library/Caches/ms-playwright/chromium_headless_shell-1243/chrome-headless-shell-mac-x64/chrome-headless-shell --disable-field-trial-config --disable-background-networking --disable-background-timer-throttling --disable-backgrounding-occluded-windows --disable-back-forward-cache --disable-breakpad --disable-client-side-phishing-detection --disable-component-extensions-with-background-pages --disable-component-update --no-default-browser-check --disable-default-apps --disable-dev-shm-usage --disable-edgeupdater --disable-extensions --disable-features=AvoidUnnecessaryBeforeUnloadCheckSync,DestroyProfileOnBrowserClose,DialMediaRouteProvider,GlobalMediaControls,HttpsUpgrades,LensOverlay,MediaRouter,PaintHolding,ThirdPartyStoragePartitioning,BlockOriginHeaderModificationOnRedirect,Translate,AutoDeElevate,OptimizationHints,msForceBrowserSignIn,msEdgeUpdateLaunchServicesPreferredVersion --enable-features=CDPScreenshotNewSurface --allow-pre-commit-input --disable-hang-monitor --disable-ipc-flooding-protection --disable-popup-blocking --disable-prompt-on-repost --disable-renderer-backgrounding --disable-updater-scheduler --force-color-profile=srgb --metrics-recording-only --no-first-run --password-store=basic --use-mock-keychain --no-service-autorun --export-tagged-pdf --disable-search-engine-choice-screen --unsafely-disable-devtools-self-xss-warnings --edge-skip-compat-layer-relaunch --disable-infobars --disable-search-engine-choice-screen --disable-sync --enable-unsafe-swiftshader --headless --hide-scrollbars --mute-audio --blink-settings=primaryHoverType=2,availableHoverTypes=2,primaryPointerType=4,availablePointerTypes=4 --no-sandbox --user-data-dir=/var/folders/wn/pdbjwtvd3fx0t38nwcqrrpnc0000gp/T/playwright_chromiumdev_profile-juEOrW --remote-debugging-pipe --no-startup-window
    <launched> pid=29860
    [pid=29860][err] [1006/195012.432949:ERROR:base/power_monitor/thermal_state_observer_mac.mm:140] ThermalStateObserverMac unable to register to power notifications. Result: 9
    [pid=29860][err] [1006/195012.437281:ERROR:net/dns/dns_config_service_posix.cc:138] DNS config watch failed to start.
    [pid=29860][err] [1006/195012.437897:WARNING:net/dns/dns_config_service_posix.cc:197] Failed to read DnsConfig.
    [pid=29860][err] [1006/195012.438757:FATAL:base/apple/mach_port_rendezvous_mac.cc:159] Check failed: kr == KERN_SUCCESS. bootstrap_check_in org.chromium.Chromium.MachPortRendezvousServer.29860: Permission denied (1100)
    [pid=29860] <process did exit: exitCode=null, signal=SIGTRAP>
    [pid=29860] starting temporary directories cleanup
    Call log:
      - <launching> /Users/arndtgold/Library/Caches/ms-playwright/chromium_headless_shell-1243/chrome-headless-shell-mac-x64/chrome-headless-shell --disable-field-trial-config --disable-background-networking --disable-background-timer-throttling --disable-backgrounding-occluded-windows --disable-back-forward-cache --disable-breakpad --disable-client-side-phishing-detection --disable-component-extensions-with-background-pages --disable-component-update --no-default-browser-check --disable-default-apps --disable-dev-shm-usage --disable-edgeupdater --disable-extensions --disable-features=AvoidUnnecessaryBeforeUnloadCheckSync,DestroyProfileOnBrowserClose,DialMediaRouteProvider,GlobalMediaControls,HttpsUpgrades,LensOverlay,MediaRouter,PaintHolding,ThirdPartyStoragePartitioning,BlockOriginHeaderModificationOnRedirect,Translate,AutoDeElevate,OptimizationHints,msForceBrowserSignIn,msEdgeUpdateLaunchServicesPreferredVersion --enable-features=CDPScreenshotNewSurface --allow-pre-commit-input --disable-hang-monitor --disable-ipc-flooding-protection --disable-popup-blocking --disable-prompt-on-repost --disable-renderer-backgrounding --disable-updater-scheduler --force-color-profile=srgb --metrics-recording-only --no-first-run --password-store=basic --use-mock-keychain --no-service-autorun --export-tagged-pdf --disable-search-engine-choice-screen --unsafely-disable-devtools-self-xss-warnings --edge-skip-compat-layer-relaunch --disable-infobars --disable-search-engine-choice-screen --disable-sync --enable-unsafe-swiftshader --headless --hide-scrollbars --mute-audio --blink-settings=primaryHoverType=2,availableHoverTypes=2,primaryPointerType=4,availablePointerTypes=4 --no-sandbox --user-data-dir=/var/folders/wn/pdbjwtvd3fx0t38nwcqrrpnc0000gp/T/playwright_chromiumdev_profile-juEOrW --remote-debugging-pipe --no-startup-window
      - <launched> pid=29860
      - [pid=29860][err] [1006/195012.432949:ERROR:base/power_monitor/thermal_state_observer_mac.mm:140] ThermalStateObserverMac unable to register to power notifications. Result: 9
      - [pid=29860][err] [1006/195012.437281:ERROR:net/dns/dns_config_service_posix.cc:138] DNS config watch failed to start.
      - [pid=29860][err] [1006/195012.437897:WARNING:net/dns/dns_config_service_posix.cc:197] Failed to read DnsConfig.
      - [pid=29860][err] [1006/195012.438757:FATAL:base/apple/mach_port_rendezvous_mac.cc:159] Check failed: kr == KERN_SUCCESS. bootstrap_check_in org.chromium.Chromium.MachPortRendezvousServer.29860: Permission denied (1100)
      - [pid=29860] <process did exit: exitCode=null, signal=SIGTRAP>
      - [pid=29860] starting temporary directories cleanup
      - [pid=29860] <gracefully close start>
      - [pid=29860] <kill>
      - [pid=29860] <skipped force kill spawnedProcess.killed=false processClosed=true>
      - [pid=29860] finished temporary directories cleanup
      - [pid=29860] <gracefully close end>


    Error Context: test-results/journeys-SCN-005-010-012-0-4a087-g-and-unsupported-documents/error-context.md

  5) test/browser/journeys.spec.mjs:158:1 › SCN-009/014/018/024: hostile document, stale reload, retry and removed selection 

    Error: browserType.launch: Target page, context or browser has been closed
    Browser logs:

    <launching> /Users/arndtgold/Library/Caches/ms-playwright/chromium_headless_shell-1243/chrome-headless-shell-mac-x64/chrome-headless-shell --disable-field-trial-config --disable-background-networking --disable-background-timer-throttling --disable-backgrounding-occluded-windows --disable-back-forward-cache --disable-breakpad --disable-client-side-phishing-detection --disable-component-extensions-with-background-pages --disable-component-update --no-default-browser-check --disable-default-apps --disable-dev-shm-usage --disable-edgeupdater --disable-extensions --disable-features=AvoidUnnecessaryBeforeUnloadCheckSync,DestroyProfileOnBrowserClose,DialMediaRouteProvider,GlobalMediaControls,HttpsUpgrades,LensOverlay,MediaRouter,PaintHolding,ThirdPartyStoragePartitioning,BlockOriginHeaderModificationOnRedirect,Translate,AutoDeElevate,OptimizationHints,msForceBrowserSignIn,msEdgeUpdateLaunchServicesPreferredVersion --enable-features=CDPScreenshotNewSurface --allow-pre-commit-input --disable-hang-monitor --disable-ipc-flooding-protection --disable-popup-blocking --disable-prompt-on-repost --disable-renderer-backgrounding --disable-updater-scheduler --force-color-profile=srgb --metrics-recording-only --no-first-run --password-store=basic --use-mock-keychain --no-service-autorun --export-tagged-pdf --disable-search-engine-choice-screen --unsafely-disable-devtools-self-xss-warnings --edge-skip-compat-layer-relaunch --disable-infobars --disable-search-engine-choice-screen --disable-sync --enable-unsafe-swiftshader --headless --hide-scrollbars --mute-audio --blink-settings=primaryHoverType=2,availableHoverTypes=2,primaryPointerType=4,availablePointerTypes=4 --no-sandbox --user-data-dir=/var/folders/wn/pdbjwtvd3fx0t38nwcqrrpnc0000gp/T/playwright_chromiumdev_profile-vVJyTH --remote-debugging-pipe --no-startup-window
    <launched> pid=29867
    [pid=29867][err] [1006/195014.312751:ERROR:base/power_monitor/thermal_state_observer_mac.mm:140] ThermalStateObserverMac unable to register to power notifications. Result: 9
    [pid=29867][err] [1006/195014.315702:ERROR:net/dns/dns_config_service_posix.cc:138] DNS config watch failed to start.
    [pid=29867][err] [1006/195014.316790:WARNING:net/dns/dns_config_service_posix.cc:197] Failed to read DnsConfig.
    [pid=29867][err] [1006/195014.316870:FATAL:base/apple/mach_port_rendezvous_mac.cc:159] Check failed: kr == KERN_SUCCESS. bootstrap_check_in org.chromium.Chromium.MachPortRendezvousServer.29867: Permission denied (1100)
    [pid=29867] <process did exit: exitCode=null, signal=SIGTRAP>
    [pid=29867] starting temporary directories cleanup
    Call log:
      - <launching> /Users/arndtgold/Library/Caches/ms-playwright/chromium_headless_shell-1243/chrome-headless-shell-mac-x64/chrome-headless-shell --disable-field-trial-config --disable-background-networking --disable-background-timer-throttling --disable-backgrounding-occluded-windows --disable-back-forward-cache --disable-breakpad --disable-client-side-phishing-detection --disable-component-extensions-with-background-pages --disable-component-update --no-default-browser-check --disable-default-apps --disable-dev-shm-usage --disable-edgeupdater --disable-extensions --disable-features=AvoidUnnecessaryBeforeUnloadCheckSync,DestroyProfileOnBrowserClose,DialMediaRouteProvider,GlobalMediaControls,HttpsUpgrades,LensOverlay,MediaRouter,PaintHolding,ThirdPartyStoragePartitioning,BlockOriginHeaderModificationOnRedirect,Translate,AutoDeElevate,OptimizationHints,msForceBrowserSignIn,msEdgeUpdateLaunchServicesPreferredVersion --enable-features=CDPScreenshotNewSurface --allow-pre-commit-input --disable-hang-monitor --disable-ipc-flooding-protection --disable-popup-blocking --disable-prompt-on-repost --disable-renderer-backgrounding --disable-updater-scheduler --force-color-profile=srgb --metrics-recording-only --no-first-run --password-store=basic --use-mock-keychain --no-service-autorun --export-tagged-pdf --disable-search-engine-choice-screen --unsafely-disable-devtools-self-xss-warnings --edge-skip-compat-layer-relaunch --disable-infobars --disable-search-engine-choice-screen --disable-sync --enable-unsafe-swiftshader --headless --hide-scrollbars --mute-audio --blink-settings=primaryHoverType=2,availableHoverTypes=2,primaryPointerType=4,availablePointerTypes=4 --no-sandbox --user-data-dir=/var/folders/wn/pdbjwtvd3fx0t38nwcqrrpnc0000gp/T/playwright_chromiumdev_profile-vVJyTH --remote-debugging-pipe --no-startup-window
      - <launched> pid=29867
      - [pid=29867][err] [1006/195014.312751:ERROR:base/power_monitor/thermal_state_observer_mac.mm:140] ThermalStateObserverMac unable to register to power notifications. Result: 9
      - [pid=29867][err] [1006/195014.315702:ERROR:net/dns/dns_config_service_posix.cc:138] DNS config watch failed to start.
      - [pid=29867][err] [1006/195014.316790:WARNING:net/dns/dns_config_service_posix.cc:197] Failed to read DnsConfig.
      - [pid=29867][err] [1006/195014.316870:FATAL:base/apple/mach_port_rendezvous_mac.cc:159] Check failed: kr == KERN_SUCCESS. bootstrap_check_in org.chromium.Chromium.MachPortRendezvousServer.29867: Permission denied (1100)
      - [pid=29867] <process did exit: exitCode=null, signal=SIGTRAP>
      - [pid=29867] starting temporary directories cleanup
      - [pid=29867] <gracefully close start>
      - [pid=29867] <kill>
      - [pid=29867] <skipped force kill spawnedProcess.killed=false processClosed=true>
      - [pid=29867] finished temporary directories cleanup
      - [pid=29867] <gracefully close end>


    Error Context: test-results/journeys-SCN-009-014-018-0-c3039-retry-and-removed-selection/error-context.md

  6) test/browser/journeys.spec.mjs:174:1 › sticky card and document headers, sliding view selector and narrow summary retain source identity 

    Error: browserType.launch: Target page, context or browser has been closed
    Browser logs:

    <launching> /Users/arndtgold/Library/Caches/ms-playwright/chromium_headless_shell-1243/chrome-headless-shell-mac-x64/chrome-headless-shell --disable-field-trial-config --disable-background-networking --disable-background-timer-throttling --disable-backgrounding-occluded-windows --disable-back-forward-cache --disable-breakpad --disable-client-side-phishing-detection --disable-component-extensions-with-background-pages --disable-component-update --no-default-browser-check --disable-default-apps --disable-dev-shm-usage --disable-edgeupdater --disable-extensions --disable-features=AvoidUnnecessaryBeforeUnloadCheckSync,DestroyProfileOnBrowserClose,DialMediaRouteProvider,GlobalMediaControls,HttpsUpgrades,LensOverlay,MediaRouter,PaintHolding,ThirdPartyStoragePartitioning,BlockOriginHeaderModificationOnRedirect,Translate,AutoDeElevate,OptimizationHints,msForceBrowserSignIn,msEdgeUpdateLaunchServicesPreferredVersion --enable-features=CDPScreenshotNewSurface --allow-pre-commit-input --disable-hang-monitor --disable-ipc-flooding-protection --disable-popup-blocking --disable-prompt-on-repost --disable-renderer-backgrounding --disable-updater-scheduler --force-color-profile=srgb --metrics-recording-only --no-first-run --password-store=basic --use-mock-keychain --no-service-autorun --export-tagged-pdf --disable-search-engine-choice-screen --unsafely-disable-devtools-self-xss-warnings --edge-skip-compat-layer-relaunch --disable-infobars --disable-search-engine-choice-screen --disable-sync --enable-unsafe-swiftshader --headless --hide-scrollbars --mute-audio --blink-settings=primaryHoverType=2,availableHoverTypes=2,primaryPointerType=4,availablePointerTypes=4 --no-sandbox --user-data-dir=/var/folders/wn/pdbjwtvd3fx0t38nwcqrrpnc0000gp/T/playwright_chromiumdev_profile-Er0uyM --remote-debugging-pipe --no-startup-window
    <launched> pid=29869
    [pid=29869][err] [1006/195015.959316:ERROR:base/power_monitor/thermal_state_observer_mac.mm:140] ThermalStateObserverMac unable to register to power notifications. Result: 9
    [pid=29869][err] [1006/195015.962339:ERROR:net/dns/dns_config_service_posix.cc:138] DNS config watch failed to start.
    [pid=29869][err] [1006/195015.963539:WARNING:net/dns/dns_config_service_posix.cc:197] Failed to read DnsConfig.
    [pid=29869][err] [1006/195015.963731:FATAL:base/apple/mach_port_rendezvous_mac.cc:159] Check failed: kr == KERN_SUCCESS. bootstrap_check_in org.chromium.Chromium.MachPortRendezvousServer.29869: Permission denied (1100)
    Call log:
      - <launching> /Users/arndtgold/Library/Caches/ms-playwright/chromium_headless_shell-1243/chrome-headless-shell-mac-x64/chrome-headless-shell --disable-field-trial-config --disable-background-networking --disable-background-timer-throttling --disable-backgrounding-occluded-windows --disable-back-forward-cache --disable-breakpad --disable-client-side-phishing-detection --disable-component-extensions-with-background-pages --disable-component-update --no-default-browser-check --disable-default-apps --disable-dev-shm-usage --disable-edgeupdater --disable-extensions --disable-features=AvoidUnnecessaryBeforeUnloadCheckSync,DestroyProfileOnBrowserClose,DialMediaRouteProvider,GlobalMediaControls,HttpsUpgrades,LensOverlay,MediaRouter,PaintHolding,ThirdPartyStoragePartitioning,BlockOriginHeaderModificationOnRedirect,Translate,AutoDeElevate,OptimizationHints,msForceBrowserSignIn,msEdgeUpdateLaunchServicesPreferredVersion --enable-features=CDPScreenshotNewSurface --allow-pre-commit-input --disable-hang-monitor --disable-ipc-flooding-protection --disable-popup-blocking --disable-prompt-on-repost --disable-renderer-backgrounding --disable-updater-scheduler --force-color-profile=srgb --metrics-recording-only --no-first-run --password-store=basic --use-mock-keychain --no-service-autorun --export-tagged-pdf --disable-search-engine-choice-screen --unsafely-disable-devtools-self-xss-warnings --edge-skip-compat-layer-relaunch --disable-infobars --disable-search-engine-choice-screen --disable-sync --enable-unsafe-swiftshader --headless --hide-scrollbars --mute-audio --blink-settings=primaryHoverType=2,availableHoverTypes=2,primaryPointerType=4,availablePointerTypes=4 --no-sandbox --user-data-dir=/var/folders/wn/pdbjwtvd3fx0t38nwcqrrpnc0000gp/T/playwright_chromiumdev_profile-Er0uyM --remote-debugging-pipe --no-startup-window
      - <launched> pid=29869
      - [pid=29869][err] [1006/195015.959316:ERROR:base/power_monitor/thermal_state_observer_mac.mm:140] ThermalStateObserverMac unable to register to power notifications. Result: 9
      - [pid=29869][err] [1006/195015.962339:ERROR:net/dns/dns_config_service_posix.cc:138] DNS config watch failed to start.
      - [pid=29869][err] [1006/195015.963539:WARNING:net/dns/dns_config_service_posix.cc:197] Failed to read DnsConfig.
      - [pid=29869][err] [1006/195015.963731:FATAL:base/apple/mach_port_rendezvous_mac.cc:159] Check failed: kr == KERN_SUCCESS. bootstrap_check_in org.chromium.Chromium.MachPortRendezvousServer.29869: Permission denied (1100)
      - [pid=29869] <gracefully close start>
      - [pid=29869] <kill>
      - [pid=29869] <will force kill>
      - [pid=29869] exception while trying to kill process: Error: kill EPERM
      - [pid=29869] <process did exit: exitCode=null, signal=SIGTRAP>
      - [pid=29869] starting temporary directories cleanup
      - [pid=29869] finished temporary directories cleanup
      - [pid=29869] <gracefully close end>


    Error Context: test-results/journeys-sticky-card-and-d-da777-mary-retain-source-identity/error-context.md

  7) test/browser/journeys.spec.mjs:224:1 › summary leads with the work step and stale reads never claim a missing Run or current control 

    Error: browserType.launch: Target page, context or browser has been closed
    Browser logs:

    <launching> /Users/arndtgold/Library/Caches/ms-playwright/chromium_headless_shell-1243/chrome-headless-shell-mac-x64/chrome-headless-shell --disable-field-trial-config --disable-background-networking --disable-background-timer-throttling --disable-backgrounding-occluded-windows --disable-back-forward-cache --disable-breakpad --disable-client-side-phishing-detection --disable-component-extensions-with-background-pages --disable-component-update --no-default-browser-check --disable-default-apps --disable-dev-shm-usage --disable-edgeupdater --disable-extensions --disable-features=AvoidUnnecessaryBeforeUnloadCheckSync,DestroyProfileOnBrowserClose,DialMediaRouteProvider,GlobalMediaControls,HttpsUpgrades,LensOverlay,MediaRouter,PaintHolding,ThirdPartyStoragePartitioning,BlockOriginHeaderModificationOnRedirect,Translate,AutoDeElevate,OptimizationHints,msForceBrowserSignIn,msEdgeUpdateLaunchServicesPreferredVersion --enable-features=CDPScreenshotNewSurface --allow-pre-commit-input --disable-hang-monitor --disable-ipc-flooding-protection --disable-popup-blocking --disable-prompt-on-repost --disable-renderer-backgrounding --disable-updater-scheduler --force-color-profile=srgb --metrics-recording-only --no-first-run --password-store=basic --use-mock-keychain --no-service-autorun --export-tagged-pdf --disable-search-engine-choice-screen --unsafely-disable-devtools-self-xss-warnings --edge-skip-compat-layer-relaunch --disable-infobars --disable-search-engine-choice-screen --disable-sync --enable-unsafe-swiftshader --headless --hide-scrollbars --mute-audio --blink-settings=primaryHoverType=2,availableHoverTypes=2,primaryPointerType=4,availablePointerTypes=4 --no-sandbox --user-data-dir=/var/folders/wn/pdbjwtvd3fx0t38nwcqrrpnc0000gp/T/playwright_chromiumdev_profile-o6p9dX --remote-debugging-pipe --no-startup-window
    <launched> pid=29871
    [pid=29871][err] [1006/195017.694131:ERROR:base/power_monitor/thermal_state_observer_mac.mm:140] ThermalStateObserverMac unable to register to power notifications. Result: 9
    [pid=29871][err] [1006/195017.699175:ERROR:net/dns/dns_config_service_posix.cc:138] DNS config watch failed to start.
    [pid=29871][err] [1006/195017.700345:WARNING:net/dns/dns_config_service_posix.cc:197] Failed to read DnsConfig.
    [pid=29871][err] [1006/195017.700426:FATAL:base/apple/mach_port_rendezvous_mac.cc:159] Check failed: kr == KERN_SUCCESS. bootstrap_check_in org.chromium.Chromium.MachPortRendezvousServer.29871: Permission denied (1100)
    [pid=29871] <process did exit: exitCode=null, signal=SIGTRAP>
    [pid=29871] starting temporary directories cleanup
    Call log:
      - <launching> /Users/arndtgold/Library/Caches/ms-playwright/chromium_headless_shell-1243/chrome-headless-shell-mac-x64/chrome-headless-shell --disable-field-trial-config --disable-background-networking --disable-background-timer-throttling --disable-backgrounding-occluded-windows --disable-back-forward-cache --disable-breakpad --disable-client-side-phishing-detection --disable-component-extensions-with-background-pages --disable-component-update --no-default-browser-check --disable-default-apps --disable-dev-shm-usage --disable-edgeupdater --disable-extensions --disable-features=AvoidUnnecessaryBeforeUnloadCheckSync,DestroyProfileOnBrowserClose,DialMediaRouteProvider,GlobalMediaControls,HttpsUpgrades,LensOverlay,MediaRouter,PaintHolding,ThirdPartyStoragePartitioning,BlockOriginHeaderModificationOnRedirect,Translate,AutoDeElevate,OptimizationHints,msForceBrowserSignIn,msEdgeUpdateLaunchServicesPreferredVersion --enable-features=CDPScreenshotNewSurface --allow-pre-commit-input --disable-hang-monitor --disable-ipc-flooding-protection --disable-popup-blocking --disable-prompt-on-repost --disable-renderer-backgrounding --disable-updater-scheduler --force-color-profile=srgb --metrics-recording-only --no-first-run --password-store=basic --use-mock-keychain --no-service-autorun --export-tagged-pdf --disable-search-engine-choice-screen --unsafely-disable-devtools-self-xss-warnings --edge-skip-compat-layer-relaunch --disable-infobars --disable-search-engine-choice-screen --disable-sync --enable-unsafe-swiftshader --headless --hide-scrollbars --mute-audio --blink-settings=primaryHoverType=2,availableHoverTypes=2,primaryPointerType=4,availablePointerTypes=4 --no-sandbox --user-data-dir=/var/folders/wn/pdbjwtvd3fx0t38nwcqrrpnc0000gp/T/playwright_chromiumdev_profile-o6p9dX --remote-debugging-pipe --no-startup-window
      - <launched> pid=29871
      - [pid=29871][err] [1006/195017.694131:ERROR:base/power_monitor/thermal_state_observer_mac.mm:140] ThermalStateObserverMac unable to register to power notifications. Result: 9
      - [pid=29871][err] [1006/195017.699175:ERROR:net/dns/dns_config_service_posix.cc:138] DNS config watch failed to start.
      - [pid=29871][err] [1006/195017.700345:WARNING:net/dns/dns_config_service_posix.cc:197] Failed to read DnsConfig.
      - [pid=29871][err] [1006/195017.700426:FATAL:base/apple/mach_port_rendezvous_mac.cc:159] Check failed: kr == KERN_SUCCESS. bootstrap_check_in org.chromium.Chromium.MachPortRendezvousServer.29871: Permission denied (1100)
      - [pid=29871] <process did exit: exitCode=null, signal=SIGTRAP>
      - [pid=29871] starting temporary directories cleanup
      - [pid=29871] <gracefully close start>
      - [pid=29871] <kill>
      - [pid=29871] <skipped force kill spawnedProcess.killed=false processClosed=true>
      - [pid=29871] finished temporary directories cleanup
      - [pid=29871] <gracefully close end>


    Error Context: test-results/journeys-summary-leads-wit-adc11-sing-Run-or-current-control/error-context.md

  8) test/browser/journeys.spec.mjs:257:1 › Pages surface recipes survive neutral host colors in light and dark across all views 

    Error: browserType.launch: Target page, context or browser has been closed
    Browser logs:

    <launching> /Users/arndtgold/Library/Caches/ms-playwright/chromium_headless_shell-1243/chrome-headless-shell-mac-x64/chrome-headless-shell --disable-field-trial-config --disable-background-networking --disable-background-timer-throttling --disable-backgrounding-occluded-windows --disable-back-forward-cache --disable-breakpad --disable-client-side-phishing-detection --disable-component-extensions-with-background-pages --disable-component-update --no-default-browser-check --disable-default-apps --disable-dev-shm-usage --disable-edgeupdater --disable-extensions --disable-features=AvoidUnnecessaryBeforeUnloadCheckSync,DestroyProfileOnBrowserClose,DialMediaRouteProvider,GlobalMediaControls,HttpsUpgrades,LensOverlay,MediaRouter,PaintHolding,ThirdPartyStoragePartitioning,BlockOriginHeaderModificationOnRedirect,Translate,AutoDeElevate,OptimizationHints,msForceBrowserSignIn,msEdgeUpdateLaunchServicesPreferredVersion --enable-features=CDPScreenshotNewSurface --allow-pre-commit-input --disable-hang-monitor --disable-ipc-flooding-protection --disable-popup-blocking --disable-prompt-on-repost --disable-renderer-backgrounding --disable-updater-scheduler --force-color-profile=srgb --metrics-recording-only --no-first-run --password-store=basic --use-mock-keychain --no-service-autorun --export-tagged-pdf --disable-search-engine-choice-screen --unsafely-disable-devtools-self-xss-warnings --edge-skip-compat-layer-relaunch --disable-infobars --disable-search-engine-choice-screen --disable-sync --enable-unsafe-swiftshader --headless --hide-scrollbars --mute-audio --blink-settings=primaryHoverType=2,availableHoverTypes=2,primaryPointerType=4,availablePointerTypes=4 --no-sandbox --user-data-dir=/var/folders/wn/pdbjwtvd3fx0t38nwcqrrpnc0000gp/T/playwright_chromiumdev_profile-YVhP4B --remote-debugging-pipe --no-startup-window
    <launched> pid=29873
    [pid=29873][err] [1006/195020.175256:ERROR:base/power_monitor/thermal_state_observer_mac.mm:140] ThermalStateObserverMac unable to register to power notifications. Result: 9
    [pid=29873][err] [1006/195020.178385:ERROR:net/dns/dns_config_service_posix.cc:138] DNS config watch failed to start.
    [pid=29873][err] [1006/195020.179405:WARNING:net/dns/dns_config_service_posix.cc:197] Failed to read DnsConfig.
    [pid=29873][err] [1006/195020.180462:FATAL:base/apple/mach_port_rendezvous_mac.cc:159] Check failed: kr == KERN_SUCCESS. bootstrap_check_in org.chromium.Chromium.MachPortRendezvousServer.29873: Permission denied (1100)
    [pid=29873] <process did exit: exitCode=null, signal=SIGTRAP>
    [pid=29873] starting temporary directories cleanup
    Call log:
      - <launching> /Users/arndtgold/Library/Caches/ms-playwright/chromium_headless_shell-1243/chrome-headless-shell-mac-x64/chrome-headless-shell --disable-field-trial-config --disable-background-networking --disable-background-timer-throttling --disable-backgrounding-occluded-windows --disable-back-forward-cache --disable-breakpad --disable-client-side-phishing-detection --disable-component-extensions-with-background-pages --disable-component-update --no-default-browser-check --disable-default-apps --disable-dev-shm-usage --disable-edgeupdater --disable-extensions --disable-features=AvoidUnnecessaryBeforeUnloadCheckSync,DestroyProfileOnBrowserClose,DialMediaRouteProvider,GlobalMediaControls,HttpsUpgrades,LensOverlay,MediaRouter,PaintHolding,ThirdPartyStoragePartitioning,BlockOriginHeaderModificationOnRedirect,Translate,AutoDeElevate,OptimizationHints,msForceBrowserSignIn,msEdgeUpdateLaunchServicesPreferredVersion --enable-features=CDPScreenshotNewSurface --allow-pre-commit-input --disable-hang-monitor --disable-ipc-flooding-protection --disable-popup-blocking --disable-prompt-on-repost --disable-renderer-backgrounding --disable-updater-scheduler --force-color-profile=srgb --metrics-recording-only --no-first-run --password-store=basic --use-mock-keychain --no-service-autorun --export-tagged-pdf --disable-search-engine-choice-screen --unsafely-disable-devtools-self-xss-warnings --edge-skip-compat-layer-relaunch --disable-infobars --disable-search-engine-choice-screen --disable-sync --enable-unsafe-swiftshader --headless --hide-scrollbars --mute-audio --blink-settings=primaryHoverType=2,availableHoverTypes=2,primaryPointerType=4,availablePointerTypes=4 --no-sandbox --user-data-dir=/var/folders/wn/pdbjwtvd3fx0t38nwcqrrpnc0000gp/T/playwright_chromiumdev_profile-YVhP4B --remote-debugging-pipe --no-startup-window
      - <launched> pid=29873
      - [pid=29873][err] [1006/195020.175256:ERROR:base/power_monitor/thermal_state_observer_mac.mm:140] ThermalStateObserverMac unable to register to power notifications. Result: 9
      - [pid=29873][err] [1006/195020.178385:ERROR:net/dns/dns_config_service_posix.cc:138] DNS config watch failed to start.
      - [pid=29873][err] [1006/195020.179405:WARNING:net/dns/dns_config_service_posix.cc:197] Failed to read DnsConfig.
      - [pid=29873][err] [1006/195020.180462:FATAL:base/apple/mach_port_rendezvous_mac.cc:159] Check failed: kr == KERN_SUCCESS. bootstrap_check_in org.chromium.Chromium.MachPortRendezvousServer.29873: Permission denied (1100)
      - [pid=29873] <process did exit: exitCode=null, signal=SIGTRAP>
      - [pid=29873] starting temporary directories cleanup
      - [pid=29873] <gracefully close start>
      - [pid=29873] <kill>
      - [pid=29873] <skipped force kill spawnedProcess.killed=false processClosed=true>
      - [pid=29873] finished temporary directories cleanup
      - [pid=29873] <gracefully close end>


    Error Context: test-results/journeys-Pages-surface-rec-a53b9-t-and-dark-across-all-views/error-context.md

  9) test/browser/journeys.spec.mjs:317:1 › built Pages action and type hierarchy matches Cockpit in both themes 

    Error: browserType.launch: Target page, context or browser has been closed
    Browser logs:

    <launching> /Users/arndtgold/Library/Caches/ms-playwright/chromium_headless_shell-1243/chrome-headless-shell-mac-x64/chrome-headless-shell --disable-field-trial-config --disable-background-networking --disable-background-timer-throttling --disable-backgrounding-occluded-windows --disable-back-forward-cache --disable-breakpad --disable-client-side-phishing-detection --disable-component-extensions-with-background-pages --disable-component-update --no-default-browser-check --disable-default-apps --disable-dev-shm-usage --disable-edgeupdater --disable-extensions --disable-features=AvoidUnnecessaryBeforeUnloadCheckSync,DestroyProfileOnBrowserClose,DialMediaRouteProvider,GlobalMediaControls,HttpsUpgrades,LensOverlay,MediaRouter,PaintHolding,ThirdPartyStoragePartitioning,BlockOriginHeaderModificationOnRedirect,Translate,AutoDeElevate,OptimizationHints,msForceBrowserSignIn,msEdgeUpdateLaunchServicesPreferredVersion --enable-features=CDPScreenshotNewSurface --allow-pre-commit-input --disable-hang-monitor --disable-ipc-flooding-protection --disable-popup-blocking --disable-prompt-on-repost --disable-renderer-backgrounding --disable-updater-scheduler --force-color-profile=srgb --metrics-recording-only --no-first-run --password-store=basic --use-mock-keychain --no-service-autorun --export-tagged-pdf --disable-search-engine-choice-screen --unsafely-disable-devtools-self-xss-warnings --edge-skip-compat-layer-relaunch --disable-infobars --disable-search-engine-choice-screen --disable-sync --enable-unsafe-swiftshader --headless --hide-scrollbars --mute-audio --blink-settings=primaryHoverType=2,availableHoverTypes=2,primaryPointerType=4,availablePointerTypes=4 --no-sandbox --user-data-dir=/var/folders/wn/pdbjwtvd3fx0t38nwcqrrpnc0000gp/T/playwright_chromiumdev_profile-vyKteC --remote-debugging-pipe --no-startup-window
    <launched> pid=29876
    [pid=29876][err] [1006/195021.940155:ERROR:base/power_monitor/thermal_state_observer_mac.mm:140] ThermalStateObserverMac unable to register to power notifications. Result: 9
    [pid=29876][err] [1006/195021.943620:ERROR:net/dns/dns_config_service_posix.cc:138] DNS config watch failed to start.
    [pid=29876][err] [1006/195021.944501:WARNING:net/dns/dns_config_service_posix.cc:197] Failed to read DnsConfig.
    [pid=29876][err] [1006/195021.946117:FATAL:base/apple/mach_port_rendezvous_mac.cc:159] Check failed: kr == KERN_SUCCESS. bootstrap_check_in org.chromium.Chromium.MachPortRendezvousServer.29876: Permission denied (1100)
    Call log:
      - <launching> /Users/arndtgold/Library/Caches/ms-playwright/chromium_headless_shell-1243/chrome-headless-shell-mac-x64/chrome-headless-shell --disable-field-trial-config --disable-background-networking --disable-background-timer-throttling --disable-backgrounding-occluded-windows --disable-back-forward-cache --disable-breakpad --disable-client-side-phishing-detection --disable-component-extensions-with-background-pages --disable-component-update --no-default-browser-check --disable-default-apps --disable-dev-shm-usage --disable-edgeupdater --disable-extensions --disable-features=AvoidUnnecessaryBeforeUnloadCheckSync,DestroyProfileOnBrowserClose,DialMediaRouteProvider,GlobalMediaControls,HttpsUpgrades,LensOverlay,MediaRouter,PaintHolding,ThirdPartyStoragePartitioning,BlockOriginHeaderModificationOnRedirect,Translate,AutoDeElevate,OptimizationHints,msForceBrowserSignIn,msEdgeUpdateLaunchServicesPreferredVersion --enable-features=CDPScreenshotNewSurface --allow-pre-commit-input --disable-hang-monitor --disable-ipc-flooding-protection --disable-popup-blocking --disable-prompt-on-repost --disable-renderer-backgrounding --disable-updater-scheduler --force-color-profile=srgb --metrics-recording-only --no-first-run --password-store=basic --use-mock-keychain --no-service-autorun --export-tagged-pdf --disable-search-engine-choice-screen --unsafely-disable-devtools-self-xss-warnings --edge-skip-compat-layer-relaunch --disable-infobars --disable-search-engine-choice-screen --disable-sync --enable-unsafe-swiftshader --headless --hide-scrollbars --mute-audio --blink-settings=primaryHoverType=2,availableHoverTypes=2,primaryPointerType=4,availablePointerTypes=4 --no-sandbox --user-data-dir=/var/folders/wn/pdbjwtvd3fx0t38nwcqrrpnc0000gp/T/playwright_chromiumdev_profile-vyKteC --remote-debugging-pipe --no-startup-window
      - <launched> pid=29876
      - [pid=29876][err] [1006/195021.940155:ERROR:base/power_monitor/thermal_state_observer_mac.mm:140] ThermalStateObserverMac unable to register to power notifications. Result: 9
      - [pid=29876][err] [1006/195021.943620:ERROR:net/dns/dns_config_service_posix.cc:138] DNS config watch failed to start.
      - [pid=29876][err] [1006/195021.944501:WARNING:net/dns/dns_config_service_posix.cc:197] Failed to read DnsConfig.
      - [pid=29876][err] [1006/195021.946117:FATAL:base/apple/mach_port_rendezvous_mac.cc:159] Check failed: kr == KERN_SUCCESS. bootstrap_check_in org.chromium.Chromium.MachPortRendezvousServer.29876: Permission denied (1100)
      - [pid=29876] <gracefully close start>
      - [pid=29876] <kill>
      - [pid=29876] <will force kill>
      - [pid=29876] exception while trying to kill process: Error: kill EPERM
      - [pid=29876] <process did exit: exitCode=null, signal=SIGTRAP>
      - [pid=29876] starting temporary directories cleanup
      - [pid=29876] finished temporary directories cleanup
      - [pid=29876] <gracefully close end>


    Error Context: test-results/journeys-built-Pages-actio-34689-ches-Cockpit-in-both-themes/error-context.md

  10) test/browser/journeys.spec.mjs:383:1 › work action leads, qualifications stay honest and evidence access survives responsive keyboard navigation 

    Error: browserType.launch: Target page, context or browser has been closed
    Browser logs:

    <launching> /Users/arndtgold/Library/Caches/ms-playwright/chromium_headless_shell-1243/chrome-headless-shell-mac-x64/chrome-headless-shell --disable-field-trial-config --disable-background-networking --disable-background-timer-throttling --disable-backgrounding-occluded-windows --disable-back-forward-cache --disable-breakpad --disable-client-side-phishing-detection --disable-component-extensions-with-background-pages --disable-component-update --no-default-browser-check --disable-default-apps --disable-dev-shm-usage --disable-edgeupdater --disable-extensions --disable-features=AvoidUnnecessaryBeforeUnloadCheckSync,DestroyProfileOnBrowserClose,DialMediaRouteProvider,GlobalMediaControls,HttpsUpgrades,LensOverlay,MediaRouter,PaintHolding,ThirdPartyStoragePartitioning,BlockOriginHeaderModificationOnRedirect,Translate,AutoDeElevate,OptimizationHints,msForceBrowserSignIn,msEdgeUpdateLaunchServicesPreferredVersion --enable-features=CDPScreenshotNewSurface --allow-pre-commit-input --disable-hang-monitor --disable-ipc-flooding-protection --disable-popup-blocking --disable-prompt-on-repost --disable-renderer-backgrounding --disable-updater-scheduler --force-color-profile=srgb --metrics-recording-only --no-first-run --password-store=basic --use-mock-keychain --no-service-autorun --export-tagged-pdf --disable-search-engine-choice-screen --unsafely-disable-devtools-self-xss-warnings --edge-skip-compat-layer-relaunch --disable-infobars --disable-search-engine-choice-screen --disable-sync --enable-unsafe-swiftshader --headless --hide-scrollbars --mute-audio --blink-settings=primaryHoverType=2,availableHoverTypes=2,primaryPointerType=4,availablePointerTypes=4 --no-sandbox --user-data-dir=/var/folders/wn/pdbjwtvd3fx0t38nwcqrrpnc0000gp/T/playwright_chromiumdev_profile-wIPoSJ --remote-debugging-pipe --no-startup-window
    <launched> pid=29880
    [pid=29880][err] [1006/195023.648495:ERROR:base/power_monitor/thermal_state_observer_mac.mm:140] ThermalStateObserverMac unable to register to power notifications. Result: 9
    [pid=29880][err] [1006/195023.657025:ERROR:net/dns/dns_config_service_posix.cc:138] DNS config watch failed to start.
    [pid=29880][err] [1006/195023.657749:WARNING:net/dns/dns_config_service_posix.cc:197] Failed to read DnsConfig.
    [pid=29880][err] [1006/195023.658432:FATAL:base/apple/mach_port_rendezvous_mac.cc:159] Check failed: kr == KERN_SUCCESS. bootstrap_check_in org.chromium.Chromium.MachPortRendezvousServer.29880: Permission denied (1100)
    Call log:
      - <launching> /Users/arndtgold/Library/Caches/ms-playwright/chromium_headless_shell-1243/chrome-headless-shell-mac-x64/chrome-headless-shell --disable-field-trial-config --disable-background-networking --disable-background-timer-throttling --disable-backgrounding-occluded-windows --disable-back-forward-cache --disable-breakpad --disable-client-side-phishing-detection --disable-component-extensions-with-background-pages --disable-component-update --no-default-browser-check --disable-default-apps --disable-dev-shm-usage --disable-edgeupdater --disable-extensions --disable-features=AvoidUnnecessaryBeforeUnloadCheckSync,DestroyProfileOnBrowserClose,DialMediaRouteProvider,GlobalMediaControls,HttpsUpgrades,LensOverlay,MediaRouter,PaintHolding,ThirdPartyStoragePartitioning,BlockOriginHeaderModificationOnRedirect,Translate,AutoDeElevate,OptimizationHints,msForceBrowserSignIn,msEdgeUpdateLaunchServicesPreferredVersion --enable-features=CDPScreenshotNewSurface --allow-pre-commit-input --disable-hang-monitor --disable-ipc-flooding-protection --disable-popup-blocking --disable-prompt-on-repost --disable-renderer-backgrounding --disable-updater-scheduler --force-color-profile=srgb --metrics-recording-only --no-first-run --password-store=basic --use-mock-keychain --no-service-autorun --export-tagged-pdf --disable-search-engine-choice-screen --unsafely-disable-devtools-self-xss-warnings --edge-skip-compat-layer-relaunch --disable-infobars --disable-search-engine-choice-screen --disable-sync --enable-unsafe-swiftshader --headless --hide-scrollbars --mute-audio --blink-settings=primaryHoverType=2,availableHoverTypes=2,primaryPointerType=4,availablePointerTypes=4 --no-sandbox --user-data-dir=/var/folders/wn/pdbjwtvd3fx0t38nwcqrrpnc0000gp/T/playwright_chromiumdev_profile-wIPoSJ --remote-debugging-pipe --no-startup-window
      - <launched> pid=29880
      - [pid=29880][err] [1006/195023.648495:ERROR:base/power_monitor/thermal_state_observer_mac.mm:140] ThermalStateObserverMac unable to register to power notifications. Result: 9
      - [pid=29880][err] [1006/195023.657025:ERROR:net/dns/dns_config_service_posix.cc:138] DNS config watch failed to start.
      - [pid=29880][err] [1006/195023.657749:WARNING:net/dns/dns_config_service_posix.cc:197] Failed to read DnsConfig.
      - [pid=29880][err] [1006/195023.658432:FATAL:base/apple/mach_port_rendezvous_mac.cc:159] Check failed: kr == KERN_SUCCESS. bootstrap_check_in org.chromium.Chromium.MachPortRendezvousServer.29880: Permission denied (1100)
      - [pid=29880] <gracefully close start>
      - [pid=29880] <kill>
      - [pid=29880] <will force kill>
      - [pid=29880] exception while trying to kill process: Error: kill EPERM
      - [pid=29880] <process did exit: exitCode=null, signal=SIGTRAP>
      - [pid=29880] starting temporary directories cleanup
      - [pid=29880] finished temporary directories cleanup
      - [pid=29880] <gracefully close end>


    Error Context: test-results/journeys-work-action-leads-58151-ponsive-keyboard-navigation/error-context.md

  10 failed
    test/browser/journeys.spec.mjs:21:1 › SCN-044: Pages fonts survive host body overrides across card, list, Run and document 
    test/browser/journeys.spec.mjs:77:1 › SCN-002/005/007/008/010: explicit graph inspection stays passive and readable at container boundaries 
    test/browser/journeys.spec.mjs:104:1 › SCN-003/007/028/031: real repository, pointer + keyboard, focus, source fidelity and unchanged bytes 
    test/browser/journeys.spec.mjs:138:1 › SCN-005/010/012/028: visible invalid run, persisted discrepancy, missing and unsupported documents 
    test/browser/journeys.spec.mjs:158:1 › SCN-009/014/018/024: hostile document, stale reload, retry and removed selection 
    test/browser/journeys.spec.mjs:174:1 › sticky card and document headers, sliding view selector and narrow summary retain source identity 
    test/browser/journeys.spec.mjs:224:1 › summary leads with the work step and stale reads never claim a missing Run or current control 
    test/browser/journeys.spec.mjs:257:1 › Pages surface recipes survive neutral host colors in light and dark across all views 
    test/browser/journeys.spec.mjs:317:1 › built Pages action and type hierarchy matches Cockpit in both themes 
    test/browser/journeys.spec.mjs:383:1 › work action leads, qualifications stay honest and evidence access survives responsive keyboard navigation 
