TAP version 13
# Subtest: SCN-007/008: exact references preserve passive node bytes, fences and section boundaries without recursive expansion
ok 1 - SCN-007/008: exact references preserve passive node bytes, fences and section boundaries without recursive expansion
  ---
  duration_ms: 1777.511514
  type: 'test'
  ...
# Subtest: SCN-009/010/011: 64 refs, 16 selected, deliberate unavailable exclusion and scoped inspected-source packets
ok 2 - SCN-009/010/011: 64 refs, 16 selected, deliberate unavailable exclusion and scoped inspected-source packets
  ---
  duration_ms: 1153.800008
  type: 'test'
  ...
# Subtest: SCN-012: inclusive 64 KiB counts multibyte source plus all provenance, without truncation
ok 3 - SCN-012: inclusive 64 KiB counts multibyte source plus all provenance, without truncation
  ---
  duration_ms: 2.152398
  type: 'test'
  ...
# Subtest: SCN-013/020: changed captures, generation, supersession and invalidation prevent packet reuse
ok 4 - SCN-013/020: changed captures, generation, supersession and invalidation prevent packet reuse
  ---
  duration_ms: 1402.002145
  type: 'test'
  ...
# Subtest: cockpit title identifies the bound UR instead of a generic current artefact heading
ok 5 - cockpit title identifies the bound UR instead of a generic current artefact heading
  ---
  duration_ms: 1323.904864
  type: 'test'
  ...
# Subtest: SCN-001/002/008/020: active/completed/invalid inventory, registered resources and full byte invariance
ok 6 - SCN-001/002/008/020: active/completed/invalid inventory, registered resources and full byte invariance
  ---
  duration_ms: 952.609555
  type: 'test'
  ...
# Subtest: SCN-010: missing, binary, invalid UTF8 and inclusive preview boundary
ok 7 - SCN-010: missing, binary, invalid UTF8 and inclusive preview boundary
  ---
  duration_ms: 1389.558956
  type: 'test'
  ...
# Subtest: SCN-006/015: document mutation invalidates existing related reads and new snapshot selectors
ok 8 - SCN-006/015: document mutation invalidates existing related reads and new snapshot selectors
  ---
  duration_ms: 1174.214031
  type: 'test'
  ...
# Subtest: SCN-002/008: absent and genuinely empty stores differ, JSON/text retain exact source and registered links resolve only within manifest
ok 9 - SCN-002/008: absent and genuinely empty stores differ, JSON/text retain exact source and registered links resolve only within manifest
  ---
  duration_ms: 745.009646
  type: 'test'
  ...
1..9
# tests 9
# suites 0
# pass 9
# fail 0
# cancelled 0
# skipped 0
# todo 0
# duration_ms 6011.306576
