
> agdf-control-ui@0.0.0 test
> node --test test/service.test.mjs && vitest run

TAP version 13
# Subtest: SCN-020/022/032: loopback authenticated read journey, origin/method/selector boundaries, headers and unchanged tree
ok 1 - SCN-020/022/032: loopback authenticated read journey, origin/method/selector boundaries, headers and unchanged tree
  ---
  duration_ms: 1133.95868
  type: 'test'
  ...
# Subtest: SCN-017/026: one active and one queued job, cancellation, deadline, and shutdown
ok 2 - SCN-017/026: one active and one queued job, cancellation, deadline, and shutdown
  ---
  duration_ms: 453.903146
  type: 'test'
  ...
# Subtest: SCN-011/017: worker failure is bounded and retry succeeds without internal exception leakage
ok 3 - SCN-011/017: worker failure is bounded and retry succeeds without internal exception leakage
  ---
  duration_ms: 926.702827
  type: 'test'
  ...
# Subtest: SCN-022/025: startup needs explicit valid target, build and port; fresh process invalidates secret
ok 4 - SCN-022/025: startup needs explicit valid target, build and port; fresh process invalidates secret
  ---
  duration_ms: 673.94106
  type: 'test'
  ...
# Subtest: SCN-026: actual serialized response cap accepts exact byte limit and rejects one byte more
ok 5 - SCN-026: actual serialized response cap accepts exact byte limit and rejects one byte more
  ---
  duration_ms: 873.317372
  type: 'test'
  ...
1..5
# tests 5
# suites 0
# pass 5
# fail 0
# cancelled 0
# skipped 0
# todo 0
# duration_ms 4483.988834

 RUN  v5.0.3 /Users/arndtgold/Documents/GitHub/ai-native-governance-delivery-framework/packages/control-ui


 Test Files  7 passed (7)
      Tests  79 passed (79)
   Start at  20:26:48
   Duration  9.57s (environment 37%, tests 35%, import 22%, transform 6%)

Environment  jsdom was created 7 times · 8.47s total, 37% of tracked time
             create it once per worker with pool: 'vmThreads' (keeps per-file isolation) or isolate: false (shares it across files)
             learn more: https://vitest.dev/guide/improving-performance#test-environments

