TAP version 13
# Subtest: SCN-032: governance registration preserves the separately named cockpit connection
ok 1 - SCN-032: governance registration preserves the separately named cockpit connection
  ---
  duration_ms: 13.957032
  type: 'test'
  ...
# Subtest: SCN-019: async contexts isolate two targets and restore live behavior
ok 2 - SCN-019: async contexts isolate two targets and restore live behavior
  ---
  duration_ms: 1522.333847
  type: 'test'
  ...
# Subtest: SCN-004: captured evaluator, original target and live-default parity
ok 3 - SCN-004: captured evaluator, original target and live-default parity
  ---
  duration_ms: 908.156002
  type: 'test'
  ...
# Subtest: SCN-013: private immutable bytes, edits and membership invalidate revalidation
ok 4 - SCN-013: private immutable bytes, edits and membership invalidate revalidation
  ---
  duration_ms: 17.95529
  type: 'test'
  ...
# Subtest: SCN-013: deterministic mutations during capture retry once, then fail
ok 5 - SCN-013: deterministic mutations during capture retry once, then fail
  ---
  duration_ms: 123.007762
  type: 'test'
  ...
# Subtest: SCN-023: file and ancestor symlinks and out-of-control reads are denied
ok 6 - SCN-023: file and ancestor symlinks and out-of-control reads are denied
  ---
  duration_ms: 12.90437
  type: 'test'
  ...
# Subtest: SCN-026: inclusive file-count/per-file/aggregate boundaries and time limit
ok 7 - SCN-026: inclusive file-count/per-file/aggregate boundaries and time limit
  ---
  duration_ms: 5.593298
  type: 'test'
  ...
1..7
# tests 7
# suites 0
# pass 7
# fail 0
# cancelled 0
# skipped 0
# todo 0
# duration_ms 2896.082376
