
> agdf-control-ui@0.0.0 test:browser
> playwright test test/browser/run-documents.spec.mjs test/browser/journeys.spec.mjs -g document orientation|SCN-001/004/015/016


Running 2 tests using 1 worker

(node:35895) Warning: The 'NO_COLOR' env is ignored due to the 'FORCE_COLOR' env being set.
(Use `node --trace-warnings ...` to show where the warning was created)
(node:35910) Warning: The 'NO_COLOR' env is ignored due to the 'FORCE_COLOR' env being set.
(Use `node --trace-warnings ...` to show where the warning was created)
(node:35895) Warning: The 'NO_COLOR' env is ignored due to the 'FORCE_COLOR' env being set.
(Use `node --trace-warnings ...` to show where the warning was created)
  ✓  1 test/browser/journeys.spec.mjs:36:1 › document orientation separates approved Run facts from draft originals in both Pages themes (17.8s)
(node:35948) Warning: The 'NO_COLOR' env is ignored due to the 'FORCE_COLOR' env being set.
(Use `node --trace-warnings ...` to show where the warning was created)
(node:35895) Warning: The 'NO_COLOR' env is ignored due to the 'FORCE_COLOR' env being set.
(Use `node --trace-warnings ...` to show where the warning was created)
(node:35953) Warning: The 'NO_COLOR' env is ignored due to the 'FORCE_COLOR' env being set.
(Use `node --trace-warnings ...` to show where the warning was created)
(node:35895) Warning: The 'NO_COLOR' env is ignored due to the 'FORCE_COLOR' env being set.
(Use `node --trace-warnings ...` to show where the warning was created)
  ✓  2 test/browser/run-documents.spec.mjs:18:1 › SCN-001/004/015/016: visible zero/four actual registrations and unconfirmed raw version retain passive original evidence (5.3s)

  2 passed (25.1s)
