
> agdf-control-ui@0.0.0 test:browser
> playwright test test/browser/run-documents.spec.mjs test/browser/journeys.spec.mjs test/browser/scoped.spec.mjs test/browser/changes.spec.mjs test/browser/draft-check.spec.mjs


Running 20 tests using 1 worker

(node:36237) Warning: The 'NO_COLOR' env is ignored due to the 'FORCE_COLOR' env being set.
(Use `node --trace-warnings ...` to show where the warning was created)
(node:36252) Warning: The 'NO_COLOR' env is ignored due to the 'FORCE_COLOR' env being set.
(Use `node --trace-warnings ...` to show where the warning was created)
(node:36237) Warning: The 'NO_COLOR' env is ignored due to the 'FORCE_COLOR' env being set.
(Use `node --trace-warnings ...` to show where the warning was created)
  ✓   1 test/browser/changes.spec.mjs:7:40 › actual light overview waits for deliberate reload after a file event (1.9s)
(node:36260) Warning: The 'NO_COLOR' env is ignored due to the 'FORCE_COLOR' env being set.
(Use `node --trace-warnings ...` to show where the warning was created)
(node:36237) Warning: The 'NO_COLOR' env is ignored due to the 'FORCE_COLOR' env being set.
(Use `node --trace-warnings ...` to show where the warning was created)
  ✓   2 test/browser/changes.spec.mjs:7:40 › actual dark overview waits for deliberate reload after a file event (2.2s)
(node:36275) Warning: The 'NO_COLOR' env is ignored due to the 'FORCE_COLOR' env being set.
(Use `node --trace-warnings ...` to show where the warning was created)
(node:36237) Warning: The 'NO_COLOR' env is ignored due to the 'FORCE_COLOR' env being set.
(Use `node --trace-warnings ...` to show where the warning was created)
  ✓   3 test/browser/changes.spec.mjs:44:40 › light changed original uses the header dot until deliberate reload (2.3s)
(node:36286) Warning: The 'NO_COLOR' env is ignored due to the 'FORCE_COLOR' env being set.
(Use `node --trace-warnings ...` to show where the warning was created)
(node:36237) Warning: The 'NO_COLOR' env is ignored due to the 'FORCE_COLOR' env being set.
(Use `node --trace-warnings ...` to show where the warning was created)
  ✓   4 test/browser/changes.spec.mjs:44:40 › dark changed original uses the header dot until deliberate reload (2.3s)
(node:36237) Warning: The 'NO_COLOR' env is ignored due to the 'FORCE_COLOR' env being set.
(Use `node --trace-warnings ...` to show where the warning was created)
  ✓   5 test/browser/draft-check.spec.mjs:7:1 › SCN-015/016/018: built compact/expanded checks use actual Core, preserve keyboard/disclosure/position and wrap long findings (3.5s)
(node:36303) Warning: The 'NO_COLOR' env is ignored due to the 'FORCE_COLOR' env being set.
(Use `node --trace-warnings ...` to show where the warning was created)
(node:36237) Warning: The 'NO_COLOR' env is ignored due to the 'FORCE_COLOR' env being set.
(Use `node --trace-warnings ...` to show where the warning was created)
  ✓   6 test/browser/journeys.spec.mjs:36:1 › document orientation separates approved Run facts from draft originals in both Pages themes (14.3s)
(node:36328) Warning: The 'NO_COLOR' env is ignored due to the 'FORCE_COLOR' env being set.
(Use `node --trace-warnings ...` to show where the warning was created)
(node:36237) Warning: The 'NO_COLOR' env is ignored due to the 'FORCE_COLOR' env being set.
(Use `node --trace-warnings ...` to show where the warning was created)
  ✓   7 test/browser/journeys.spec.mjs:112:1 › SCN-044: Pages fonts survive host body overrides across card, list, Run and document (4.8s)
(node:36330) Warning: The 'NO_COLOR' env is ignored due to the 'FORCE_COLOR' env being set.
(Use `node --trace-warnings ...` to show where the warning was created)
(node:36237) Warning: The 'NO_COLOR' env is ignored due to the 'FORCE_COLOR' env being set.
(Use `node --trace-warnings ...` to show where the warning was created)
  ✓   8 test/browser/journeys.spec.mjs:169:1 › SCN-002/005/007/008/010: explicit graph inspection stays passive and readable at container boundaries (2.1s)
(node:36332) Warning: The 'NO_COLOR' env is ignored due to the 'FORCE_COLOR' env being set.
(Use `node --trace-warnings ...` to show where the warning was created)
(node:36237) Warning: The 'NO_COLOR' env is ignored due to the 'FORCE_COLOR' env being set.
(Use `node --trace-warnings ...` to show where the warning was created)
  ✓   9 test/browser/journeys.spec.mjs:196:1 › SCN-003/007/028/031: copied repository sources, explicit stored pointers, keyboard focus, source fidelity and unchanged bytes (9.0s)
(node:36335) Warning: The 'NO_COLOR' env is ignored due to the 'FORCE_COLOR' env being set.
(Use `node --trace-warnings ...` to show where the warning was created)
(node:36237) Warning: The 'NO_COLOR' env is ignored due to the 'FORCE_COLOR' env being set.
(Use `node --trace-warnings ...` to show where the warning was created)
  ✓  10 test/browser/journeys.spec.mjs:239:1 › SCN-005/010/012/028: visible invalid run, persisted discrepancy, missing and unsupported documents (1.9s)
(node:36337) Warning: The 'NO_COLOR' env is ignored due to the 'FORCE_COLOR' env being set.
(Use `node --trace-warnings ...` to show where the warning was created)
(node:36237) Warning: The 'NO_COLOR' env is ignored due to the 'FORCE_COLOR' env being set.
(Use `node --trace-warnings ...` to show where the warning was created)
  ✓  11 test/browser/journeys.spec.mjs:260:1 › SCN-009/014/018/024: hostile document, stale reload, retry and removed selection (2.1s)
(node:36339) Warning: The 'NO_COLOR' env is ignored due to the 'FORCE_COLOR' env being set.
(Use `node --trace-warnings ...` to show where the warning was created)
(node:36237) Warning: The 'NO_COLOR' env is ignored due to the 'FORCE_COLOR' env being set.
(Use `node --trace-warnings ...` to show where the warning was created)
  ✓  12 test/browser/journeys.spec.mjs:282:1 › sticky card and document headers, sliding view selector and narrow summary retain source identity (2.4s)
(node:36341) Warning: The 'NO_COLOR' env is ignored due to the 'FORCE_COLOR' env being set.
(Use `node --trace-warnings ...` to show where the warning was created)
(node:36237) Warning: The 'NO_COLOR' env is ignored due to the 'FORCE_COLOR' env being set.
(Use `node --trace-warnings ...` to show where the warning was created)
  ✓  13 test/browser/journeys.spec.mjs:333:1 › summary leads with the work step and stale reads never claim a missing Run or current control (6.4s)
(node:36351) Warning: The 'NO_COLOR' env is ignored due to the 'FORCE_COLOR' env being set.
(Use `node --trace-warnings ...` to show where the warning was created)
(node:36237) Warning: The 'NO_COLOR' env is ignored due to the 'FORCE_COLOR' env being set.
(Use `node --trace-warnings ...` to show where the warning was created)
  ✓  14 test/browser/journeys.spec.mjs:364:1 › neutral light reading planes and Pages dark surfaces survive host colors across all views (5.3s)
(node:36354) Warning: The 'NO_COLOR' env is ignored due to the 'FORCE_COLOR' env being set.
(Use `node --trace-warnings ...` to show where the warning was created)
(node:36237) Warning: The 'NO_COLOR' env is ignored due to the 'FORCE_COLOR' env being set.
(Use `node --trace-warnings ...` to show where the warning was created)
  ✓  15 test/browser/journeys.spec.mjs:443:1 › Pages action and type hierarchy retains the Cockpit neutral light palette (3.1s)
(node:36357) Warning: The 'NO_COLOR' env is ignored due to the 'FORCE_COLOR' env being set.
(Use `node --trace-warnings ...` to show where the warning was created)
(node:36237) Warning: The 'NO_COLOR' env is ignored due to the 'FORCE_COLOR' env being set.
(Use `node --trace-warnings ...` to show where the warning was created)
  ✓  16 test/browser/journeys.spec.mjs:511:1 › work action leads, qualifications stay honest and evidence access survives responsive keyboard navigation (2.4s)
(node:36359) Warning: The 'NO_COLOR' env is ignored due to the 'FORCE_COLOR' env being set.
(Use `node --trace-warnings ...` to show where the warning was created)
(node:36237) Warning: The 'NO_COLOR' env is ignored due to the 'FORCE_COLOR' env being set.
(Use `node --trace-warnings ...` to show where the warning was created)
(node:36360) Warning: The 'NO_COLOR' env is ignored due to the 'FORCE_COLOR' env being set.
(Use `node --trace-warnings ...` to show where the warning was created)
(node:36237) Warning: The 'NO_COLOR' env is ignored due to the 'FORCE_COLOR' env being set.
(Use `node --trace-warnings ...` to show where the warning was created)
  ✓  17 test/browser/run-documents.spec.mjs:18:1 › SCN-001/004/015/016: visible zero/four actual registrations and unconfirmed raw version retain passive original evidence (4.9s)
(node:36373) Warning: The 'NO_COLOR' env is ignored due to the 'FORCE_COLOR' env being set.
(Use `node --trace-warnings ...` to show where the warning was created)
(node:36237) Warning: The 'NO_COLOR' env is ignored due to the 'FORCE_COLOR' env being set.
(Use `node --trace-warnings ...` to show where the warning was created)
  ✓  18 test/browser/run-documents.spec.mjs:42:1 › SCN-001/003/015/016/017: actual approved version and six registered resources; same DOM measured resizing, themes, keyboard and raw-source reading (5.4s)
(node:36237) Warning: The 'NO_COLOR' env is ignored due to the 'FORCE_COLOR' env being set.
(Use `node --trace-warnings ...` to show where the warning was created)
  ✓  19 test/browser/run-documents.spec.mjs:84:1 › SCN-005/007/010/013/018: deliberate actual draft check survives document/return; busy retry, corrections, source change and reload (3.6s)
(node:36420) Warning: The 'NO_COLOR' env is ignored due to the 'FORCE_COLOR' env being set.
(Use `node --trace-warnings ...` to show where the warning was created)
(node:36237) Warning: The 'NO_COLOR' env is ignored due to the 'FORCE_COLOR' env being set.
(Use `node --trace-warnings ...` to show where the warning was created)
  ✓  20 test/browser/scoped.spec.mjs:6:1 › scoped HTTP reading preserves stored backlog, source navigation and Pages themes at four widths (2.8s)

  20 passed (1.4m)
