
> agdf-control-ui@0.0.0 test:browser
> playwright test test/browser/run-documents.spec.mjs


Running 2 tests using 1 worker

(node:33809) Warning: The 'NO_COLOR' env is ignored due to the 'FORCE_COLOR' env being set.
(Use `node --trace-warnings ...` to show where the warning was created)
  ✘  1 test/browser/run-documents.spec.mjs:18:1 › SCN-001/003/015/016/017: actual approved version and six registered resources; same DOM measured resizing, themes, keyboard and raw-source reading (3ms)
(node:33818) Warning: The 'NO_COLOR' env is ignored due to the 'FORCE_COLOR' env being set.
(Use `node --trace-warnings ...` to show where the warning was created)
  ✘  2 test/browser/run-documents.spec.mjs:60:1 › SCN-005/007/010/013/018: deliberate actual draft check survives document/return; busy retry, corrections, source change and reload (4ms)


  1) test/browser/run-documents.spec.mjs:18:1 › SCN-001/003/015/016/017: actual approved version and six registered resources; same DOM measured resizing, themes, keyboard and raw-source reading 

    Error: browserType.launch: Target page, context or browser has been closed
    Browser logs:

    <launching> /Users/arndtgold/Library/Caches/ms-playwright/chromium_headless_shell-1243/chrome-headless-shell-mac-x64/chrome-headless-shell --disable-field-trial-config --disable-background-networking --disable-background-timer-throttling --disable-backgrounding-occluded-windows --disable-back-forward-cache --disable-breakpad --disable-client-side-phishing-detection --disable-component-extensions-with-background-pages --disable-component-update --no-default-browser-check --disable-default-apps --disable-dev-shm-usage --disable-edgeupdater --disable-extensions --disable-features=AvoidUnnecessaryBeforeUnloadCheckSync,DestroyProfileOnBrowserClose,DialMediaRouteProvider,GlobalMediaControls,HttpsUpgrades,LensOverlay,MediaRouter,PaintHolding,ThirdPartyStoragePartitioning,BlockOriginHeaderModificationOnRedirect,Translate,AutoDeElevate,OptimizationHints,msForceBrowserSignIn,msEdgeUpdateLaunchServicesPreferredVersion --enable-features=CDPScreenshotNewSurface --allow-pre-commit-input --disable-hang-monitor --disable-ipc-flooding-protection --disable-popup-blocking --disable-prompt-on-repost --disable-renderer-backgrounding --disable-updater-scheduler --force-color-profile=srgb --metrics-recording-only --no-first-run --password-store=basic --use-mock-keychain --no-service-autorun --export-tagged-pdf --disable-search-engine-choice-screen --unsafely-disable-devtools-self-xss-warnings --edge-skip-compat-layer-relaunch --disable-infobars --disable-search-engine-choice-screen --disable-sync --enable-unsafe-swiftshader --headless --hide-scrollbars --mute-audio --blink-settings=primaryHoverType=2,availableHoverTypes=2,primaryPointerType=4,availablePointerTypes=4 --no-sandbox --user-data-dir=/var/folders/wn/pdbjwtvd3fx0t38nwcqrrpnc0000gp/T/playwright_chromiumdev_profile-HwNxve --remote-debugging-pipe --no-startup-window
    <launched> pid=33811
    [pid=33811][err] [1010/095435.733590:ERROR:base/power_monitor/thermal_state_observer_mac.mm:140] ThermalStateObserverMac unable to register to power notifications. Result: 9
    [pid=33811][err] [1010/095435.767800:ERROR:net/dns/dns_config_service_posix.cc:138] DNS config watch failed to start.
    [pid=33811][err] [1010/095435.770525:WARNING:net/dns/dns_config_service_posix.cc:197] Failed to read DnsConfig.
    [pid=33811][err] [1010/095435.783683:FATAL:base/apple/mach_port_rendezvous_mac.cc:159] Check failed: kr == KERN_SUCCESS. bootstrap_check_in org.chromium.Chromium.MachPortRendezvousServer.33811: Permission denied (1100)
    Call log:
      - <launching> /Users/arndtgold/Library/Caches/ms-playwright/chromium_headless_shell-1243/chrome-headless-shell-mac-x64/chrome-headless-shell --disable-field-trial-config --disable-background-networking --disable-background-timer-throttling --disable-backgrounding-occluded-windows --disable-back-forward-cache --disable-breakpad --disable-client-side-phishing-detection --disable-component-extensions-with-background-pages --disable-component-update --no-default-browser-check --disable-default-apps --disable-dev-shm-usage --disable-edgeupdater --disable-extensions --disable-features=AvoidUnnecessaryBeforeUnloadCheckSync,DestroyProfileOnBrowserClose,DialMediaRouteProvider,GlobalMediaControls,HttpsUpgrades,LensOverlay,MediaRouter,PaintHolding,ThirdPartyStoragePartitioning,BlockOriginHeaderModificationOnRedirect,Translate,AutoDeElevate,OptimizationHints,msForceBrowserSignIn,msEdgeUpdateLaunchServicesPreferredVersion --enable-features=CDPScreenshotNewSurface --allow-pre-commit-input --disable-hang-monitor --disable-ipc-flooding-protection --disable-popup-blocking --disable-prompt-on-repost --disable-renderer-backgrounding --disable-updater-scheduler --force-color-profile=srgb --metrics-recording-only --no-first-run --password-store=basic --use-mock-keychain --no-service-autorun --export-tagged-pdf --disable-search-engine-choice-screen --unsafely-disable-devtools-self-xss-warnings --edge-skip-compat-layer-relaunch --disable-infobars --disable-search-engine-choice-screen --disable-sync --enable-unsafe-swiftshader --headless --hide-scrollbars --mute-audio --blink-settings=primaryHoverType=2,availableHoverTypes=2,primaryPointerType=4,availablePointerTypes=4 --no-sandbox --user-data-dir=/var/folders/wn/pdbjwtvd3fx0t38nwcqrrpnc0000gp/T/playwright_chromiumdev_profile-HwNxve --remote-debugging-pipe --no-startup-window
      - <launched> pid=33811
      - [pid=33811][err] [1010/095435.733590:ERROR:base/power_monitor/thermal_state_observer_mac.mm:140] ThermalStateObserverMac unable to register to power notifications. Result: 9
      - [pid=33811][err] [1010/095435.767800:ERROR:net/dns/dns_config_service_posix.cc:138] DNS config watch failed to start.
      - [pid=33811][err] [1010/095435.770525:WARNING:net/dns/dns_config_service_posix.cc:197] Failed to read DnsConfig.
      - [pid=33811][err] [1010/095435.783683:FATAL:base/apple/mach_port_rendezvous_mac.cc:159] Check failed: kr == KERN_SUCCESS. bootstrap_check_in org.chromium.Chromium.MachPortRendezvousServer.33811: Permission denied (1100)
      - [pid=33811] <gracefully close start>
      - [pid=33811] <kill>
      - [pid=33811] <will force kill>
      - [pid=33811] exception while trying to kill process: Error: kill EPERM
      - [pid=33811] <process did exit: exitCode=null, signal=SIGTRAP>
      - [pid=33811] starting temporary directories cleanup
      - [pid=33811] finished temporary directories cleanup
      - [pid=33811] <gracefully close end>


    Error Context: test-results/run-documents-SCN-001-003--7e7f8-oard-and-raw-source-reading/error-context.md

  2) test/browser/run-documents.spec.mjs:60:1 › SCN-005/007/010/013/018: deliberate actual draft check survives document/return; busy retry, corrections, source change and reload 

    Error: browserType.launch: Target page, context or browser has been closed
    Browser logs:

    <launching> /Users/arndtgold/Library/Caches/ms-playwright/chromium_headless_shell-1243/chrome-headless-shell-mac-x64/chrome-headless-shell --disable-field-trial-config --disable-background-networking --disable-background-timer-throttling --disable-backgrounding-occluded-windows --disable-back-forward-cache --disable-breakpad --disable-client-side-phishing-detection --disable-component-extensions-with-background-pages --disable-component-update --no-default-browser-check --disable-default-apps --disable-dev-shm-usage --disable-edgeupdater --disable-extensions --disable-features=AvoidUnnecessaryBeforeUnloadCheckSync,DestroyProfileOnBrowserClose,DialMediaRouteProvider,GlobalMediaControls,HttpsUpgrades,LensOverlay,MediaRouter,PaintHolding,ThirdPartyStoragePartitioning,BlockOriginHeaderModificationOnRedirect,Translate,AutoDeElevate,OptimizationHints,msForceBrowserSignIn,msEdgeUpdateLaunchServicesPreferredVersion --enable-features=CDPScreenshotNewSurface --allow-pre-commit-input --disable-hang-monitor --disable-ipc-flooding-protection --disable-popup-blocking --disable-prompt-on-repost --disable-renderer-backgrounding --disable-updater-scheduler --force-color-profile=srgb --metrics-recording-only --no-first-run --password-store=basic --use-mock-keychain --no-service-autorun --export-tagged-pdf --disable-search-engine-choice-screen --unsafely-disable-devtools-self-xss-warnings --edge-skip-compat-layer-relaunch --disable-infobars --disable-search-engine-choice-screen --disable-sync --enable-unsafe-swiftshader --headless --hide-scrollbars --mute-audio --blink-settings=primaryHoverType=2,availableHoverTypes=2,primaryPointerType=4,availablePointerTypes=4 --no-sandbox --user-data-dir=/var/folders/wn/pdbjwtvd3fx0t38nwcqrrpnc0000gp/T/playwright_chromiumdev_profile-GvexBh --remote-debugging-pipe --no-startup-window
    <launched> pid=33820
    [pid=33820][err] [1010/095437.277460:ERROR:base/power_monitor/thermal_state_observer_mac.mm:140] ThermalStateObserverMac unable to register to power notifications. Result: 9
    [pid=33820][err] [1010/095437.280533:ERROR:net/dns/dns_config_service_posix.cc:138] DNS config watch failed to start.
    [pid=33820][err] [1010/095437.281499:WARNING:net/dns/dns_config_service_posix.cc:197] Failed to read DnsConfig.
    [pid=33820][err] [1010/095437.281739:FATAL:base/apple/mach_port_rendezvous_mac.cc:159] Check failed: kr == KERN_SUCCESS. bootstrap_check_in org.chromium.Chromium.MachPortRendezvousServer.33820: Permission denied (1100)
    [pid=33820] <process did exit: exitCode=null, signal=SIGTRAP>
    [pid=33820] starting temporary directories cleanup
    Call log:
      - <launching> /Users/arndtgold/Library/Caches/ms-playwright/chromium_headless_shell-1243/chrome-headless-shell-mac-x64/chrome-headless-shell --disable-field-trial-config --disable-background-networking --disable-background-timer-throttling --disable-backgrounding-occluded-windows --disable-back-forward-cache --disable-breakpad --disable-client-side-phishing-detection --disable-component-extensions-with-background-pages --disable-component-update --no-default-browser-check --disable-default-apps --disable-dev-shm-usage --disable-edgeupdater --disable-extensions --disable-features=AvoidUnnecessaryBeforeUnloadCheckSync,DestroyProfileOnBrowserClose,DialMediaRouteProvider,GlobalMediaControls,HttpsUpgrades,LensOverlay,MediaRouter,PaintHolding,ThirdPartyStoragePartitioning,BlockOriginHeaderModificationOnRedirect,Translate,AutoDeElevate,OptimizationHints,msForceBrowserSignIn,msEdgeUpdateLaunchServicesPreferredVersion --enable-features=CDPScreenshotNewSurface --allow-pre-commit-input --disable-hang-monitor --disable-ipc-flooding-protection --disable-popup-blocking --disable-prompt-on-repost --disable-renderer-backgrounding --disable-updater-scheduler --force-color-profile=srgb --metrics-recording-only --no-first-run --password-store=basic --use-mock-keychain --no-service-autorun --export-tagged-pdf --disable-search-engine-choice-screen --unsafely-disable-devtools-self-xss-warnings --edge-skip-compat-layer-relaunch --disable-infobars --disable-search-engine-choice-screen --disable-sync --enable-unsafe-swiftshader --headless --hide-scrollbars --mute-audio --blink-settings=primaryHoverType=2,availableHoverTypes=2,primaryPointerType=4,availablePointerTypes=4 --no-sandbox --user-data-dir=/var/folders/wn/pdbjwtvd3fx0t38nwcqrrpnc0000gp/T/playwright_chromiumdev_profile-GvexBh --remote-debugging-pipe --no-startup-window
      - <launched> pid=33820
      - [pid=33820][err] [1010/095437.277460:ERROR:base/power_monitor/thermal_state_observer_mac.mm:140] ThermalStateObserverMac unable to register to power notifications. Result: 9
      - [pid=33820][err] [1010/095437.280533:ERROR:net/dns/dns_config_service_posix.cc:138] DNS config watch failed to start.
      - [pid=33820][err] [1010/095437.281499:WARNING:net/dns/dns_config_service_posix.cc:197] Failed to read DnsConfig.
      - [pid=33820][err] [1010/095437.281739:FATAL:base/apple/mach_port_rendezvous_mac.cc:159] Check failed: kr == KERN_SUCCESS. bootstrap_check_in org.chromium.Chromium.MachPortRendezvousServer.33820: Permission denied (1100)
      - [pid=33820] <process did exit: exitCode=null, signal=SIGTRAP>
      - [pid=33820] starting temporary directories cleanup
      - [pid=33820] <gracefully close start>
      - [pid=33820] <kill>
      - [pid=33820] <skipped force kill spawnedProcess.killed=false processClosed=true>
      - [pid=33820] finished temporary directories cleanup
      - [pid=33820] <gracefully close end>


    Error Context: test-results/run-documents-SCN-005-007--bb840-ns-source-change-and-reload/error-context.md

  2 failed
    test/browser/run-documents.spec.mjs:18:1 › SCN-001/003/015/016/017: actual approved version and six registered resources; same DOM measured resizing, themes, keyboard and raw-source reading 
    test/browser/run-documents.spec.mjs:60:1 › SCN-005/007/010/013/018: deliberate actual draft check survives document/return; busy retry, corrections, source change and reload 
