TAP version 13
# Subtest: SCN-001/009/014: actual gate registrations, bounded unavailable sources, no phantom entries or writes
ok 1 - SCN-001/009/014: actual gate registrations, bounded unavailable sources, no phantom entries or writes
  ---
  duration_ms: 660.16665
  type: 'test'
  ...
# Subtest: SCN-003/004/014: actual canonical approval binds raw returned bytes; normalization-equivalent edits cannot inherit it
ok 2 - SCN-003/004/014: actual canonical approval binds raw returned bytes; normalization-equivalent edits cannot inherit it
  ---
  duration_ms: 1409.935833
  type: 'test'
  ...
# Subtest: SCN-004: missing or foreign/malformed approval presentation never confirms current version
ok 3 - SCN-004: missing or foreign/malformed approval presentation never confirms current version
  ---
  duration_ms: 3723.856481
  type: 'test'
  ...
# Subtest: SCN-005/007/008/014: real passed/correction reports survive fresh same-Run navigation only; reload, changes and other views clear
ok 4 - SCN-005/007/008/014: real passed/correction reports survive fresh same-Run navigation only; reload, changes and other views clear
  ---
  duration_ms: 2037.345137
  type: 'test'
  ...
# Subtest: SCN-006: explicit structured current authoring findings versus unsupported/prerequisite/technical failures
ok 5 - SCN-006: explicit structured current authoring findings versus unsupported/prerequisite/technical failures
  ---
  duration_ms: 0.370773
  type: 'test'
  ...
# Subtest: SCN-005/006: actual registered UR/PRD/SD/TP early authoring blockers preserve the original report and findings
ok 6 - SCN-005/006: actual registered UR/PRD/SD/TP early authoring blockers preserve the original report and findings
  ---
  duration_ms: 2763.671848
  type: 'test'
  ...
# Subtest: SCN-008: failed publication, overview and observed lifecycle/gate/revision changes clear the slot
ok 7 - SCN-008: failed publication, overview and observed lifecycle/gate/revision changes clear the slot
  ---
  duration_ms: 3536.068486
  type: 'test'
  ...
# Subtest: SCN-009: real large authoring findings hit the slot/description bound without truncation or retained success
ok 8 - SCN-009: real large authoring findings hit the slot/description bound without truncation or retained success
  ---
  duration_ms: 765.019724
  type: 'test'
  ...
# Subtest: SCN-009: actual unregistered authoring slot below, exactly at and above 256 KiB
ok 9 - SCN-009: actual unregistered authoring slot below, exactly at and above 256 KiB
  ---
  duration_ms: 2374.580022
  type: 'test'
  ...
# Subtest: SCN-009: Core document description array enforces its exact serialized limit
ok 10 - SCN-009: Core document description array enforces its exact serialized limit
  ---
  duration_ms: 1737.81149
  type: 'test'
  ...
1..10
# tests 10
# suites 0
# pass 10
# fail 0
# cancelled 0
# skipped 0
# todo 0
# duration_ms 19346.889576
