TAP version 13
# Artifact authoring readiness: validator parity, incomplete input, revision, source and read-only checks passed.
# Subtest: packages/core/test/artifact-readiness-test.js
ok 1 - packages/core/test/artifact-readiness-test.js
  ---
  duration_ms: 4761.303372
  type: 'test'
  ...
# Subtest: SCN-001/009/014: actual gate registrations, bounded unavailable sources, no phantom entries or writes
ok 2 - SCN-001/009/014: actual gate registrations, bounded unavailable sources, no phantom entries or writes
  ---
  duration_ms: 808.542349
  type: 'test'
  ...
# Subtest: SCN-003/004/014: actual canonical approval binds raw returned bytes; normalization-equivalent edits cannot inherit it
ok 3 - SCN-003/004/014: actual canonical approval binds raw returned bytes; normalization-equivalent edits cannot inherit it
  ---
  duration_ms: 1916.955118
  type: 'test'
  ...
# Subtest: SCN-004: missing or foreign/malformed approval presentation never confirms current version
ok 4 - SCN-004: missing or foreign/malformed approval presentation never confirms current version
  ---
  duration_ms: 6025.341817
  type: 'test'
  ...
# Subtest: SCN-005/007/008/014: real passed/correction reports survive fresh same-Run navigation only; reload, changes and other views clear
ok 5 - SCN-005/007/008/014: real passed/correction reports survive fresh same-Run navigation only; reload, changes and other views clear
  ---
  duration_ms: 2818.857282
  type: 'test'
  ...
# Subtest: SCN-006: explicit structured current authoring findings versus unsupported/prerequisite/technical failures
ok 6 - SCN-006: explicit structured current authoring findings versus unsupported/prerequisite/technical failures
  ---
  duration_ms: 0.364043
  type: 'test'
  ...
# Subtest: SCN-005/006: actual registered UR/PRD/SD/TP early authoring blockers preserve the original report and findings
ok 7 - SCN-005/006: actual registered UR/PRD/SD/TP early authoring blockers preserve the original report and findings
  ---
  duration_ms: 3068.956193
  type: 'test'
  ...
# Subtest: SCN-006: actual current SD traceability findings are shown without changing the original report
ok 8 - SCN-006: actual current SD traceability findings are shown without changing the original report
  ---
  duration_ms: 764.850973
  type: 'test'
  ...
# Subtest: SCN-008: failed publication, overview and observed lifecycle/gate/revision changes clear the slot
ok 9 - SCN-008: failed publication, overview and observed lifecycle/gate/revision changes clear the slot
  ---
  duration_ms: 3551.118667
  type: 'test'
  ...
# Subtest: SCN-009: real large authoring findings hit the slot/description bound without truncation or retained success
ok 10 - SCN-009: real large authoring findings hit the slot/description bound without truncation or retained success
  ---
  duration_ms: 765.48573
  type: 'test'
  ...
# Subtest: SCN-009: actual unregistered authoring slot below, exactly at and above 256 KiB
ok 11 - SCN-009: actual unregistered authoring slot below, exactly at and above 256 KiB
  ---
  duration_ms: 2442.058502
  type: 'test'
  ...
# Subtest: SCN-009: Core document description array enforces its exact serialized limit
ok 12 - SCN-009: Core document description array enforces its exact serialized limit
  ---
  duration_ms: 1871.450677
  type: 'test'
  ...
# Subtest: SCN-001/002/010/019: all supported unregistered drafts use the actual standalone evaluator, no writes
ok 13 - SCN-001/002/010/019: all supported unregistered drafts use the actual standalone evaluator, no writes
  ---
  duration_ms: 4738.764485
  type: 'test'
  ...
# Subtest: SCN-004/006: invalid selectors retain view; same-revision edit, atomic replace, removal and absent creation invalidate dependencies
ok 14 - SCN-004/006: invalid selectors retain view; same-revision edit, atomic replace, removal and absent creation invalidate dependencies
  ---
  duration_ms: 1296.563065
  type: 'test'
  ...
# Subtest: SCN-006: changes during captured/replay/published check never publish success
ok 15 - SCN-006: changes during captured/replay/published check never publish success
  ---
  duration_ms: 2734.000069
  type: 'test'
  ...
# Subtest: SCN-003/004/005/007/020: real worker/session replacement adopts sources/resources, rejects old selectors and schema extras
ok 16 - SCN-003/004/005/007/020: real worker/session replacement adopts sources/resources, rejects old selectors and schema extras
  ---
  duration_ms: 1378.77513
  type: 'test'
  ...
# Subtest: SCN-005/007/009: new check cannot replace an owned publication or bypass uncertain cleanup
ok 17 - SCN-005/007/009: new check cannot replace an owned publication or bypass uncertain cleanup
  ---
  duration_ms: 1383.8636
  type: 'test'
  ...
1..17
# tests 17
# suites 0
# pass 17
# fail 0
# cancelled 0
# skipped 0
# todo 0
# duration_ms 24404.144744
