TAP version 13
# Subtest: SCN-001/009/014: actual gate registrations, bounded unavailable sources, no phantom entries or writes
ok 1 - SCN-001/009/014: actual gate registrations, bounded unavailable sources, no phantom entries or writes
  ---
  duration_ms: 993.620246
  type: 'test'
  ...
# Subtest: SCN-003/004/014: actual canonical approval binds raw returned bytes; normalization-equivalent edits cannot inherit it
not ok 2 - SCN-003/004/014: actual canonical approval binds raw returned bytes; normalization-equivalent edits cannot inherit it
  ---
  duration_ms: 1489.492038
  type: 'test'
  location: '/Users/arndtgold/Documents/GitHub/ai-native-governance-delivery-framework/packages/core/test/cockpit-document-state-test.js:33:1'
  failureType: 'testCodeFailure'
  error: |-
    The input did not match the regular expression /source_changed/. Input:
    
    'Error: resource_denied'
    
  code: 'ERR_ASSERTION'
  name: 'AssertionError'
  expected:
  actual:
  error: 'resource_denied'
  stack: |-
    fail (file:///Users/arndtgold/Documents/GitHub/ai-native-governance-delivery-framework/packages/core/lib/control-read/snapshot.js:12:37)
    assertSnapshot (file:///Users/arndtgold/Documents/GitHub/ai-native-governance-delivery-framework/packages/core/lib/control-inspect/cockpit.js:202:43)
    Object.freshness (file:///Users/arndtgold/Documents/GitHub/ai-native-governance-delivery-framework/packages/core/lib/control-inspect/cockpit.js:375:21)
    file:///Users/arndtgold/Documents/GitHub/ai-native-governance-delivery-framework/packages/core/test/cockpit-document-state-test.js:46:34
    getActual (node:assert:609:5)
    Function.throws (node:assert:757:24)
    TestContext.<anonymous> (file:///Users/arndtgold/Documents/GitHub/ai-native-governance-delivery-framework/packages/core/test/cockpit-document-state-test.js:46:14)
    async Test.run (node:internal/test_runner/test:1054:7)
    async Test.processPendingSubtests (node:internal/test_runner/test:744:7)
  operator: 'throws'
  stack: |-
    TestContext.<anonymous> (file:///Users/arndtgold/Documents/GitHub/ai-native-governance-delivery-framework/packages/core/test/cockpit-document-state-test.js:46:14)
    async Test.run (node:internal/test_runner/test:1054:7)
    async Test.processPendingSubtests (node:internal/test_runner/test:744:7)
  ...
# Subtest: SCN-004: missing or foreign/malformed approval presentation never confirms current version
ok 3 - SCN-004: missing or foreign/malformed approval presentation never confirms current version
  ---
  duration_ms: 4232.62557
  type: 'test'
  ...
# Subtest: SCN-005/007/008/014: real passed/correction reports survive fresh same-Run navigation only; reload, changes and other views clear
ok 4 - SCN-005/007/008/014: real passed/correction reports survive fresh same-Run navigation only; reload, changes and other views clear
  ---
  duration_ms: 2095.536864
  type: 'test'
  ...
# Subtest: SCN-006: explicit structured current authoring findings versus unsupported/prerequisite/technical failures
ok 5 - SCN-006: explicit structured current authoring findings versus unsupported/prerequisite/technical failures
  ---
  duration_ms: 0.403032
  type: 'test'
  ...
1..5
# tests 5
# suites 0
# pass 4
# fail 1
# cancelled 0
# skipped 0
# todo 0
# duration_ms 9173.206938
