TAP version 13
# Artifact authoring readiness: validator parity, incomplete input, revision, source and read-only checks passed.
# Subtest: packages/core/test/artifact-readiness-test.js
ok 1 - packages/core/test/artifact-readiness-test.js
  ---
  duration_ms: 5504.056347
  type: 'test'
  ...
# Subtest: SCN-001/009/014: actual gate registrations, bounded unavailable sources, no phantom entries or writes
ok 2 - SCN-001/009/014: actual gate registrations, bounded unavailable sources, no phantom entries or writes
  ---
  duration_ms: 1376.781222
  type: 'test'
  ...
# Subtest: SCN-003/004/014: actual canonical approval binds raw returned bytes; normalization-equivalent edits cannot inherit it
ok 3 - SCN-003/004/014: actual canonical approval binds raw returned bytes; normalization-equivalent edits cannot inherit it
  ---
  duration_ms: 2256.618214
  type: 'test'
  ...
# Subtest: SCN-004: missing or foreign/malformed approval presentation never confirms current version
ok 4 - SCN-004: missing or foreign/malformed approval presentation never confirms current version
  ---
  duration_ms: 4347.782499
  type: 'test'
  ...
# Subtest: SCN-005/007/008/014: real passed/correction reports survive fresh same-Run navigation only; reload, changes and other views clear
ok 5 - SCN-005/007/008/014: real passed/correction reports survive fresh same-Run navigation only; reload, changes and other views clear
  ---
  duration_ms: 2223.988004
  type: 'test'
  ...
# Subtest: SCN-006: explicit structured current authoring findings versus unsupported/prerequisite/technical failures
ok 6 - SCN-006: explicit structured current authoring findings versus unsupported/prerequisite/technical failures
  ---
  duration_ms: 0.390815
  type: 'test'
  ...
# Subtest: SCN-005/006: actual registered UR/PRD/SD/TP early authoring blockers preserve the original report and findings
ok 7 - SCN-005/006: actual registered UR/PRD/SD/TP early authoring blockers preserve the original report and findings
  ---
  duration_ms: 3064.457013
  type: 'test'
  ...
# Subtest: SCN-008: failed publication, overview and observed lifecycle/gate/revision changes clear the slot
ok 8 - SCN-008: failed publication, overview and observed lifecycle/gate/revision changes clear the slot
  ---
  duration_ms: 3707.779516
  type: 'test'
  ...
# Subtest: SCN-009: real large authoring findings hit the slot/description bound without truncation or retained success
ok 9 - SCN-009: real large authoring findings hit the slot/description bound without truncation or retained success
  ---
  duration_ms: 776.356883
  type: 'test'
  ...
# Subtest: SCN-001/002/010/019: all supported unregistered drafts use the actual standalone evaluator, no writes
ok 10 - SCN-001/002/010/019: all supported unregistered drafts use the actual standalone evaluator, no writes
  ---
  duration_ms: 4728.193799
  type: 'test'
  ...
# Subtest: SCN-004/006: invalid selectors retain view; same-revision edit, atomic replace, removal and absent creation invalidate dependencies
ok 11 - SCN-004/006: invalid selectors retain view; same-revision edit, atomic replace, removal and absent creation invalidate dependencies
  ---
  duration_ms: 843.41531
  type: 'test'
  ...
# Subtest: SCN-006: changes during captured/replay/published check never publish success
ok 12 - SCN-006: changes during captured/replay/published check never publish success
  ---
  duration_ms: 2157.681632
  type: 'test'
  ...
# Subtest: SCN-003/004/005/007/020: real worker/session replacement adopts sources/resources, rejects old selectors and schema extras
ok 13 - SCN-003/004/005/007/020: real worker/session replacement adopts sources/resources, rejects old selectors and schema extras
  ---
  duration_ms: 1080.993659
  type: 'test'
  ...
# Subtest: SCN-005/007/009: new check cannot replace an owned publication or bypass uncertain cleanup
ok 14 - SCN-005/007/009: new check cannot replace an owned publication or bypass uncertain cleanup
  ---
  duration_ms: 1069.633956
  type: 'test'
  ...
1..14
# tests 14
# suites 0
# pass 14
# fail 0
# cancelled 0
# skipped 0
# todo 0
# duration_ms 18713.189042
