TAP version 13
# Subtest: SCN-008/010: authenticated exact-query draft route uses actual Core and does not write
ok 1 - SCN-008/010: authenticated exact-query draft route uses actual Core and does not write
  ---
  duration_ms: 2217.58113
  type: 'test'
  ...
# Subtest: saved work summary and explicit current comparison survive HTTP with one-file overview and no writes
ok 2 - saved work summary and explicit current comparison survive HTTP with one-file overview and no writes
  ---
  duration_ms: 1668.187315
  type: 'test'
  ...
# Subtest: SCN-020/022/032: loopback authenticated read journey, origin/method/selector boundaries, headers and unchanged tree
ok 3 - SCN-020/022/032: loopback authenticated read journey, origin/method/selector boundaries, headers and unchanged tree
  ---
  duration_ms: 1332.414163
  type: 'test'
  ...
# Subtest: SCN-017/026: one active and one queued job, cancellation, deadline, and shutdown
ok 4 - SCN-017/026: one active and one queued job, cancellation, deadline, and shutdown
  ---
  duration_ms: 448.987192
  type: 'test'
  ...
# Subtest: SCN-011/017: worker failure is bounded and retry succeeds without internal exception leakage
ok 5 - SCN-011/017: worker failure is bounded and retry succeeds without internal exception leakage
  ---
  duration_ms: 1057.558356
  type: 'test'
  ...
# Subtest: SCN-022/025: startup needs explicit valid target, build and port; fresh process invalidates secret
ok 6 - SCN-022/025: startup needs explicit valid target, build and port; fresh process invalidates secret
  ---
  duration_ms: 713.497085
  type: 'test'
  ...
# Subtest: SCN-026: actual serialized response cap accepts exact byte limit and rejects one byte more
ok 7 - SCN-026: actual serialized response cap accepts exact byte limit and rejects one byte more
  ---
  duration_ms: 934.688031
  type: 'test'
  ...
# Subtest: SCN-096/100: HTTP title batch requires opaque rows, replaces scope, rejects extras and keeps all sources unchanged
ok 8 - SCN-096/100: HTTP title batch requires opaque rows, replaces scope, rejects extras and keeps all sources unchanged
  ---
  duration_ms: 909.322265
  type: 'test'
  ...
# Subtest: authenticated change wait wakes on atomic backlog replacement and preserves its snapshot binding
not ok 9 - authenticated change wait wakes on atomic backlog replacement and preserves its snapshot binding
  ---
  duration_ms: 8976.943427
  type: 'test'
  location: '/Users/arndtgold/Documents/GitHub/ai-native-governance-delivery-framework/packages/control-ui/test/service.test.mjs:148:1'
  failureType: 'testCodeFailure'
  error: |-
    Expected values to be strictly equal:
    
    false !== true
    
  code: 'ERR_ASSERTION'
  name: 'AssertionError'
  expected: true
  actual: false
  operator: 'strictEqual'
  stack: |-
    TestContext.<anonymous> (file:///Users/arndtgold/Documents/GitHub/ai-native-governance-delivery-framework/packages/control-ui/test/service.test.mjs:157:45)
    process.processTicksAndRejections (node:internal/process/task_queues:103:5)
    async Test.run (node:internal/test_runner/test:1054:7)
    async Test.processPendingSubtests (node:internal/test_runner/test:744:7)
  ...
1..9
# tests 9
# suites 0
# pass 8
# fail 1
# cancelled 0
# skipped 0
# todo 0
# duration_ms 16509.713545
