TAP version 13
# Subtest: SCN-008/010: authenticated exact-query draft route uses actual Core and does not write
ok 1 - SCN-008/010: authenticated exact-query draft route uses actual Core and does not write
  ---
  duration_ms: 1312.783359
  type: 'test'
  ...
# Subtest: saved work summary and explicit current comparison survive HTTP with one-file overview and no writes
ok 2 - saved work summary and explicit current comparison survive HTTP with one-file overview and no writes
  ---
  duration_ms: 864.084202
  type: 'test'
  ...
# Subtest: SCN-020/022/032: loopback authenticated read journey, origin/method/selector boundaries, headers and unchanged tree
ok 3 - SCN-020/022/032: loopback authenticated read journey, origin/method/selector boundaries, headers and unchanged tree
  ---
  duration_ms: 900.058388
  type: 'test'
  ...
# Subtest: SCN-017/026: one active and one queued job, cancellation, deadline, and shutdown
ok 4 - SCN-017/026: one active and one queued job, cancellation, deadline, and shutdown
  ---
  duration_ms: 466.843815
  type: 'test'
  ...
# Subtest: SCN-011/017: worker failure is bounded and retry succeeds without internal exception leakage
ok 5 - SCN-011/017: worker failure is bounded and retry succeeds without internal exception leakage
  ---
  duration_ms: 688.441768
  type: 'test'
  ...
# Subtest: SCN-022/025: startup needs explicit valid target, build and port; fresh process invalidates secret
ok 6 - SCN-022/025: startup needs explicit valid target, build and port; fresh process invalidates secret
  ---
  duration_ms: 529.196704
  type: 'test'
  ...
# Subtest: SCN-026: actual serialized response cap accepts exact byte limit and rejects one byte more
ok 7 - SCN-026: actual serialized response cap accepts exact byte limit and rejects one byte more
  ---
  duration_ms: 742.872495
  type: 'test'
  ...
# Subtest: SCN-096/100: HTTP title batch requires opaque rows, replaces scope, rejects extras and keeps all sources unchanged
ok 8 - SCN-096/100: HTTP title batch requires opaque rows, replaces scope, rejects extras and keeps all sources unchanged
  ---
  duration_ms: 680.187301
  type: 'test'
  ...
# Subtest: authenticated change wait wakes on atomic backlog replacement and preserves its snapshot binding
ok 9 - authenticated change wait wakes on atomic backlog replacement and preserves its snapshot binding
  ---
  duration_ms: 833.579501
  type: 'test'
  ...
1..9
# tests 9
# suites 0
# pass 9
# fail 0
# cancelled 0
# skipped 0
# todo 0
# duration_ms 7723.296379
