TAP version 13
# Subtest: SCN-008/010: authenticated exact-query draft route uses actual Core and does not write
not ok 1 - SCN-008/010: authenticated exact-query draft route uses actual Core and does not write
  ---
  duration_ms: 1647.361538
  type: 'test'
  location: '/Users/arndtgold/Documents/GitHub/ai-native-governance-delivery-framework/packages/control-ui/test/draft-service.test.mjs:8:1'
  failureType: 'testCodeFailure'
  error: 'listen EPERM: operation not permitted 127.0.0.1'
  code: 'EPERM'
  stack: |-
    Server.setupListenHandle [as _listen2] (node:net:1918:21)
    listenInCluster (node:net:1997:12)
    node:net:2206:7
    process.processTicksAndRejections (node:internal/process/task_queues:89:21)
  ...
# Subtest: saved work summary and explicit current comparison survive HTTP with one-file overview and no writes
not ok 2 - saved work summary and explicit current comparison survive HTTP with one-file overview and no writes
  ---
  duration_ms: 1569.011219
  type: 'test'
  location: '/Users/arndtgold/Documents/GitHub/ai-native-governance-delivery-framework/packages/control-ui/test/service.test.mjs:23:1'
  failureType: 'testCodeFailure'
  error: 'listen EPERM: operation not permitted 127.0.0.1'
  code: 'EPERM'
  stack: |-
    Server.setupListenHandle [as _listen2] (node:net:1918:21)
    listenInCluster (node:net:1997:12)
    node:net:2206:7
    process.processTicksAndRejections (node:internal/process/task_queues:89:21)
  ...
# Subtest: SCN-020/022/032: loopback authenticated read journey, origin/method/selector boundaries, headers and unchanged tree
not ok 3 - SCN-020/022/032: loopback authenticated read journey, origin/method/selector boundaries, headers and unchanged tree
  ---
  duration_ms: 858.109587
  type: 'test'
  location: '/Users/arndtgold/Documents/GitHub/ai-native-governance-delivery-framework/packages/control-ui/test/service.test.mjs:39:1'
  failureType: 'testCodeFailure'
  error: 'listen EPERM: operation not permitted 127.0.0.1'
  code: 'EPERM'
  stack: |-
    Server.setupListenHandle [as _listen2] (node:net:1918:21)
    listenInCluster (node:net:1997:12)
    node:net:2206:7
    process.processTicksAndRejections (node:internal/process/task_queues:89:21)
  ...
# Subtest: SCN-017/026: one active and one queued job, cancellation, deadline, and shutdown
ok 4 - SCN-017/026: one active and one queued job, cancellation, deadline, and shutdown
  ---
  duration_ms: 460.428064
  type: 'test'
  ...
# Subtest: SCN-011/017: worker failure is bounded and retry succeeds without internal exception leakage
not ok 5 - SCN-011/017: worker failure is bounded and retry succeeds without internal exception leakage
  ---
  duration_ms: 835.979177
  type: 'test'
  location: '/Users/arndtgold/Documents/GitHub/ai-native-governance-delivery-framework/packages/control-ui/test/service.test.mjs:101:1'
  failureType: 'testCodeFailure'
  error: 'listen EPERM: operation not permitted 127.0.0.1'
  code: 'EPERM'
  stack: |-
    Server.setupListenHandle [as _listen2] (node:net:1918:21)
    listenInCluster (node:net:1997:12)
    node:net:2206:7
    process.processTicksAndRejections (node:internal/process/task_queues:89:21)
  ...
# Subtest: SCN-022/025: startup needs explicit valid target, build and port; fresh process invalidates secret
not ok 6 - SCN-022/025: startup needs explicit valid target, build and port; fresh process invalidates secret
  ---
  duration_ms: 824.781443
  type: 'test'
  location: '/Users/arndtgold/Documents/GitHub/ai-native-governance-delivery-framework/packages/control-ui/test/service.test.mjs:109:1'
  failureType: 'testCodeFailure'
  error: 'listen EPERM: operation not permitted 127.0.0.1'
  code: 'EPERM'
  stack: |-
    Server.setupListenHandle [as _listen2] (node:net:1918:21)
    listenInCluster (node:net:1997:12)
    node:net:2206:7
    process.processTicksAndRejections (node:internal/process/task_queues:89:21)
  ...
# Subtest: SCN-026: actual serialized response cap accepts exact byte limit and rejects one byte more
not ok 7 - SCN-026: actual serialized response cap accepts exact byte limit and rejects one byte more
  ---
  duration_ms: 891.229059
  type: 'test'
  location: '/Users/arndtgold/Documents/GitHub/ai-native-governance-delivery-framework/packages/control-ui/test/service.test.mjs:121:1'
  failureType: 'testCodeFailure'
  error: 'listen EPERM: operation not permitted 127.0.0.1'
  code: 'EPERM'
  stack: |-
    Server.setupListenHandle [as _listen2] (node:net:1918:21)
    listenInCluster (node:net:1997:12)
    node:net:2206:7
    process.processTicksAndRejections (node:internal/process/task_queues:89:21)
  ...
# Subtest: SCN-096/100: HTTP title batch requires opaque rows, replaces scope, rejects extras and keeps all sources unchanged
not ok 8 - SCN-096/100: HTTP title batch requires opaque rows, replaces scope, rejects extras and keeps all sources unchanged
  ---
  duration_ms: 899.387583
  type: 'test'
  location: '/Users/arndtgold/Documents/GitHub/ai-native-governance-delivery-framework/packages/control-ui/test/service.test.mjs:131:1'
  failureType: 'testCodeFailure'
  error: 'listen EPERM: operation not permitted 127.0.0.1'
  code: 'EPERM'
  stack: |-
    Server.setupListenHandle [as _listen2] (node:net:1918:21)
    listenInCluster (node:net:1997:12)
    node:net:2206:7
    process.processTicksAndRejections (node:internal/process/task_queues:89:21)
  ...
# Subtest: authenticated change wait wakes on atomic backlog replacement and preserves its snapshot binding
not ok 9 - authenticated change wait wakes on atomic backlog replacement and preserves its snapshot binding
  ---
  duration_ms: 792.288889
  type: 'test'
  location: '/Users/arndtgold/Documents/GitHub/ai-native-governance-delivery-framework/packages/control-ui/test/service.test.mjs:148:1'
  failureType: 'testCodeFailure'
  error: 'listen EPERM: operation not permitted 127.0.0.1'
  code: 'EPERM'
  stack: |-
    Server.setupListenHandle [as _listen2] (node:net:1918:21)
    listenInCluster (node:net:1997:12)
    node:net:2206:7
    process.processTicksAndRejections (node:internal/process/task_queues:89:21)
  ...
1..9
# tests 9
# suites 0
# pass 1
# fail 8
# cancelled 0
# skipped 0
# todo 0
# duration_ms 7924.093655
