
 RUN  v5.0.3 /Users/arndtgold/Documents/GitHub/ai-native-governance-delivery-framework/packages/control-ui

 ❯ test/run-documents.test.tsx (12 tests | 1 failed) 378ms
   × SCN-001/015: multiple distinct references of one gate keep separate, disambiguated actions 77ms

⎯⎯⎯⎯⎯⎯⎯ Failed Tests 1 ⎯⎯⎯⎯⎯⎯⎯

 FAIL  test/run-documents.test.tsx > SCN-001/015: multiple distinct references of one gate keep separate, disambiguated actions
TestingLibraryElementError: Unable to find an element with the text: Dokumente · 5. This could be because the text is broken up by multiple elements. In this case, you can provide a function for your text matcher to make your matcher more flexible.

Ignored nodes: comments, script, style
[36m<body>[39m
  [36m<div>[39m
    [36m<section[39m
      [33maria-label[39m=[32m"Dokumente"[39m
      [33mclass[39m=[32m"run-documents"[39m
    [36m>[39m
      [36m<h3>[39m
        [0mDokumente · [0m
        [0m4[0m
      [36m</h3>[39m
      [36m<div[39m
        [33maria-hidden[39m=[32m"true"[39m
        [33mclass[39m=[32m"run-documents-columns"[39m
      [36m>[39m
        [36m<span>[39m
          [0mDokument[0m
        [36m</span>[39m
        [36m<span>[39m
          [0mDokument ansehen[0m
        [36m</span>[39m
      [36m</div>[39m
      [36m<ul[39m
        [33mclass[39m=[32m"run-documents-list"[39m
      [36m>[39m
        [36m<li[39m
          [33mclass[39m=[32m"run-document-row"[39m
        [36m>[39m
          [36m<div[39m
            [33mclass[39m=[32m"run-document-name"[39m
          [36m>[39m
            [36m<strong>[39m
              [0mAnforderungen[0m
            [36m</strong>[39m
            [36m<span[39m
              [33mclass[39m=[32m"run-document-state"[39m
              [33mdata-document-state[39m=[32m"draft"[39m
            [36m>[39m
              [36m<span[39m
                [33maria-hidden[39m=[32m"true"[39m
              [36m>[39m
                [0m○[0m
              [36m</span>[39m
              [0m [0m
              [0mEntwurf[0m
            [36m</span>[39m
          [36m</div>[39m
          [36m<div[39m
            [33mclass[39m=[32m"run-document-action"[39m
          [36m>[39m
            [36m<button[39m
              [33maria-label[39m=[32m"Entwurf ansehen: Anforderungen"[39m
              [33mclass[39m=[32m"text-link"[39m
              [33mdata-focus-id[39m=[32m"document:UR"[39m
            [36m>[39m
              [0mEntwurf ansehen[0m
            [36m</button>[39m
          [36m</div>[39m
        [36m</li>[39m
        [36m<li[39m
          [33mclass[39m=[32m"run-document-row"[39m
        [36m>[39m
          [36m<div[39m
            [33mclass[39m=[32m"run-document-name"[39m
          [36m>[39m
            [36m<strong>[39m
              [0mProduktanforderungen[0m
            [36m</strong>[39m
            [36m<span[39m
              [33mclass[39m=[32m"run-document-state"[39m
              [33mdata-document-state[39m=[32m"draft"[39m
            [36m>[39m
              [36m<span[39m
                [33maria-hidden[39m=[32m"true"[39m
              [36m>[39m
                [0m○[0m
              [36m</span>[39m
              [0m [0m
              [0mEntwurf[0m
            [36m</span>[39m
          [36m</div>[39m
          [36m<div[39m
            [33mclass[39m=[32m"run-document-action"[39m
          [36m>[39m
            [36m<button[39m
              [33maria-label[39m=[32m"Entwurf ansehen: Produktanforderungen"[39m
              [33mclass[39m=[32m"text-link"[39m
              [33mdata-focus-id[39m=[32m"document:PRD"[39m
            [36m>[39m
              [0mEntwurf ansehen[0m
            [36m</button>[39m
          [36m</div>[39m
        [36m</li>[39m
        [36m<li[39m
          [33mclass[39m=[32m"run-document-row"[39m
        [36m>[39m
          [36m<div[39m
            [33mclass[39m=[32m"run-document-name"[39m
          [36m>[39m
            [36m<strong>[39m
              [0mLösungskonzept[0m
            [36m</strong>[39m
            [36m<span[39m
              [33mclass[39m=[32m"run-document-state"[39m
              [33mdata-document-state[39m=[32m"draft"[39m
            [36m>[39m
              [36m<span[39m
                [33maria-hidden[39m=[32m"true"[39m
              [36m>[39m
                [0m○[0m
              [36m</span>[39m
              [0m [0m
              [0mEntwurf[0m
            [36m</span>[39m
          [36m</div>[39m
          [36m<div[39m
            [33mclass[39m=[32m"run-document-action"[39m
          [36m>[39m
            [36m<button[39m
              [33maria-label[39m=[32m"Entwurf ansehen: Lösungskonzept"[39m
              [33mclass[39m=[32m"text-link"[39m
              [33mdata-focus-id[39m=[32m"document:SD"[39m
            [36m>[39m
              [0mEntwurf ansehen[0m
            [36m</button>[39m
          [36m</div>[39m
        [36m</li>[39m
        [36m<li[39m
          [33mclass[39m=[32m"run-document-row"[39m
        [36m>[39m
          [36m<div[39m
            [33mclass[39m=[32m"run-document-name"[39m
          [36m>[39m
            [36m<strong>[39m
              [0mUmsetzungs- und Prüfplan[0m
            [36m</strong>[39m
            [36m<span[39m
              [33mclass[39m=[32m"run-document-state"[39m
              [33mdata-document-state[39m=[32m"draft"[39m
            [36m>[39m
              [36m<span[39m
                [33maria-hidden[39m=[32m"true"[39m
              [36m>[39m
                [0m○[0m
              [36m</span>[39m
              [0m [0m
              [0mEntwurf[0m
            [36m</span>[39m
          [36m</div>[39m
          [36m<div[39m
            [33mclass[39m=[32m"run-document-action"[39m
          [36m>[39m
            [36m<button[39m
              [33maria-label[39m=[32m"Entwurf ansehen: Umsetzungs- und Prüfplan"[39m
              [33mclass[39m=[32m"text-link"[39m
              [33mdata-focus-id[39m=[32m"document:TP"[39m
            [36m>[39m
              [0mEntwurf ansehen[0m
            [36m</button>[39m
          [36m</div>[39m
        [36m</li>[39m
      [36m</ul>[39m
    [36m</section>[39m
  [36m</div>[39m
[36m</body>[39m
 ❯ Object.getElementError node_modules/@testing-library/dom/dist/config.js:37:19
 ❯ node_modules/@testing-library/dom/dist/query-helpers.js:76:38
 ❯ node_modules/@testing-library/dom/dist/query-helpers.js:52:17
 ❯ node_modules/@testing-library/dom/dist/query-helpers.js:95:19
 ❯ test/run-documents.test.tsx:14:17
     12|   data.document_states!.push({...data.document_states![0],resource_id:…
     13|   render(<RunDocuments data={data} onOpen={open}/>);
     14|   expect(screen.getByText('Dokumente · 5')).toBeTruthy();
       |                 ^
     15|   const actions = screen.getAllByRole('button'); expect(actions).toHav…
     16|   fireEvent.click(actions[4]); expect(open).toHaveBeenCalledWith(extra…

⎯⎯⎯⎯⎯⎯⎯⎯⎯⎯⎯⎯⎯⎯⎯⎯⎯⎯⎯⎯⎯⎯⎯⎯[1/1]⎯


 Test Files  1 failed | 10 passed (11)
      Tests  1 failed | 122 passed (123)
   Start at  10:18:41
   Duration  9.91s (tests 37%, environment 36%, import 22%, transform 5%)

Environment  jsdom was created 11 times · 8.97s total, 36% of tracked time
             create it once per worker with pool: 'vmThreads' (keeps per-file isolation) or isolate: false (shares it across files)
             learn more: https://vitest.dev/guide/improving-performance#test-environments

