TAP version 13
# Subtest: SCN-001/002/008/020: active/completed/invalid inventory, registered resources and full byte invariance
ok 1 - SCN-001/002/008/020: active/completed/invalid inventory, registered resources and full byte invariance
  ---
  duration_ms: 2032.344494
  type: 'test'
  ...
# Subtest: SCN-010: missing, binary, invalid UTF8 and inclusive preview boundary
ok 2 - SCN-010: missing, binary, invalid UTF8 and inclusive preview boundary
  ---
  duration_ms: 1670.312965
  type: 'test'
  ...
# Subtest: SCN-006/015: document mutation invalidates existing related reads and new snapshot selectors
ok 3 - SCN-006/015: document mutation invalidates existing related reads and new snapshot selectors
  ---
  duration_ms: 1405.888915
  type: 'test'
  ...
# Subtest: SCN-002/008: absent and genuinely empty stores differ, JSON/text retain exact source and registered links resolve only within manifest
ok 4 - SCN-002/008: absent and genuinely empty stores differ, JSON/text retain exact source and registered links resolve only within manifest
  ---
  duration_ms: 678.559899
  type: 'test'
  ...
1..4
# tests 4
# suites 0
# pass 4
# fail 0
# cancelled 0
# skipped 0
# todo 0
# duration_ms 5799.582637
