TAP version 13
# Subtest: SCN-019: async contexts isolate two targets and restore live behavior
ok 1 - SCN-019: async contexts isolate two targets and restore live behavior
  ---
  duration_ms: 1484.767266
  type: 'test'
  ...
# Subtest: SCN-004: captured evaluator, original target and live-default parity
ok 2 - SCN-004: captured evaluator, original target and live-default parity
  ---
  duration_ms: 784.756884
  type: 'test'
  ...
1..2
# tests 2
# suites 0
# pass 2
# fail 0
# cancelled 0
# skipped 0
# todo 0
# duration_ms 2340.719431
