TAP version 13
# Subtest: SCN-013: private immutable bytes, edits and membership invalidate revalidation
ok 1 - SCN-013: private immutable bytes, edits and membership invalidate revalidation
  ---
  duration_ms: 49.075037
  type: 'test'
  ...
# Subtest: SCN-013: deterministic mutations during capture retry once, then fail
ok 2 - SCN-013: deterministic mutations during capture retry once, then fail
  ---
  duration_ms: 21.313526
  type: 'test'
  ...
# Subtest: SCN-023: file and ancestor symlinks and out-of-control reads are denied
ok 3 - SCN-023: file and ancestor symlinks and out-of-control reads are denied
  ---
  duration_ms: 112.43064
  type: 'test'
  ...
# Subtest: SCN-026: inclusive file-count/per-file/aggregate boundaries and time limit
ok 4 - SCN-026: inclusive file-count/per-file/aggregate boundaries and time limit
  ---
  duration_ms: 15.834349
  type: 'test'
  ...
1..4
# tests 4
# suites 0
# pass 4
# fail 0
# cancelled 0
# skipped 0
# todo 0
# duration_ms 270.710741
