
> agdf-control-ui@0.0.0 test:browser
> playwright test


Running 20 tests using 1 worker

(node:18783) Warning: The 'NO_COLOR' env is ignored due to the 'FORCE_COLOR' env being set.
(Use `node --trace-warnings ...` to show where the warning was created)
(node:18805) Warning: The 'NO_COLOR' env is ignored due to the 'FORCE_COLOR' env being set.
(Use `node --trace-warnings ...` to show where the warning was created)
(node:18783) Warning: The 'NO_COLOR' env is ignored due to the 'FORCE_COLOR' env being set.
(Use `node --trace-warnings ...` to show where the warning was created)
  ✘   1 test/browser/backlog-titles.spec.mjs:7:1 › SCN-084/085/092/093/094/095/100: stable stored titles and supplementary UR details, reversed order, scope replacement and unchanged sources in light/dark (2.0s)
(node:18815) Warning: The 'NO_COLOR' env is ignored due to the 'FORCE_COLOR' env being set.
(Use `node --trace-warnings ...` to show where the warning was created)
(node:18827) Warning: The 'NO_COLOR' env is ignored due to the 'FORCE_COLOR' env being set.
(Use `node --trace-warnings ...` to show where the warning was created)
(node:18815) Warning: The 'NO_COLOR' env is ignored due to the 'FORCE_COLOR' env being set.
(Use `node --trace-warnings ...` to show where the warning was created)
  ✓   2 test/browser/backlog.spec.mjs:14:1 › backlog areas filter stored entries locally, keep search on return, and match Pages in light/dark at four widths (3.5s)
(node:18850) Warning: The 'NO_COLOR' env is ignored due to the 'FORCE_COLOR' env being set.
(Use `node --trace-warnings ...` to show where the warning was created)
(node:18815) Warning: The 'NO_COLOR' env is ignored due to the 'FORCE_COLOR' env being set.
(Use `node --trace-warnings ...` to show where the warning was created)
  ✓   3 test/browser/backlog.spec.mjs:65:1 › a malformed planned section does not turn its count into zero or obscure readable active entries (1.5s)
(node:18864) Warning: The 'NO_COLOR' env is ignored due to the 'FORCE_COLOR' env being set.
(Use `node --trace-warnings ...` to show where the warning was created)
(node:18815) Warning: The 'NO_COLOR' env is ignored due to the 'FORCE_COLOR' env being set.
(Use `node --trace-warnings ...` to show where the warning was created)
  ✓   4 test/browser/backlog.spec.mjs:79:1 › SCN-008/009/011/012/013: compact active five-preview, full search, long wrapped rows and exact expanded return (2.9s)
(node:18882) Warning: The 'NO_COLOR' env is ignored due to the 'FORCE_COLOR' env being set.
(Use `node --trace-warnings ...` to show where the warning was created)
(node:18815) Warning: The 'NO_COLOR' env is ignored due to the 'FORCE_COLOR' env being set.
(Use `node --trace-warnings ...` to show where the warning was created)
  ✓   5 test/browser/changes.spec.mjs:7:40 › actual light overview waits for deliberate reload after a file event (1.5s)
(node:18889) Warning: The 'NO_COLOR' env is ignored due to the 'FORCE_COLOR' env being set.
(Use `node --trace-warnings ...` to show where the warning was created)
(node:18815) Warning: The 'NO_COLOR' env is ignored due to the 'FORCE_COLOR' env being set.
(Use `node --trace-warnings ...` to show where the warning was created)
  ✓   6 test/browser/changes.spec.mjs:7:40 › actual dark overview waits for deliberate reload after a file event (2.0s)
(node:18905) Warning: The 'NO_COLOR' env is ignored due to the 'FORCE_COLOR' env being set.
(Use `node --trace-warnings ...` to show where the warning was created)
(node:18815) Warning: The 'NO_COLOR' env is ignored due to the 'FORCE_COLOR' env being set.
(Use `node --trace-warnings ...` to show where the warning was created)
  ✓   7 test/browser/changes.spec.mjs:44:40 › light changed original uses the header dot until deliberate reload (2.4s)
(node:18912) Warning: The 'NO_COLOR' env is ignored due to the 'FORCE_COLOR' env being set.
(Use `node --trace-warnings ...` to show where the warning was created)
(node:18815) Warning: The 'NO_COLOR' env is ignored due to the 'FORCE_COLOR' env being set.
(Use `node --trace-warnings ...` to show where the warning was created)
  ✓   8 test/browser/changes.spec.mjs:44:40 › dark changed original uses the header dot until deliberate reload (2.5s)
(node:18924) Warning: The 'NO_COLOR' env is ignored due to the 'FORCE_COLOR' env being set.
(Use `node --trace-warnings ...` to show where the warning was created)
(node:18815) Warning: The 'NO_COLOR' env is ignored due to the 'FORCE_COLOR' env being set.
(Use `node --trace-warnings ...` to show where the warning was created)
  ✓   9 test/browser/journeys.spec.mjs:28:1 › document orientation separates approved Run facts from draft originals in both Pages themes (15.8s)
(node:18975) Warning: The 'NO_COLOR' env is ignored due to the 'FORCE_COLOR' env being set.
(Use `node --trace-warnings ...` to show where the warning was created)
(node:18815) Warning: The 'NO_COLOR' env is ignored due to the 'FORCE_COLOR' env being set.
(Use `node --trace-warnings ...` to show where the warning was created)
  ✓  10 test/browser/journeys.spec.mjs:106:1 › SCN-044: Pages fonts survive host body overrides across card, list, Run and document (4.8s)
(node:18983) Warning: The 'NO_COLOR' env is ignored due to the 'FORCE_COLOR' env being set.
(Use `node --trace-warnings ...` to show where the warning was created)
(node:18815) Warning: The 'NO_COLOR' env is ignored due to the 'FORCE_COLOR' env being set.
(Use `node --trace-warnings ...` to show where the warning was created)
  ✓  11 test/browser/journeys.spec.mjs:163:1 › SCN-002/005/007/008/010: explicit graph inspection stays passive and readable at container boundaries (2.1s)
(node:19019) Warning: The 'NO_COLOR' env is ignored due to the 'FORCE_COLOR' env being set.
(Use `node --trace-warnings ...` to show where the warning was created)
(node:18815) Warning: The 'NO_COLOR' env is ignored due to the 'FORCE_COLOR' env being set.
(Use `node --trace-warnings ...` to show where the warning was created)
  ✓  12 test/browser/journeys.spec.mjs:190:1 › SCN-003/007/028/031: copied repository sources, explicit stored pointers, keyboard focus, source fidelity and unchanged bytes (9.2s)
(node:19074) Warning: The 'NO_COLOR' env is ignored due to the 'FORCE_COLOR' env being set.
(Use `node --trace-warnings ...` to show where the warning was created)
(node:18815) Warning: The 'NO_COLOR' env is ignored due to the 'FORCE_COLOR' env being set.
(Use `node --trace-warnings ...` to show where the warning was created)
  ✓  13 test/browser/journeys.spec.mjs:233:1 › SCN-005/010/012/028: visible invalid run, persisted discrepancy, missing and unsupported documents (2.0s)
(node:19076) Warning: The 'NO_COLOR' env is ignored due to the 'FORCE_COLOR' env being set.
(Use `node --trace-warnings ...` to show where the warning was created)
(node:18815) Warning: The 'NO_COLOR' env is ignored due to the 'FORCE_COLOR' env being set.
(Use `node --trace-warnings ...` to show where the warning was created)
  ✓  14 test/browser/journeys.spec.mjs:254:1 › SCN-009/014/018/024: hostile document, stale reload, retry and removed selection (2.2s)
(node:19088) Warning: The 'NO_COLOR' env is ignored due to the 'FORCE_COLOR' env being set.
(Use `node --trace-warnings ...` to show where the warning was created)
(node:18815) Warning: The 'NO_COLOR' env is ignored due to the 'FORCE_COLOR' env being set.
(Use `node --trace-warnings ...` to show where the warning was created)
  ✓  15 test/browser/journeys.spec.mjs:276:1 › sticky card and document headers, sliding view selector and narrow summary retain source identity (2.6s)
(node:19127) Warning: The 'NO_COLOR' env is ignored due to the 'FORCE_COLOR' env being set.
(Use `node --trace-warnings ...` to show where the warning was created)
(node:18815) Warning: The 'NO_COLOR' env is ignored due to the 'FORCE_COLOR' env being set.
(Use `node --trace-warnings ...` to show where the warning was created)
  ✓  16 test/browser/journeys.spec.mjs:327:1 › summary leads with the work step and stale reads never claim a missing Run or current control (6.3s)
(node:19129) Warning: The 'NO_COLOR' env is ignored due to the 'FORCE_COLOR' env being set.
(Use `node --trace-warnings ...` to show where the warning was created)
(node:18815) Warning: The 'NO_COLOR' env is ignored due to the 'FORCE_COLOR' env being set.
(Use `node --trace-warnings ...` to show where the warning was created)
  ✓  17 test/browser/journeys.spec.mjs:358:1 › neutral light reading planes and Pages dark surfaces survive host colors across all views (5.1s)
(node:19132) Warning: The 'NO_COLOR' env is ignored due to the 'FORCE_COLOR' env being set.
(Use `node --trace-warnings ...` to show where the warning was created)
(node:18815) Warning: The 'NO_COLOR' env is ignored due to the 'FORCE_COLOR' env being set.
(Use `node --trace-warnings ...` to show where the warning was created)
  ✓  18 test/browser/journeys.spec.mjs:437:1 › Pages action and type hierarchy retains the Cockpit neutral light palette (3.0s)
(node:19135) Warning: The 'NO_COLOR' env is ignored due to the 'FORCE_COLOR' env being set.
(Use `node --trace-warnings ...` to show where the warning was created)
(node:18815) Warning: The 'NO_COLOR' env is ignored due to the 'FORCE_COLOR' env being set.
(Use `node --trace-warnings ...` to show where the warning was created)
  ✓  19 test/browser/journeys.spec.mjs:505:1 › work action leads, qualifications stay honest and evidence access survives responsive keyboard navigation (2.4s)
(node:19137) Warning: The 'NO_COLOR' env is ignored due to the 'FORCE_COLOR' env being set.
(Use `node --trace-warnings ...` to show where the warning was created)
(node:18815) Warning: The 'NO_COLOR' env is ignored due to the 'FORCE_COLOR' env being set.
(Use `node --trace-warnings ...` to show where the warning was created)
  ✓  20 test/browser/scoped.spec.mjs:6:1 › scoped HTTP reading preserves stored backlog, source navigation and Pages themes at four widths (2.6s)


  1) test/browser/backlog-titles.spec.mjs:7:1 › SCN-084/085/092/093/094/095/100: stable stored titles and supplementary UR details, reversed order, scope replacement and unchanged sources in light/dark 

    Error: expect(received).toBe(expected) // Object.is equality

    Expected: 1
    Received: 0

      24 |     await expect(page.getByRole('button',{name:'Aktiv 40'})).toBeVisible();
      25 |     expect(await page.locator('.undertaking-list li h3').first().textContent()).toBe('Technischer Backlog 39');
    > 26 |     expect(batches.flat().length).toBeLessThan(12); expect(maxActive).toBe(1);
         |                                                                       ^
      27 |     expect(bodies.every(b=>b.data.file_count<=batches[bodies.indexOf(b)].length+1)).toBe(true);
      28 |     await expect(page.getByRole('button',{name:'Technischer Backlog 0',exact:true})).toBeAttached();
      29 |     await expect(page.locator('.row-source[open]')).toHaveCount(0);
        at /Users/arndtgold/Documents/GitHub/ai-native-governance-delivery-framework/packages/control-ui/test/browser/backlog-titles.spec.mjs:26:71

    Error Context: test-results/backlog-titles-SCN-084-085-10769-anged-sources-in-light-dark/error-context.md

  1 failed
    test/browser/backlog-titles.spec.mjs:7:1 › SCN-084/085/092/093/094/095/100: stable stored titles and supplementary UR details, reversed order, scope replacement and unchanged sources in light/dark 
  19 passed (1.3m)
