
> agdf-control-ui@0.0.0 test:browser
> playwright test


Running 20 tests using 1 worker

(node:21987) Warning: The 'NO_COLOR' env is ignored due to the 'FORCE_COLOR' env being set.
(Use `node --trace-warnings ...` to show where the warning was created)
(node:22018) Warning: The 'NO_COLOR' env is ignored due to the 'FORCE_COLOR' env being set.
(Use `node --trace-warnings ...` to show where the warning was created)
(node:21987) Warning: The 'NO_COLOR' env is ignored due to the 'FORCE_COLOR' env being set.
(Use `node --trace-warnings ...` to show where the warning was created)
  ✓   1 test/browser/backlog-titles.spec.mjs:7:1 › SCN-084/085/092/093/094/095/100: stable stored titles and supplementary UR details, reversed order, scope replacement and unchanged sources in light/dark (2.9s)
(node:22059) Warning: The 'NO_COLOR' env is ignored due to the 'FORCE_COLOR' env being set.
(Use `node --trace-warnings ...` to show where the warning was created)
(node:21987) Warning: The 'NO_COLOR' env is ignored due to the 'FORCE_COLOR' env being set.
(Use `node --trace-warnings ...` to show where the warning was created)
  ✓   2 test/browser/backlog.spec.mjs:14:1 › backlog areas filter stored entries locally, keep search on return, and match Pages in light/dark at four widths (5.9s)
(node:22232) Warning: The 'NO_COLOR' env is ignored due to the 'FORCE_COLOR' env being set.
(Use `node --trace-warnings ...` to show where the warning was created)
(node:21987) Warning: The 'NO_COLOR' env is ignored due to the 'FORCE_COLOR' env being set.
(Use `node --trace-warnings ...` to show where the warning was created)
  ✓   3 test/browser/backlog.spec.mjs:65:1 › a malformed planned section does not turn its count into zero or obscure readable active entries (1.8s)
(node:22238) Warning: The 'NO_COLOR' env is ignored due to the 'FORCE_COLOR' env being set.
(Use `node --trace-warnings ...` to show where the warning was created)
(node:21987) Warning: The 'NO_COLOR' env is ignored due to the 'FORCE_COLOR' env being set.
(Use `node --trace-warnings ...` to show where the warning was created)
  ✓   4 test/browser/backlog.spec.mjs:79:1 › SCN-008/009/011/012/013: compact active five-preview, full search, long wrapped rows and exact expanded return (3.9s)
(node:22297) Warning: The 'NO_COLOR' env is ignored due to the 'FORCE_COLOR' env being set.
(Use `node --trace-warnings ...` to show where the warning was created)
(node:21987) Warning: The 'NO_COLOR' env is ignored due to the 'FORCE_COLOR' env being set.
(Use `node --trace-warnings ...` to show where the warning was created)
  ✓   5 test/browser/changes.spec.mjs:7:40 › actual light overview waits for deliberate reload after a file event (3.6s)
(node:22368) Warning: The 'NO_COLOR' env is ignored due to the 'FORCE_COLOR' env being set.
(Use `node --trace-warnings ...` to show where the warning was created)
(node:21987) Warning: The 'NO_COLOR' env is ignored due to the 'FORCE_COLOR' env being set.
(Use `node --trace-warnings ...` to show where the warning was created)
  ✓   6 test/browser/changes.spec.mjs:7:40 › actual dark overview waits for deliberate reload after a file event (2.7s)
(node:22378) Warning: The 'NO_COLOR' env is ignored due to the 'FORCE_COLOR' env being set.
(Use `node --trace-warnings ...` to show where the warning was created)
(node:21987) Warning: The 'NO_COLOR' env is ignored due to the 'FORCE_COLOR' env being set.
(Use `node --trace-warnings ...` to show where the warning was created)
  ✓   7 test/browser/changes.spec.mjs:44:40 › light changed original uses the header dot until deliberate reload (2.7s)
(node:22403) Warning: The 'NO_COLOR' env is ignored due to the 'FORCE_COLOR' env being set.
(Use `node --trace-warnings ...` to show where the warning was created)
(node:21987) Warning: The 'NO_COLOR' env is ignored due to the 'FORCE_COLOR' env being set.
(Use `node --trace-warnings ...` to show where the warning was created)
  ✓   8 test/browser/changes.spec.mjs:44:40 › dark changed original uses the header dot until deliberate reload (2.6s)
(node:22429) Warning: The 'NO_COLOR' env is ignored due to the 'FORCE_COLOR' env being set.
(Use `node --trace-warnings ...` to show where the warning was created)
(node:21987) Warning: The 'NO_COLOR' env is ignored due to the 'FORCE_COLOR' env being set.
(Use `node --trace-warnings ...` to show where the warning was created)
  ✓   9 test/browser/journeys.spec.mjs:28:1 › document orientation separates approved Run facts from draft originals in both Pages themes (12.3s)
(node:22515) Warning: The 'NO_COLOR' env is ignored due to the 'FORCE_COLOR' env being set.
(Use `node --trace-warnings ...` to show where the warning was created)
(node:21987) Warning: The 'NO_COLOR' env is ignored due to the 'FORCE_COLOR' env being set.
(Use `node --trace-warnings ...` to show where the warning was created)
  ✓  10 test/browser/journeys.spec.mjs:106:1 › SCN-044: Pages fonts survive host body overrides across card, list, Run and document (5.1s)
(node:22547) Warning: The 'NO_COLOR' env is ignored due to the 'FORCE_COLOR' env being set.
(Use `node --trace-warnings ...` to show where the warning was created)
(node:21987) Warning: The 'NO_COLOR' env is ignored due to the 'FORCE_COLOR' env being set.
(Use `node --trace-warnings ...` to show where the warning was created)
  ✓  11 test/browser/journeys.spec.mjs:163:1 › SCN-002/005/007/008/010: explicit graph inspection stays passive and readable at container boundaries (2.8s)
(node:22608) Warning: The 'NO_COLOR' env is ignored due to the 'FORCE_COLOR' env being set.
(Use `node --trace-warnings ...` to show where the warning was created)
(node:21987) Warning: The 'NO_COLOR' env is ignored due to the 'FORCE_COLOR' env being set.
(Use `node --trace-warnings ...` to show where the warning was created)
  ✓  12 test/browser/journeys.spec.mjs:190:1 › SCN-003/007/028/031: copied repository sources, explicit stored pointers, keyboard focus, source fidelity and unchanged bytes (9.0s)
(node:22632) Warning: The 'NO_COLOR' env is ignored due to the 'FORCE_COLOR' env being set.
(Use `node --trace-warnings ...` to show where the warning was created)
(node:21987) Warning: The 'NO_COLOR' env is ignored due to the 'FORCE_COLOR' env being set.
(Use `node --trace-warnings ...` to show where the warning was created)
  ✓  13 test/browser/journeys.spec.mjs:233:1 › SCN-005/010/012/028: visible invalid run, persisted discrepancy, missing and unsupported documents (2.0s)
(node:22656) Warning: The 'NO_COLOR' env is ignored due to the 'FORCE_COLOR' env being set.
(Use `node --trace-warnings ...` to show where the warning was created)
(node:21987) Warning: The 'NO_COLOR' env is ignored due to the 'FORCE_COLOR' env being set.
(Use `node --trace-warnings ...` to show where the warning was created)
  ✓  14 test/browser/journeys.spec.mjs:254:1 › SCN-009/014/018/024: hostile document, stale reload, retry and removed selection (2.2s)
(node:22685) Warning: The 'NO_COLOR' env is ignored due to the 'FORCE_COLOR' env being set.
(Use `node --trace-warnings ...` to show where the warning was created)
(node:21987) Warning: The 'NO_COLOR' env is ignored due to the 'FORCE_COLOR' env being set.
(Use `node --trace-warnings ...` to show where the warning was created)
  ✓  15 test/browser/journeys.spec.mjs:276:1 › sticky card and document headers, sliding view selector and narrow summary retain source identity (2.6s)
(node:22694) Warning: The 'NO_COLOR' env is ignored due to the 'FORCE_COLOR' env being set.
(Use `node --trace-warnings ...` to show where the warning was created)
(node:21987) Warning: The 'NO_COLOR' env is ignored due to the 'FORCE_COLOR' env being set.
(Use `node --trace-warnings ...` to show where the warning was created)
  ✓  16 test/browser/journeys.spec.mjs:327:1 › summary leads with the work step and stale reads never claim a missing Run or current control (6.6s)
(node:22742) Warning: The 'NO_COLOR' env is ignored due to the 'FORCE_COLOR' env being set.
(Use `node --trace-warnings ...` to show where the warning was created)
(node:21987) Warning: The 'NO_COLOR' env is ignored due to the 'FORCE_COLOR' env being set.
(Use `node --trace-warnings ...` to show where the warning was created)
  ✓  17 test/browser/journeys.spec.mjs:358:1 › neutral light reading planes and Pages dark surfaces survive host colors across all views (5.4s)
(node:22808) Warning: The 'NO_COLOR' env is ignored due to the 'FORCE_COLOR' env being set.
(Use `node --trace-warnings ...` to show where the warning was created)
(node:21987) Warning: The 'NO_COLOR' env is ignored due to the 'FORCE_COLOR' env being set.
(Use `node --trace-warnings ...` to show where the warning was created)
  ✓  18 test/browser/journeys.spec.mjs:437:1 › Pages action and type hierarchy retains the Cockpit neutral light palette (3.3s)
(node:22816) Warning: The 'NO_COLOR' env is ignored due to the 'FORCE_COLOR' env being set.
(Use `node --trace-warnings ...` to show where the warning was created)
(node:21987) Warning: The 'NO_COLOR' env is ignored due to the 'FORCE_COLOR' env being set.
(Use `node --trace-warnings ...` to show where the warning was created)
  ✓  19 test/browser/journeys.spec.mjs:505:1 › work action leads, qualifications stay honest and evidence access survives responsive keyboard navigation (2.8s)
(node:22834) Warning: The 'NO_COLOR' env is ignored due to the 'FORCE_COLOR' env being set.
(Use `node --trace-warnings ...` to show where the warning was created)
(node:21987) Warning: The 'NO_COLOR' env is ignored due to the 'FORCE_COLOR' env being set.
(Use `node --trace-warnings ...` to show where the warning was created)
  ✓  20 test/browser/scoped.spec.mjs:6:1 › scoped HTTP reading preserves stored backlog, source navigation and Pages themes at four widths (3.0s)

  20 passed (1.4m)
