
> agdf-control-ui@0.0.0 test
> node --test test/service.test.mjs && vitest run

TAP version 13
# Subtest: SCN-020/022/032: loopback authenticated read journey, origin/method/selector boundaries, headers and unchanged tree
ok 1 - SCN-020/022/032: loopback authenticated read journey, origin/method/selector boundaries, headers and unchanged tree
  ---
  duration_ms: 1264.900419
  type: 'test'
  ...
# Subtest: SCN-017/026: one active and one queued job, cancellation, deadline, and shutdown
ok 2 - SCN-017/026: one active and one queued job, cancellation, deadline, and shutdown
  ---
  duration_ms: 452.2159
  type: 'test'
  ...
# Subtest: SCN-011/017: worker failure is bounded and retry succeeds without internal exception leakage
ok 3 - SCN-011/017: worker failure is bounded and retry succeeds without internal exception leakage
  ---
  duration_ms: 726.764439
  type: 'test'
  ...
# Subtest: SCN-022/025: startup needs explicit valid target, build and port; fresh process invalidates secret
ok 4 - SCN-022/025: startup needs explicit valid target, build and port; fresh process invalidates secret
  ---
  duration_ms: 564.991674
  type: 'test'
  ...
# Subtest: SCN-026: actual serialized response cap accepts exact byte limit and rejects one byte more
ok 5 - SCN-026: actual serialized response cap accepts exact byte limit and rejects one byte more
  ---
  duration_ms: 787.969876
  type: 'test'
  ...
# Subtest: SCN-096/100: HTTP title batch requires opaque rows, replaces scope, rejects extras and keeps all sources unchanged
ok 6 - SCN-096/100: HTTP title batch requires opaque rows, replaces scope, rejects extras and keeps all sources unchanged
  ---
  duration_ms: 668.247001
  type: 'test'
  ...
# Subtest: authenticated change wait wakes on atomic backlog replacement and preserves its snapshot binding
ok 7 - authenticated change wait wakes on atomic backlog replacement and preserves its snapshot binding
  ---
  duration_ms: 831.530334
  type: 'test'
  ...
1..7
# tests 7
# suites 0
# pass 7
# fail 0
# cancelled 0
# skipped 0
# todo 0
# duration_ms 5654.266817

 RUN  v5.0.3 /Users/arndtgold/Documents/GitHub/ai-native-governance-delivery-framework/packages/control-ui


 Test Files  13 passed (13)
      Tests  129 passed (129)
   Start at  17:19:14
   Duration  15.04s (tests 38%, environment 37%, import 21%, transform 4%)

Environment  jsdom was created 13 times · 13.50s total, 37% of tracked time
             create it once per worker with pool: 'vmThreads' (keeps per-file isolation) or isolate: false (shares it across files)
             learn more: https://vitest.dev/guide/improving-performance#test-environments

