
Running 15 tests using 1 worker

(node:97593) Warning: The 'NO_COLOR' env is ignored due to the 'FORCE_COLOR' env being set.
(Use `node --trace-warnings ...` to show where the warning was created)
(node:97611) Warning: The 'NO_COLOR' env is ignored due to the 'FORCE_COLOR' env being set.
(Use `node --trace-warnings ...` to show where the warning was created)
(node:97593) Warning: The 'NO_COLOR' env is ignored due to the 'FORCE_COLOR' env being set.
(Use `node --trace-warnings ...` to show where the warning was created)
  ✓   1 packages/control-ui/test/browser/backlog-titles.spec.mjs:7:1 › SCN-084/085/092/093/094/095/100: real visible UR titles, reversed order, scope replacement and unchanged sources in light/dark (3.2s)
(node:97614) Warning: The 'NO_COLOR' env is ignored due to the 'FORCE_COLOR' env being set.
(Use `node --trace-warnings ...` to show where the warning was created)
(node:97593) Warning: The 'NO_COLOR' env is ignored due to the 'FORCE_COLOR' env being set.
(Use `node --trace-warnings ...` to show where the warning was created)
  ✓   2 packages/control-ui/test/browser/backlog.spec.mjs:14:1 › backlog areas filter stored entries locally, keep search on return, and match Pages in light/dark at four widths (2.9s)
(node:97622) Warning: The 'NO_COLOR' env is ignored due to the 'FORCE_COLOR' env being set.
(Use `node --trace-warnings ...` to show where the warning was created)
(node:97593) Warning: The 'NO_COLOR' env is ignored due to the 'FORCE_COLOR' env being set.
(Use `node --trace-warnings ...` to show where the warning was created)
  ✓   3 packages/control-ui/test/browser/backlog.spec.mjs:65:1 › a malformed planned section does not turn its count into zero or obscure readable active entries (1.3s)
(node:97628) Warning: The 'NO_COLOR' env is ignored due to the 'FORCE_COLOR' env being set.
(Use `node --trace-warnings ...` to show where the warning was created)
(node:97593) Warning: The 'NO_COLOR' env is ignored due to the 'FORCE_COLOR' env being set.
(Use `node --trace-warnings ...` to show where the warning was created)
  ✓   4 packages/control-ui/test/browser/journeys.spec.mjs:28:1 › document orientation separates approved Run facts from draft originals in both Pages themes (10.6s)
(node:97645) Warning: The 'NO_COLOR' env is ignored due to the 'FORCE_COLOR' env being set.
(Use `node --trace-warnings ...` to show where the warning was created)
(node:97593) Warning: The 'NO_COLOR' env is ignored due to the 'FORCE_COLOR' env being set.
(Use `node --trace-warnings ...` to show where the warning was created)
  ✓   5 packages/control-ui/test/browser/journeys.spec.mjs:106:1 › SCN-044: Pages fonts survive host body overrides across card, list, Run and document (5.1s)
(node:97656) Warning: The 'NO_COLOR' env is ignored due to the 'FORCE_COLOR' env being set.
(Use `node --trace-warnings ...` to show where the warning was created)
(node:97593) Warning: The 'NO_COLOR' env is ignored due to the 'FORCE_COLOR' env being set.
(Use `node --trace-warnings ...` to show where the warning was created)
  ✓   6 packages/control-ui/test/browser/journeys.spec.mjs:163:1 › SCN-002/005/007/008/010: explicit graph inspection stays passive and readable at container boundaries (2.8s)
(node:97692) Warning: The 'NO_COLOR' env is ignored due to the 'FORCE_COLOR' env being set.
(Use `node --trace-warnings ...` to show where the warning was created)
(node:97593) Warning: The 'NO_COLOR' env is ignored due to the 'FORCE_COLOR' env being set.
(Use `node --trace-warnings ...` to show where the warning was created)
  ✓   7 packages/control-ui/test/browser/journeys.spec.mjs:190:1 › SCN-003/007/028/031: copied repository sources, explicit stored pointers, keyboard focus, source fidelity and unchanged bytes (9.3s)
(node:97699) Warning: The 'NO_COLOR' env is ignored due to the 'FORCE_COLOR' env being set.
(Use `node --trace-warnings ...` to show where the warning was created)
(node:97593) Warning: The 'NO_COLOR' env is ignored due to the 'FORCE_COLOR' env being set.
(Use `node --trace-warnings ...` to show where the warning was created)
  ✓   8 packages/control-ui/test/browser/journeys.spec.mjs:229:1 › SCN-005/010/012/028: visible invalid run, persisted discrepancy, missing and unsupported documents (2.0s)
(node:97702) Warning: The 'NO_COLOR' env is ignored due to the 'FORCE_COLOR' env being set.
(Use `node --trace-warnings ...` to show where the warning was created)
(node:97593) Warning: The 'NO_COLOR' env is ignored due to the 'FORCE_COLOR' env being set.
(Use `node --trace-warnings ...` to show where the warning was created)
  ✓   9 packages/control-ui/test/browser/journeys.spec.mjs:250:1 › SCN-009/014/018/024: hostile document, stale reload, retry and removed selection (7.6s)
(node:97750) Warning: The 'NO_COLOR' env is ignored due to the 'FORCE_COLOR' env being set.
(Use `node --trace-warnings ...` to show where the warning was created)
(node:97593) Warning: The 'NO_COLOR' env is ignored due to the 'FORCE_COLOR' env being set.
(Use `node --trace-warnings ...` to show where the warning was created)
  ✓  10 packages/control-ui/test/browser/journeys.spec.mjs:272:1 › sticky card and document headers, sliding view selector and narrow summary retain source identity (2.6s)
(node:97752) Warning: The 'NO_COLOR' env is ignored due to the 'FORCE_COLOR' env being set.
(Use `node --trace-warnings ...` to show where the warning was created)
(node:97593) Warning: The 'NO_COLOR' env is ignored due to the 'FORCE_COLOR' env being set.
(Use `node --trace-warnings ...` to show where the warning was created)
  ✓  11 packages/control-ui/test/browser/journeys.spec.mjs:323:1 › summary leads with the work step and stale reads never claim a missing Run or current control (6.6s)
(node:97754) Warning: The 'NO_COLOR' env is ignored due to the 'FORCE_COLOR' env being set.
(Use `node --trace-warnings ...` to show where the warning was created)
(node:97593) Warning: The 'NO_COLOR' env is ignored due to the 'FORCE_COLOR' env being set.
(Use `node --trace-warnings ...` to show where the warning was created)
  ✓  12 packages/control-ui/test/browser/journeys.spec.mjs:356:1 › neutral light reading planes and Pages dark surfaces survive host colors across all views (5.3s)
(node:97759) Warning: The 'NO_COLOR' env is ignored due to the 'FORCE_COLOR' env being set.
(Use `node --trace-warnings ...` to show where the warning was created)
(node:97593) Warning: The 'NO_COLOR' env is ignored due to the 'FORCE_COLOR' env being set.
(Use `node --trace-warnings ...` to show where the warning was created)
  ✓  13 packages/control-ui/test/browser/journeys.spec.mjs:433:1 › Pages action and type hierarchy retains the Cockpit neutral light palette (3.2s)
(node:97762) Warning: The 'NO_COLOR' env is ignored due to the 'FORCE_COLOR' env being set.
(Use `node --trace-warnings ...` to show where the warning was created)
(node:97593) Warning: The 'NO_COLOR' env is ignored due to the 'FORCE_COLOR' env being set.
(Use `node --trace-warnings ...` to show where the warning was created)
  ✓  14 packages/control-ui/test/browser/journeys.spec.mjs:501:1 › work action leads, qualifications stay honest and evidence access survives responsive keyboard navigation (2.4s)
(node:97798) Warning: The 'NO_COLOR' env is ignored due to the 'FORCE_COLOR' env being set.
(Use `node --trace-warnings ...` to show where the warning was created)
(node:97593) Warning: The 'NO_COLOR' env is ignored due to the 'FORCE_COLOR' env being set.
(Use `node --trace-warnings ...` to show where the warning was created)
  ✘  15 packages/control-ui/test/browser/scoped.spec.mjs:6:1 › scoped HTTP reading preserves stored backlog, source navigation and Pages themes at four widths (6.4s)


  1) packages/control-ui/test/browser/scoped.spec.mjs:6:1 › scoped HTTP reading preserves stored backlog, source navigation and Pages themes at four widths 

    Error: expect(locator).toHaveText(expected) failed

    Locator:  locator('.page-title h1')
    Expected: "Fixture document"
    Received: "Gespeicherte Vorhaben"
    Timeout:  5000ms

    Call log:
      - Expect "toHaveText" locator('.page-title h1') with timeout 5000ms
      - waiting for locator('.page-title h1')
        14 × locator resolved to <h1 tabindex="-1">Gespeicherte Vorhaben</h1>
           - unexpected value "Gespeicherte Vorhaben"


      14 |     expect(calls.filter(p => p.startsWith('/api/backlog-titles')).every(p => new URL('http://local' + p).searchParams.get('rows').split(',').length <= 12)).toBe(true);
      15 |     await page.getByRole('button', { name: 'Fixture document' }).click();
    > 16 |     await expect(page.locator('.page-title h1')).toHaveText('Fixture document');
         |                                                  ^
      17 |     await page.getByRole('button', { name: 'Stand des Vorhabens öffnen', exact: true }).click();
      18 |     await expect(page.getByRole('button', { name: 'Dokument schließen' })).toBeVisible();
      19 |     await expect(page.locator('.document-original')).not.toHaveAttribute('open');
        at /Users/arndtgold/Documents/GitHub/ai-native-governance-delivery-framework/packages/control-ui/test/browser/scoped.spec.mjs:16:50

    Error Context: packages/control-ui/test-results/scoped-scoped-HTTP-reading-c1a42-Pages-themes-at-four-widths/error-context.md

  1 failed
    packages/control-ui/test/browser/scoped.spec.mjs:6:1 › scoped HTTP reading preserves stored backlog, source navigation and Pages themes at four widths 
  14 passed (1.2m)
