
Running 15 tests using 1 worker

(node:98409) Warning: The 'NO_COLOR' env is ignored due to the 'FORCE_COLOR' env being set.
(Use `node --trace-warnings ...` to show where the warning was created)
(node:98427) Warning: The 'NO_COLOR' env is ignored due to the 'FORCE_COLOR' env being set.
(Use `node --trace-warnings ...` to show where the warning was created)
(node:98409) Warning: The 'NO_COLOR' env is ignored due to the 'FORCE_COLOR' env being set.
(Use `node --trace-warnings ...` to show where the warning was created)
  ✓   1 packages/control-ui/test/browser/backlog-titles.spec.mjs:7:1 › SCN-084/085/092/093/094/095/100: real visible UR titles, reversed order, scope replacement and unchanged sources in light/dark (3.8s)
(node:98431) Warning: The 'NO_COLOR' env is ignored due to the 'FORCE_COLOR' env being set.
(Use `node --trace-warnings ...` to show where the warning was created)
(node:98409) Warning: The 'NO_COLOR' env is ignored due to the 'FORCE_COLOR' env being set.
(Use `node --trace-warnings ...` to show where the warning was created)
  ✓   2 packages/control-ui/test/browser/backlog.spec.mjs:14:1 › backlog areas filter stored entries locally, keep search on return, and match Pages in light/dark at four widths (3.5s)
(node:98433) Warning: The 'NO_COLOR' env is ignored due to the 'FORCE_COLOR' env being set.
(Use `node --trace-warnings ...` to show where the warning was created)
(node:98409) Warning: The 'NO_COLOR' env is ignored due to the 'FORCE_COLOR' env being set.
(Use `node --trace-warnings ...` to show where the warning was created)
  ✓   3 packages/control-ui/test/browser/backlog.spec.mjs:65:1 › a malformed planned section does not turn its count into zero or obscure readable active entries (1.6s)
(node:98435) Warning: The 'NO_COLOR' env is ignored due to the 'FORCE_COLOR' env being set.
(Use `node --trace-warnings ...` to show where the warning was created)
(node:98409) Warning: The 'NO_COLOR' env is ignored due to the 'FORCE_COLOR' env being set.
(Use `node --trace-warnings ...` to show where the warning was created)
  ✓   4 packages/control-ui/test/browser/journeys.spec.mjs:28:1 › document orientation separates approved Run facts from draft originals in both Pages themes (12.9s)
(node:98440) Warning: The 'NO_COLOR' env is ignored due to the 'FORCE_COLOR' env being set.
(Use `node --trace-warnings ...` to show where the warning was created)
(node:98409) Warning: The 'NO_COLOR' env is ignored due to the 'FORCE_COLOR' env being set.
(Use `node --trace-warnings ...` to show where the warning was created)
  ✓   5 packages/control-ui/test/browser/journeys.spec.mjs:106:1 › SCN-044: Pages fonts survive host body overrides across card, list, Run and document (6.0s)
(node:98461) Warning: The 'NO_COLOR' env is ignored due to the 'FORCE_COLOR' env being set.
(Use `node --trace-warnings ...` to show where the warning was created)
(node:98409) Warning: The 'NO_COLOR' env is ignored due to the 'FORCE_COLOR' env being set.
(Use `node --trace-warnings ...` to show where the warning was created)
  ✓   6 packages/control-ui/test/browser/journeys.spec.mjs:163:1 › SCN-002/005/007/008/010: explicit graph inspection stays passive and readable at container boundaries (2.5s)
(node:98463) Warning: The 'NO_COLOR' env is ignored due to the 'FORCE_COLOR' env being set.
(Use `node --trace-warnings ...` to show where the warning was created)
(node:98409) Warning: The 'NO_COLOR' env is ignored due to the 'FORCE_COLOR' env being set.
(Use `node --trace-warnings ...` to show where the warning was created)
  ✘   7 packages/control-ui/test/browser/journeys.spec.mjs:190:1 › SCN-003/007/028/031: copied repository sources, explicit stored pointers, keyboard focus, source fidelity and unchanged bytes (1.0m)
(node:98605) Warning: The 'NO_COLOR' env is ignored due to the 'FORCE_COLOR' env being set.
(Use `node --trace-warnings ...` to show where the warning was created)
(node:98614) Warning: The 'NO_COLOR' env is ignored due to the 'FORCE_COLOR' env being set.
(Use `node --trace-warnings ...` to show where the warning was created)
(node:98605) Warning: The 'NO_COLOR' env is ignored due to the 'FORCE_COLOR' env being set.
(Use `node --trace-warnings ...` to show where the warning was created)
  ✓   8 packages/control-ui/test/browser/journeys.spec.mjs:229:1 › SCN-005/010/012/028: visible invalid run, persisted discrepancy, missing and unsupported documents (3.0s)
(node:98616) Warning: The 'NO_COLOR' env is ignored due to the 'FORCE_COLOR' env being set.
(Use `node --trace-warnings ...` to show where the warning was created)
(node:98605) Warning: The 'NO_COLOR' env is ignored due to the 'FORCE_COLOR' env being set.
(Use `node --trace-warnings ...` to show where the warning was created)
  ✓   9 packages/control-ui/test/browser/journeys.spec.mjs:250:1 › SCN-009/014/018/024: hostile document, stale reload, retry and removed selection (7.7s)
(node:98619) Warning: The 'NO_COLOR' env is ignored due to the 'FORCE_COLOR' env being set.
(Use `node --trace-warnings ...` to show where the warning was created)
(node:98605) Warning: The 'NO_COLOR' env is ignored due to the 'FORCE_COLOR' env being set.
(Use `node --trace-warnings ...` to show where the warning was created)
  ✓  10 packages/control-ui/test/browser/journeys.spec.mjs:272:1 › sticky card and document headers, sliding view selector and narrow summary retain source identity (3.4s)
(node:98622) Warning: The 'NO_COLOR' env is ignored due to the 'FORCE_COLOR' env being set.
(Use `node --trace-warnings ...` to show where the warning was created)
(node:98605) Warning: The 'NO_COLOR' env is ignored due to the 'FORCE_COLOR' env being set.
(Use `node --trace-warnings ...` to show where the warning was created)
  ✓  11 packages/control-ui/test/browser/journeys.spec.mjs:323:1 › summary leads with the work step and stale reads never claim a missing Run or current control (7.2s)
(node:98641) Warning: The 'NO_COLOR' env is ignored due to the 'FORCE_COLOR' env being set.
(Use `node --trace-warnings ...` to show where the warning was created)
(node:98605) Warning: The 'NO_COLOR' env is ignored due to the 'FORCE_COLOR' env being set.
(Use `node --trace-warnings ...` to show where the warning was created)
  ✓  12 packages/control-ui/test/browser/journeys.spec.mjs:356:1 › neutral light reading planes and Pages dark surfaces survive host colors across all views (5.9s)
(node:98648) Warning: The 'NO_COLOR' env is ignored due to the 'FORCE_COLOR' env being set.
(Use `node --trace-warnings ...` to show where the warning was created)
(node:98605) Warning: The 'NO_COLOR' env is ignored due to the 'FORCE_COLOR' env being set.
(Use `node --trace-warnings ...` to show where the warning was created)
  ✓  13 packages/control-ui/test/browser/journeys.spec.mjs:433:1 › Pages action and type hierarchy retains the Cockpit neutral light palette (4.2s)
(node:98655) Warning: The 'NO_COLOR' env is ignored due to the 'FORCE_COLOR' env being set.
(Use `node --trace-warnings ...` to show where the warning was created)
(node:98605) Warning: The 'NO_COLOR' env is ignored due to the 'FORCE_COLOR' env being set.
(Use `node --trace-warnings ...` to show where the warning was created)
  ✓  14 packages/control-ui/test/browser/journeys.spec.mjs:501:1 › work action leads, qualifications stay honest and evidence access survives responsive keyboard navigation (3.5s)
(node:98659) Warning: The 'NO_COLOR' env is ignored due to the 'FORCE_COLOR' env being set.
(Use `node --trace-warnings ...` to show where the warning was created)
(node:98605) Warning: The 'NO_COLOR' env is ignored due to the 'FORCE_COLOR' env being set.
(Use `node --trace-warnings ...` to show where the warning was created)
  ✓  15 packages/control-ui/test/browser/scoped.spec.mjs:6:1 › scoped HTTP reading preserves stored backlog, source navigation and Pages themes at four widths (4.0s)


  1) packages/control-ui/test/browser/journeys.spec.mjs:190:1 › SCN-003/007/028/031: copied repository sources, explicit stored pointers, keyboard focus, source fidelity and unchanged bytes 

    Test timeout of 60000ms exceeded.

    Error: locator.focus: Test timeout of 60000ms exceeded.
    Call log:
      - waiting for locator('.resources button').filter({ hasText: /\/UR\.md/ })


      200 |     await expect(page.getByRole('button',{name:'Details',exact:true})).toHaveAttribute('aria-pressed','true');
      201 |     await page.screenshot({ path: '/private/tmp/agdf-cockpit-detail.png', fullPage: true });
    > 202 |     const document = page.locator('.resources button').filter({ hasText: /\/UR\.md/ }); await document.focus(); await page.keyboard.press('Enter');
          |                                                                                                        ^
      203 |     await expect(page.locator('.page-title h1')).toBeFocused(); await page.getByText('Originaldokument lesen',{exact:true}).click(); await expect(page.locator('article.document')).toContainText('Local read-only AGDF control cockpit');
      204 |     await expect(page.getByRole('group', {name:'Ansicht'})).toHaveCount(0);
      205 |     const expectedSource = fs.readFileSync(join(root, '.agdf/control/artefacts/agdf-control-cockpit-20261005-01/UR.md'), 'utf8'); expect(expectedSource).toContain('Local read-only AGDF control cockpit');
        at /Users/arndtgold/Documents/GitHub/ai-native-governance-delivery-framework/packages/control-ui/test/browser/journeys.spec.mjs:202:104

    Error Context: packages/control-ui/test-results/journeys-SCN-003-007-028-0-87a1c-idelity-and-unchanged-bytes/error-context.md

  1 failed
    packages/control-ui/test/browser/journeys.spec.mjs:190:1 › SCN-003/007/028/031: copied repository sources, explicit stored pointers, keyboard focus, source fidelity and unchanged bytes 
  14 passed (2.3m)
