TAP version 13
# Subtest: cockpit assessment projects the evaluated outcome without a second doctor-warning veto
ok 1 - cockpit assessment projects the evaluated outcome without a second doctor-warning veto
  ---
  duration_ms: 3.628773
  type: 'test'
  ...
# Subtest: captured assessment matches canonical gate evaluation and performs no writes
ok 2 - captured assessment matches canonical gate evaluation and performs no writes
  ---
  duration_ms: 948.248489
  type: 'test'
  ...
# Subtest: cockpit title identifies the bound UR instead of a generic current artefact heading
ok 3 - cockpit title identifies the bound UR instead of a generic current artefact heading
  ---
  duration_ms: 803.87673
  type: 'test'
  ...
# Subtest: SCN-001/002/008/020: active/completed/invalid inventory, registered resources and full byte invariance
ok 4 - SCN-001/002/008/020: active/completed/invalid inventory, registered resources and full byte invariance
  ---
  duration_ms: 815.465428
  type: 'test'
  ...
# Subtest: SCN-010: missing, binary, invalid UTF8 and inclusive preview boundary
ok 5 - SCN-010: missing, binary, invalid UTF8 and inclusive preview boundary
  ---
  duration_ms: 1386.955547
  type: 'test'
  ...
# Subtest: SCN-006/015: document mutation invalidates existing related reads and new snapshot selectors
ok 6 - SCN-006/015: document mutation invalidates existing related reads and new snapshot selectors
  ---
  duration_ms: 774.299003
  type: 'test'
  ...
# Subtest: SCN-002/008: absent and genuinely empty stores differ, JSON/text retain exact source and registered links resolve only within manifest
ok 7 - SCN-002/008: absent and genuinely empty stores differ, JSON/text retain exact source and registered links resolve only within manifest
  ---
  duration_ms: 657.808021
  type: 'test'
  ...
1..7
# tests 7
# suites 0
# pass 7
# fail 0
# cancelled 0
# skipped 0
# todo 0
# duration_ms 5787.047361
