
Running 1 test using 1 worker

(node:51974) Warning: The 'NO_COLOR' env is ignored due to the 'FORCE_COLOR' env being set.
(Use `node --trace-warnings ...` to show where the warning was created)
(node:51974) Warning: The 'NO_COLOR' env is ignored due to the 'FORCE_COLOR' env being set.
(Use `node --trace-warnings ...` to show where the warning was created)
  ✘  1 test/browser/journeys.spec.mjs:15:1 › document orientation separates approved Run facts from draft originals in both Pages themes (16.4s)


  1) test/browser/journeys.spec.mjs:15:1 › document orientation separates approved Run facts from draft originals in both Pages themes 

    Error: expect(locator).toBeVisible() failed

    Locator: getByRole('heading', { name: 'Runs im Repository' })
    Expected: visible
    Timeout: 12000ms
    Error: element(s) not found

    Call log:
      - Expect "toBeVisible" getByRole('heading', { name: 'Runs im Repository' }) with timeout 12000ms
      - waiting for getByRole('heading', { name: 'Runs im Repository' })


      55 |   await page.addInitScript(({ secret, origin, pathname }) => { if (location.origin === origin) history.replaceState(null, '', pathname + '#' + secret); }, { secret: service.secret, origin: service.origin, pathname });
      56 |   await page.goto(service.origin + pathname);
    > 57 |   await expect(page.getByRole('heading', { name: pathname === '/card.html' ? 'AGDF Cockpit' : 'Runs im Repository' })).toBeVisible({ timeout: 12_000 });
         |                                                                                                                        ^
      58 |   if (pathname === '/card.html') await expect(page.getByRole('combobox', {name:'Run auswählen',exact:true})).toBeEnabled({ timeout: 12_000 });
      59 |   expect(new URL(page.url()).hash).toBe('');
      60 | }
        at openSession (/Users/arndtgold/Documents/GitHub/ai-native-governance-delivery-framework/packages/control-ui/test/browser/journeys.spec.mjs:57:120)
        at /Users/arndtgold/Documents/GitHub/ai-native-governance-delivery-framework/packages/control-ui/test/browser/journeys.spec.mjs:18:5

    Error Context: test-results/journeys-document-orientat-5d0f1-ginals-in-both-Pages-themes/error-context.md

  1 failed
    test/browser/journeys.spec.mjs:15:1 › document orientation separates approved Run facts from draft originals in both Pages themes 
