TAP version 13
# Subtest: SCN-019: async contexts isolate two targets and restore live behavior
ok 1 - SCN-019: async contexts isolate two targets and restore live behavior
  ---
  duration_ms: 1220.690209
  type: 'test'
  ...
# Subtest: SCN-004: captured evaluator, original target and live-default parity
ok 2 - SCN-004: captured evaluator, original target and live-default parity
  ---
  duration_ms: 1672.1725
  type: 'test'
  ...
# Subtest: QA follow-up reads trusted contract resources without widening captured control scope
ok 3 - QA follow-up reads trusted contract resources without widening captured control scope
  ---
  duration_ms: 1364.517034
  type: 'test'
  ...
1..3
# tests 3
# suites 0
# pass 3
# fail 0
# cancelled 0
# skipped 0
# todo 0
# duration_ms 4276.239674
