TAP version 13
# Subtest: SCN-085/090/100: initial backlog only; title batch reads complete requested UR only, reissues selectors and never writes
ok 1 - SCN-085/090/100: initial backlog only; title batch reads complete requested UR only, reissues selectors and never writes
  ---
  duration_ms: 1034.750404
  type: 'test'
  ...
# Subtest: SCN-086/087: explicit UR links deduplicate; ambiguous, absent and unsafe links never derive or follow sources
ok 2 - SCN-086/087: explicit UR links deduplicate; ambiguous, absent and unsafe links never derive or follow sources
  ---
  duration_ms: 0.577512
  type: 'test'
  ...
# Subtest: SCN-088: real H1 parsing ignores frontmatter, fences, comments and indented code, preserves passive heading text
ok 3 - SCN-088: real H1 parsing ignores frontmatter, fences, comments and indented code, preserves passive heading text
  ---
  duration_ms: 0.768453
  type: 'test'
  ...
# Subtest: SCN-089: missing, unsupported, huge and heading-limit URs are local fallbacks without hiding other rows
ok 4 - SCN-089: missing, unsupported, huge and heading-limit URs are local fallbacks without hiding other rows
  ---
  duration_ms: 1109.680969
  type: 'test'
  ...
# Subtest: SCN-087/090: optional symlink and denied ancestor are captured without following them; later replacement invalidates
ok 5 - SCN-087/090: optional symlink and denied ancestor are captured without following them; later replacement invalidates
  ---
  duration_ms: 1152.680328
  type: 'test'
  ...
# Subtest: SCN-090: backlog or requested UR race rejects candidate; unrelated source edits do not invalidate
ok 6 - SCN-090: backlog or requested UR race rejects candidate; unrelated source edits do not invalidate
  ---
  duration_ms: 981.789272
  type: 'test'
  ...
# Subtest: SCN-096/098: strict batch schema and foreign/stale row selectors preserve independently valid sessions
ok 7 - SCN-096/098: strict batch schema and foreign/stale row selectors preserve independently valid sessions
  ---
  duration_ms: 1269.66685
  type: 'test'
  ...
1..7
# tests 7
# suites 0
# pass 7
# fail 0
# cancelled 0
# skipped 0
# todo 0
# duration_ms 6548.917882
