npm notice run agdf-web@0.14.5 check
npm notice run astro check
07:33:24 [content] Syncing content
07:33:24 [content] Synced content
07:33:24 [types] Generated 87ms
07:33:24 [check] Getting diagnostics for Astro files in /Users/arndtgold/Documents/GitHub/ai-native-governance-delivery-framework/pages...
Result (12 files): 
- 0 errors
- 0 warnings
- 0 hints

npm notice run agdf-web@0.14.5 test:landing
npm notice run npm run build && node ./scripts/landing-page-test.mjs
npm notice run agdf-web@0.14.5 build
npm notice run astro build
07:33:33 [content] Syncing content
07:33:33 [content] Synced content
07:33:33 [types] Generated 52ms
07:33:33 [build] output: "static"
07:33:33 [build] mode: "static"
07:33:33 [build] directory: /Users/arndtgold/Documents/GitHub/ai-native-governance-delivery-framework/pages/dist/
07:33:33 [build] Collecting build info...
07:33:33 [build] ✓ Completed in 132ms.
07:33:33 [build] Building static entrypoints...
07:33:35 [vite] ✓ built in 2.29s
07:33:35 [build] ✓ Completed in 2.33s.

 generating static routes 
07:33:35 ▶ src/pages/[document].astro
07:33:35   ├─ /privacy/index.html (+28ms) 
07:33:35   ├─ /terms/index.html (+2ms) 
07:33:35   └─ /support/index.html (+2ms) 
07:33:35 ▶ src/pages/index.astro
07:33:35   └─ /index.html (+5ms) 
07:33:35 ✓ Completed in 54ms.

07:33:35 [build] 4 page(s) built in 2.54s
07:33:35 [build] Complete!
Landing-page visible word count: 1711 (editorial target 1500–1800; hard maximum 2200)
Landing-page local image payload: 1210792 bytes across 2 unique assets
Landing-page structure, copy, boundary, metadata, No-JS and payload tests passed
npm notice run agdf-web@0.14.5 test:public-documents
npm notice run npm run build && node ./scripts/public-documents-test.mjs
npm notice run agdf-web@0.14.5 build
npm notice run astro build
07:33:41 [content] Syncing content
07:33:41 [content] Synced content
07:33:41 [types] Generated 71ms
07:33:41 [build] output: "static"
07:33:41 [build] mode: "static"
07:33:41 [build] directory: /Users/arndtgold/Documents/GitHub/ai-native-governance-delivery-framework/pages/dist/
07:33:41 [build] Collecting build info...
07:33:41 [build] ✓ Completed in 207ms.
07:33:41 [build] Building static entrypoints...
07:33:44 [vite] ✓ built in 2.85s
07:33:44 [build] ✓ Completed in 2.90s.

 generating static routes 
07:33:44 ▶ src/pages/[document].astro
07:33:44   ├─ /privacy/index.html (+21ms) 
07:33:44   ├─ /terms/index.html (+3ms) 
07:33:44   └─ /support/index.html (+7ms) 
07:33:44 ▶ src/pages/index.astro
07:33:44   └─ /index.html (+9ms) 
07:33:44 ✓ Completed in 64ms.

07:33:44 [build] 4 page(s) built in 3.19s
07:33:44 [build] Complete!
Public document and route tests passed
