
Running 8 tests using 1 worker

(node:10105) Warning: The 'NO_COLOR' env is ignored due to the 'FORCE_COLOR' env being set.
(Use `node --trace-warnings ...` to show where the warning was created)
(node:10132) Warning: The 'NO_COLOR' env is ignored due to the 'FORCE_COLOR' env being set.
(Use `node --trace-warnings ...` to show where the warning was created)
(node:10105) Warning: The 'NO_COLOR' env is ignored due to the 'FORCE_COLOR' env being set.
(Use `node --trace-warnings ...` to show where the warning was created)
  ✓  1 test/browser/journeys.spec.mjs:21:1 › SCN-044: Pages fonts survive host body overrides across card, list, Run and document (5.6s)
(node:10148) Warning: The 'NO_COLOR' env is ignored due to the 'FORCE_COLOR' env being set.
(Use `node --trace-warnings ...` to show where the warning was created)
(node:10105) Warning: The 'NO_COLOR' env is ignored due to the 'FORCE_COLOR' env being set.
(Use `node --trace-warnings ...` to show where the warning was created)
  ✓  2 test/browser/journeys.spec.mjs:77:1 › SCN-002/005/007/008/010: explicit graph inspection stays passive and readable at container boundaries (2.6s)
(node:10105) Warning: The 'NO_COLOR' env is ignored due to the 'FORCE_COLOR' env being set.
(Use `node --trace-warnings ...` to show where the warning was created)
  ✓  3 test/browser/journeys.spec.mjs:104:1 › SCN-003/007/028/031: real repository, pointer + keyboard, focus, source fidelity and unchanged bytes (18.3s)
(node:10189) Warning: The 'NO_COLOR' env is ignored due to the 'FORCE_COLOR' env being set.
(Use `node --trace-warnings ...` to show where the warning was created)
(node:10105) Warning: The 'NO_COLOR' env is ignored due to the 'FORCE_COLOR' env being set.
(Use `node --trace-warnings ...` to show where the warning was created)
  ✓  4 test/browser/journeys.spec.mjs:138:1 › SCN-005/010/012/028: visible invalid run, persisted discrepancy, missing and unsupported documents (1.9s)
(node:10191) Warning: The 'NO_COLOR' env is ignored due to the 'FORCE_COLOR' env being set.
(Use `node --trace-warnings ...` to show where the warning was created)
(node:10105) Warning: The 'NO_COLOR' env is ignored due to the 'FORCE_COLOR' env being set.
(Use `node --trace-warnings ...` to show where the warning was created)
  ✓  5 test/browser/journeys.spec.mjs:158:1 › SCN-009/014/018/024: hostile document, stale reload, retry and removed selection (7.2s)
(node:10199) Warning: The 'NO_COLOR' env is ignored due to the 'FORCE_COLOR' env being set.
(Use `node --trace-warnings ...` to show where the warning was created)
(node:10105) Warning: The 'NO_COLOR' env is ignored due to the 'FORCE_COLOR' env being set.
(Use `node --trace-warnings ...` to show where the warning was created)
  ✓  6 test/browser/journeys.spec.mjs:174:1 › sticky card and document headers, sliding view selector and narrow summary retain source identity (2.3s)
(node:10203) Warning: The 'NO_COLOR' env is ignored due to the 'FORCE_COLOR' env being set.
(Use `node --trace-warnings ...` to show where the warning was created)
(node:10105) Warning: The 'NO_COLOR' env is ignored due to the 'FORCE_COLOR' env being set.
(Use `node --trace-warnings ...` to show where the warning was created)
  ✓  7 test/browser/journeys.spec.mjs:224:1 › summary leads with the work step and stale reads never claim a missing Run or current control (6.5s)
(node:10209) Warning: The 'NO_COLOR' env is ignored due to the 'FORCE_COLOR' env being set.
(Use `node --trace-warnings ...` to show where the warning was created)
(node:10105) Warning: The 'NO_COLOR' env is ignored due to the 'FORCE_COLOR' env being set.
(Use `node --trace-warnings ...` to show where the warning was created)
  ✘  8 test/browser/journeys.spec.mjs:254:1 › Pages surface recipes survive neutral host colors in light and dark across all views (48.2s)


  1) test/browser/journeys.spec.mjs:254:1 › Pages surface recipes survive neutral host colors in light and dark across all views 

    Test was interrupted.

    Error: locator.evaluate: Test ended.
    Call log:
      - waiting for locator('.work-step .text-link').first()


      258 |   await reference.route(service.origin+'/__pages-reference',r=>r.fulfill({contentType:'text/html',body:`<!doctype html><html><style>${recipe}</style><article class="surface">Source surface</article><article class="surface controlled-card">Controlled source surface</article><a class="text-link">Source link</a></html>`}));
      259 |   await reference.goto(service.origin+'/__pages-reference');
    > 260 |   const styles=locator=>locator.evaluate(e=>{const s=getComputedStyle(e);return{bg:s.backgroundColor,border:s.borderTopColor,radius:s.borderRadius,shadow:s.boxShadow,color:s.color,weight:s.fontWeight};});
          |                                 ^
      261 |   const contrast=(foreground,background,canvas)=>{
      262 |     const rgba=color=>{const v=color.match(/[\d.]+/g).map(Number);return color.startsWith('color(')?[...v.slice(0,3).map(n=>n*255),v[3]??1]:[...v.slice(0,3),v[3]??1];};
      263 |     const blend=(a,b)=>a.slice(0,3).map((v,i)=>v*a[3]+b[i]*(1-a[3]));
        at styles (/Users/arndtgold/Documents/GitHub/ai-native-governance-delivery-framework/packages/control-ui/test/browser/journeys.spec.mjs:260:33)
        at inspect (/Users/arndtgold/Documents/GitHub/ai-native-governance-delivery-framework/packages/control-ui/test/browser/journeys.spec.mjs:282:28)
        at /Users/arndtgold/Documents/GitHub/ai-native-governance-delivery-framework/packages/control-ui/test/browser/journeys.spec.mjs:289:46

  1 interrupted
    test/browser/journeys.spec.mjs:254:1 › Pages surface recipes survive neutral host colors in light and dark across all views 
  7 passed (1.6m)
