
> agdf-control-ui@0.0.0 test:browser
> playwright test


Running 9 tests using 1 worker

(node:19205) Warning: The 'NO_COLOR' env is ignored due to the 'FORCE_COLOR' env being set.
(Use `node --trace-warnings ...` to show where the warning was created)
(node:19218) Warning: The 'NO_COLOR' env is ignored due to the 'FORCE_COLOR' env being set.
(Use `node --trace-warnings ...` to show where the warning was created)
(node:19205) Warning: The 'NO_COLOR' env is ignored due to the 'FORCE_COLOR' env being set.
(Use `node --trace-warnings ...` to show where the warning was created)
  ✓  1 test/browser/journeys.spec.mjs:21:1 › SCN-044: Pages fonts survive host body overrides across card, list, Run and document (5.1s)
(node:19226) Warning: The 'NO_COLOR' env is ignored due to the 'FORCE_COLOR' env being set.
(Use `node --trace-warnings ...` to show where the warning was created)
(node:19205) Warning: The 'NO_COLOR' env is ignored due to the 'FORCE_COLOR' env being set.
(Use `node --trace-warnings ...` to show where the warning was created)
  ✓  2 test/browser/journeys.spec.mjs:77:1 › SCN-002/005/007/008/010: explicit graph inspection stays passive and readable at container boundaries (2.4s)
(node:19205) Warning: The 'NO_COLOR' env is ignored due to the 'FORCE_COLOR' env being set.
(Use `node --trace-warnings ...` to show where the warning was created)
  ✓  3 test/browser/journeys.spec.mjs:104:1 › SCN-003/007/028/031: real repository, pointer + keyboard, focus, source fidelity and unchanged bytes (33.7s)
(node:19305) Warning: The 'NO_COLOR' env is ignored due to the 'FORCE_COLOR' env being set.
(Use `node --trace-warnings ...` to show where the warning was created)
(node:19205) Warning: The 'NO_COLOR' env is ignored due to the 'FORCE_COLOR' env being set.
(Use `node --trace-warnings ...` to show where the warning was created)
  ✓  4 test/browser/journeys.spec.mjs:138:1 › SCN-005/010/012/028: visible invalid run, persisted discrepancy, missing and unsupported documents (2.1s)
(node:19308) Warning: The 'NO_COLOR' env is ignored due to the 'FORCE_COLOR' env being set.
(Use `node --trace-warnings ...` to show where the warning was created)
(node:19205) Warning: The 'NO_COLOR' env is ignored due to the 'FORCE_COLOR' env being set.
(Use `node --trace-warnings ...` to show where the warning was created)
  ✓  5 test/browser/journeys.spec.mjs:158:1 › SCN-009/014/018/024: hostile document, stale reload, retry and removed selection (7.6s)
(node:19320) Warning: The 'NO_COLOR' env is ignored due to the 'FORCE_COLOR' env being set.
(Use `node --trace-warnings ...` to show where the warning was created)
(node:19205) Warning: The 'NO_COLOR' env is ignored due to the 'FORCE_COLOR' env being set.
(Use `node --trace-warnings ...` to show where the warning was created)
  ✓  6 test/browser/journeys.spec.mjs:174:1 › sticky card and document headers, sliding view selector and narrow summary retain source identity (2.4s)
(node:19322) Warning: The 'NO_COLOR' env is ignored due to the 'FORCE_COLOR' env being set.
(Use `node --trace-warnings ...` to show where the warning was created)
(node:19205) Warning: The 'NO_COLOR' env is ignored due to the 'FORCE_COLOR' env being set.
(Use `node --trace-warnings ...` to show where the warning was created)
  ✓  7 test/browser/journeys.spec.mjs:224:1 › summary leads with the work step and stale reads never claim a missing Run or current control (6.6s)
(node:19330) Warning: The 'NO_COLOR' env is ignored due to the 'FORCE_COLOR' env being set.
(Use `node --trace-warnings ...` to show where the warning was created)
(node:19205) Warning: The 'NO_COLOR' env is ignored due to the 'FORCE_COLOR' env being set.
(Use `node --trace-warnings ...` to show where the warning was created)
  ✓  8 test/browser/journeys.spec.mjs:254:1 › Pages surface recipes survive neutral host colors in light and dark across all views (3.9s)
(node:19334) Warning: The 'NO_COLOR' env is ignored due to the 'FORCE_COLOR' env being set.
(Use `node --trace-warnings ...` to show where the warning was created)
(node:19205) Warning: The 'NO_COLOR' env is ignored due to the 'FORCE_COLOR' env being set.
(Use `node --trace-warnings ...` to show where the warning was created)
  ✓  9 test/browser/journeys.spec.mjs:314:1 › built Pages action and type hierarchy matches Cockpit in both themes (3.1s)

  9 passed (1.1m)
