
> agdf-web@0.14.5 test:landing
> npm run build && node ./scripts/landing-page-test.mjs


> agdf-web@0.14.5 prebuild
> node scripts/design-tokens.mjs


> agdf-web@0.14.5 build
> astro build

16:53:29 [content] Syncing content
16:53:29 [content] Synced content
16:53:29 [types] Generated 46ms
16:53:29 [build] output: "static"
16:53:29 [build] mode: "static"
16:53:29 [build] directory: /Users/arndtgold/Documents/GitHub/ai-native-governance-delivery-framework/pages/dist/
16:53:29 [build] Collecting build info...
16:53:29 [build] ✓ Completed in 124ms.
16:53:29 [build] Building static entrypoints...
16:53:33 [vite] ✓ built in 4.48s
16:53:33 [build] ✓ Completed in 4.52s.

 generating static routes 
16:53:33 ▶ src/pages/[document].astro
16:53:33   ├─ /privacy/index.html (+103ms) 
16:53:34   ├─ /terms/index.html (+2ms) 
16:53:34   └─ /support/index.html (+2ms) 
16:53:34 ▶ src/pages/index.astro
16:53:34   └─ /index.html (+6ms) 
16:53:34 ✓ Completed in 129ms.

16:53:34 [build] 4 page(s) built in 4.79s
16:53:34 [build] Complete!
Landing-page visible word count: 1711 (editorial target 1500–1800; hard maximum 2200)
Landing-page local image payload: 1210792 bytes across 2 unique assets
Landing-page structure, copy, boundary, metadata, No-JS and payload tests passed
