
> agdf-web@0.14.5 test:landing
> npm run build && node ./scripts/landing-page-test.mjs


> agdf-web@0.14.5 prebuild
> node scripts/design-tokens.mjs


> agdf-web@0.14.5 build
> astro build

18:30:10 [content] Syncing content
18:30:10 [content] Synced content
18:30:10 [types] Generated 51ms
18:30:10 [build] output: "static"
18:30:10 [build] mode: "static"
18:30:10 [build] directory: /Users/arndtgold/Documents/GitHub/ai-native-governance-delivery-framework/pages/dist/
18:30:10 [build] Collecting build info...
18:30:10 [build] ✓ Completed in 150ms.
18:30:10 [build] Building static entrypoints...
18:30:12 [vite] ✓ built in 2.44s
18:30:12 [build] ✓ Completed in 2.49s.

 generating static routes 
18:30:12 ▶ src/pages/[document].astro
18:30:12   ├─ /privacy/index.html (+26ms) 
18:30:12   ├─ /terms/index.html (+2ms) 
18:30:12   └─ /support/index.html (+2ms) 
18:30:12 ▶ src/pages/index.astro
18:30:12   └─ /index.html (+5ms) 
18:30:12 ✓ Completed in 56ms.

18:30:12 [build] 4 page(s) built in 2.72s
18:30:12 [build] Complete!
Landing-page visible word count: 1711 (editorial target 1500–1800; hard maximum 2200)
Landing-page local image payload: 1210792 bytes across 2 unique assets
Landing-page structure, copy, boundary, metadata, No-JS and payload tests passed
