
> agdf-control-ui@0.0.0 test:browser
> playwright test


Running 7 tests using 1 worker

(node:3570) Warning: The 'NO_COLOR' env is ignored due to the 'FORCE_COLOR' env being set.
(Use `node --trace-warnings ...` to show where the warning was created)
(node:3590) Warning: The 'NO_COLOR' env is ignored due to the 'FORCE_COLOR' env being set.
(Use `node --trace-warnings ...` to show where the warning was created)
  ✘  1 test/browser/journeys.spec.mjs:21:1 › SCN-044: Pages fonts survive host body overrides across card, list, Run and document (2.7s)
(node:3599) Warning: The 'NO_COLOR' env is ignored due to the 'FORCE_COLOR' env being set.
(Use `node --trace-warnings ...` to show where the warning was created)
(node:3626) Warning: The 'NO_COLOR' env is ignored due to the 'FORCE_COLOR' env being set.
(Use `node --trace-warnings ...` to show where the warning was created)
  ✘  2 test/browser/journeys.spec.mjs:77:1 › SCN-002/005/007/008/010: explicit graph inspection stays passive and readable at container boundaries (1.9s)
(node:3635) Warning: The 'NO_COLOR' env is ignored due to the 'FORCE_COLOR' env being set.
(Use `node --trace-warnings ...` to show where the warning was created)
  ✘  3 test/browser/journeys.spec.mjs:103:1 › SCN-003/007/028/031: real repository, pointer + keyboard, focus, source fidelity and unchanged bytes (1.8s)
(node:3640) Warning: The 'NO_COLOR' env is ignored due to the 'FORCE_COLOR' env being set.
(Use `node --trace-warnings ...` to show where the warning was created)
(node:3650) Warning: The 'NO_COLOR' env is ignored due to the 'FORCE_COLOR' env being set.
(Use `node --trace-warnings ...` to show where the warning was created)
  ✘  4 test/browser/journeys.spec.mjs:134:1 › SCN-005/010/012/028: visible invalid run, persisted discrepancy, missing and unsupported documents (1.6s)
(node:3651) Warning: The 'NO_COLOR' env is ignored due to the 'FORCE_COLOR' env being set.
(Use `node --trace-warnings ...` to show where the warning was created)
(node:3660) Warning: The 'NO_COLOR' env is ignored due to the 'FORCE_COLOR' env being set.
(Use `node --trace-warnings ...` to show where the warning was created)
  ✘  5 test/browser/journeys.spec.mjs:153:1 › SCN-009/014/018/024: hostile document, stale reload, retry and removed selection (5.1s)
(node:3702) Warning: The 'NO_COLOR' env is ignored due to the 'FORCE_COLOR' env being set.
(Use `node --trace-warnings ...` to show where the warning was created)
(node:3722) Warning: The 'NO_COLOR' env is ignored due to the 'FORCE_COLOR' env being set.
(Use `node --trace-warnings ...` to show where the warning was created)
  ✘  6 test/browser/journeys.spec.mjs:168:1 › sticky card and document headers, sliding view selector and narrow summary retain source identity (2.1s)
(node:3726) Warning: The 'NO_COLOR' env is ignored due to the 'FORCE_COLOR' env being set.
(Use `node --trace-warnings ...` to show where the warning was created)
(node:3731) Warning: The 'NO_COLOR' env is ignored due to the 'FORCE_COLOR' env being set.
(Use `node --trace-warnings ...` to show where the warning was created)
  ✘  7 test/browser/journeys.spec.mjs:216:1 › summary leads with the work step and stale reads never claim a missing Run or current control (1.6s)


  1) test/browser/journeys.spec.mjs:21:1 › SCN-044: Pages fonts survive host body overrides across card, list, Run and document 

    Error: asset_boundary_invalid

       at ../../server/service.mjs:42

      40 |       }
      41 |       if (fs.readSync(fd, Buffer.alloc(1), 0, 1, offset)) throw Error('asset_boundary_invalid');
    > 42 |       if (!equal(opened, fs.fstatSync(fd, { bigint: true })) || !equal(opened, fs.lstatSync(path, { bigint: true }))) throw Error('asset_boundary_invalid');
         |                                                                                                                             ^
      43 |       for (let parent = dirname(path); ; parent = dirname(parent)) {
      44 |         const now = fs.lstatSync(parent, { bigint: true }), captured = directories.get(parent);
      45 |         if (!captured || now.isSymbolicLink() || now.dev !== captured.dev || now.ino !== captured.ino || fs.realpathSync(parent) !== parent) throw Error('asset_boundary_invalid');
        at visit (/Users/arndtgold/Documents/GitHub/ai-native-governance-delivery-framework/packages/control-ui/server/service.mjs:42:125)
        at visit (/Users/arndtgold/Documents/GitHub/ai-native-governance-delivery-framework/packages/control-ui/server/service.mjs:23:48)
        at visit (/Users/arndtgold/Documents/GitHub/ai-native-governance-delivery-framework/packages/control-ui/server/service.mjs:23:48)
        at assets (/Users/arndtgold/Documents/GitHub/ai-native-governance-delivery-framework/packages/control-ui/server/service.mjs:53:3)
        at startControlServer (/Users/arndtgold/Documents/GitHub/ai-native-governance-delivery-framework/packages/control-ui/server/service.mjs:61:24)
        at /Users/arndtgold/Documents/GitHub/ai-native-governance-delivery-framework/packages/control-ui/test/browser/journeys.spec.mjs:22:65

    Error Context: test-results/journeys-SCN-044-Pages-fon-92fc9--card-list-Run-and-document/error-context.md

  2) test/browser/journeys.spec.mjs:77:1 › SCN-002/005/007/008/010: explicit graph inspection stays passive and readable at container boundaries 

    Error: asset_boundary_invalid

       at ../../server/service.mjs:42

      40 |       }
      41 |       if (fs.readSync(fd, Buffer.alloc(1), 0, 1, offset)) throw Error('asset_boundary_invalid');
    > 42 |       if (!equal(opened, fs.fstatSync(fd, { bigint: true })) || !equal(opened, fs.lstatSync(path, { bigint: true }))) throw Error('asset_boundary_invalid');
         |                                                                                                                             ^
      43 |       for (let parent = dirname(path); ; parent = dirname(parent)) {
      44 |         const now = fs.lstatSync(parent, { bigint: true }), captured = directories.get(parent);
      45 |         if (!captured || now.isSymbolicLink() || now.dev !== captured.dev || now.ino !== captured.ino || fs.realpathSync(parent) !== parent) throw Error('asset_boundary_invalid');
        at visit (/Users/arndtgold/Documents/GitHub/ai-native-governance-delivery-framework/packages/control-ui/server/service.mjs:42:125)
        at visit (/Users/arndtgold/Documents/GitHub/ai-native-governance-delivery-framework/packages/control-ui/server/service.mjs:23:48)
        at visit (/Users/arndtgold/Documents/GitHub/ai-native-governance-delivery-framework/packages/control-ui/server/service.mjs:23:48)
        at assets (/Users/arndtgold/Documents/GitHub/ai-native-governance-delivery-framework/packages/control-ui/server/service.mjs:53:3)
        at startControlServer (/Users/arndtgold/Documents/GitHub/ai-native-governance-delivery-framework/packages/control-ui/server/service.mjs:61:24)
        at /Users/arndtgold/Documents/GitHub/ai-native-governance-delivery-framework/packages/control-ui/test/browser/journeys.spec.mjs:81:45

    Error Context: test-results/journeys-SCN-002-005-007-0-4be9c-ble-at-container-boundaries/error-context.md

  3) test/browser/journeys.spec.mjs:103:1 › SCN-003/007/028/031: real repository, pointer + keyboard, focus, source fidelity and unchanged bytes 

    Error: asset_boundary_invalid

       at ../../server/service.mjs:42

      40 |       }
      41 |       if (fs.readSync(fd, Buffer.alloc(1), 0, 1, offset)) throw Error('asset_boundary_invalid');
    > 42 |       if (!equal(opened, fs.fstatSync(fd, { bigint: true })) || !equal(opened, fs.lstatSync(path, { bigint: true }))) throw Error('asset_boundary_invalid');
         |                                                                                                                             ^
      43 |       for (let parent = dirname(path); ; parent = dirname(parent)) {
      44 |         const now = fs.lstatSync(parent, { bigint: true }), captured = directories.get(parent);
      45 |         if (!captured || now.isSymbolicLink() || now.dev !== captured.dev || now.ino !== captured.ino || fs.realpathSync(parent) !== parent) throw Error('asset_boundary_invalid');
        at visit (/Users/arndtgold/Documents/GitHub/ai-native-governance-delivery-framework/packages/control-ui/server/service.mjs:42:125)
        at visit (/Users/arndtgold/Documents/GitHub/ai-native-governance-delivery-framework/packages/control-ui/server/service.mjs:23:48)
        at visit (/Users/arndtgold/Documents/GitHub/ai-native-governance-delivery-framework/packages/control-ui/server/service.mjs:23:48)
        at assets (/Users/arndtgold/Documents/GitHub/ai-native-governance-delivery-framework/packages/control-ui/server/service.mjs:53:3)
        at startControlServer (/Users/arndtgold/Documents/GitHub/ai-native-governance-delivery-framework/packages/control-ui/server/service.mjs:61:24)
        at /Users/arndtgold/Documents/GitHub/ai-native-governance-delivery-framework/packages/control-ui/test/browser/journeys.spec.mjs:104:100

    Error Context: test-results/journeys-SCN-003-007-028-0-dc6e3-idelity-and-unchanged-bytes/error-context.md

  4) test/browser/journeys.spec.mjs:134:1 › SCN-005/010/012/028: visible invalid run, persisted discrepancy, missing and unsupported documents 

    Error: asset_boundary_invalid

       at ../../server/service.mjs:42

      40 |       }
      41 |       if (fs.readSync(fd, Buffer.alloc(1), 0, 1, offset)) throw Error('asset_boundary_invalid');
    > 42 |       if (!equal(opened, fs.fstatSync(fd, { bigint: true })) || !equal(opened, fs.lstatSync(path, { bigint: true }))) throw Error('asset_boundary_invalid');
         |                                                                                                                             ^
      43 |       for (let parent = dirname(path); ; parent = dirname(parent)) {
      44 |         const now = fs.lstatSync(parent, { bigint: true }), captured = directories.get(parent);
      45 |         if (!captured || now.isSymbolicLink() || now.dev !== captured.dev || now.ino !== captured.ino || fs.realpathSync(parent) !== parent) throw Error('asset_boundary_invalid');
        at visit (/Users/arndtgold/Documents/GitHub/ai-native-governance-delivery-framework/packages/control-ui/server/service.mjs:42:125)
        at visit (/Users/arndtgold/Documents/GitHub/ai-native-governance-delivery-framework/packages/control-ui/server/service.mjs:23:48)
        at visit (/Users/arndtgold/Documents/GitHub/ai-native-governance-delivery-framework/packages/control-ui/server/service.mjs:23:48)
        at assets (/Users/arndtgold/Documents/GitHub/ai-native-governance-delivery-framework/packages/control-ui/server/service.mjs:53:3)
        at startControlServer (/Users/arndtgold/Documents/GitHub/ai-native-governance-delivery-framework/packages/control-ui/server/service.mjs:61:24)
        at /Users/arndtgold/Documents/GitHub/ai-native-governance-delivery-framework/packages/control-ui/test/browser/journeys.spec.mjs:138:25

    Error Context: test-results/journeys-SCN-005-010-012-0-4a087-g-and-unsupported-documents/error-context.md

  5) test/browser/journeys.spec.mjs:153:1 › SCN-009/014/018/024: hostile document, stale reload, retry and removed selection 

    Error: asset_boundary_invalid

       at ../../server/service.mjs:42

      40 |       }
      41 |       if (fs.readSync(fd, Buffer.alloc(1), 0, 1, offset)) throw Error('asset_boundary_invalid');
    > 42 |       if (!equal(opened, fs.fstatSync(fd, { bigint: true })) || !equal(opened, fs.lstatSync(path, { bigint: true }))) throw Error('asset_boundary_invalid');
         |                                                                                                                             ^
      43 |       for (let parent = dirname(path); ; parent = dirname(parent)) {
      44 |         const now = fs.lstatSync(parent, { bigint: true }), captured = directories.get(parent);
      45 |         if (!captured || now.isSymbolicLink() || now.dev !== captured.dev || now.ino !== captured.ino || fs.realpathSync(parent) !== parent) throw Error('asset_boundary_invalid');
        at visit (/Users/arndtgold/Documents/GitHub/ai-native-governance-delivery-framework/packages/control-ui/server/service.mjs:42:125)
        at visit (/Users/arndtgold/Documents/GitHub/ai-native-governance-delivery-framework/packages/control-ui/server/service.mjs:23:48)
        at visit (/Users/arndtgold/Documents/GitHub/ai-native-governance-delivery-framework/packages/control-ui/server/service.mjs:23:48)
        at assets (/Users/arndtgold/Documents/GitHub/ai-native-governance-delivery-framework/packages/control-ui/server/service.mjs:53:3)
        at startControlServer (/Users/arndtgold/Documents/GitHub/ai-native-governance-delivery-framework/packages/control-ui/server/service.mjs:61:24)
        at /Users/arndtgold/Documents/GitHub/ai-native-governance-delivery-framework/packages/control-ui/test/browser/journeys.spec.mjs:155:25

    Error Context: test-results/journeys-SCN-009-014-018-0-c3039-retry-and-removed-selection/error-context.md

  6) test/browser/journeys.spec.mjs:168:1 › sticky card and document headers, sliding view selector and narrow summary retain source identity 

    Error: asset_boundary_invalid

       at ../../server/service.mjs:42

      40 |       }
      41 |       if (fs.readSync(fd, Buffer.alloc(1), 0, 1, offset)) throw Error('asset_boundary_invalid');
    > 42 |       if (!equal(opened, fs.fstatSync(fd, { bigint: true })) || !equal(opened, fs.lstatSync(path, { bigint: true }))) throw Error('asset_boundary_invalid');
         |                                                                                                                             ^
      43 |       for (let parent = dirname(path); ; parent = dirname(parent)) {
      44 |         const now = fs.lstatSync(parent, { bigint: true }), captured = directories.get(parent);
      45 |         if (!captured || now.isSymbolicLink() || now.dev !== captured.dev || now.ino !== captured.ino || fs.realpathSync(parent) !== parent) throw Error('asset_boundary_invalid');
        at visit (/Users/arndtgold/Documents/GitHub/ai-native-governance-delivery-framework/packages/control-ui/server/service.mjs:42:125)
        at visit (/Users/arndtgold/Documents/GitHub/ai-native-governance-delivery-framework/packages/control-ui/server/service.mjs:23:48)
        at visit (/Users/arndtgold/Documents/GitHub/ai-native-governance-delivery-framework/packages/control-ui/server/service.mjs:23:48)
        at assets (/Users/arndtgold/Documents/GitHub/ai-native-governance-delivery-framework/packages/control-ui/server/service.mjs:53:3)
        at startControlServer (/Users/arndtgold/Documents/GitHub/ai-native-governance-delivery-framework/packages/control-ui/server/service.mjs:61:24)
        at /Users/arndtgold/Documents/GitHub/ai-native-governance-delivery-framework/packages/control-ui/test/browser/journeys.spec.mjs:171:45

    Error Context: test-results/journeys-sticky-card-and-d-da777-mary-retain-source-identity/error-context.md

  7) test/browser/journeys.spec.mjs:216:1 › summary leads with the work step and stale reads never claim a missing Run or current control 

    Error: asset_boundary_invalid

       at ../../server/service.mjs:42

      40 |       }
      41 |       if (fs.readSync(fd, Buffer.alloc(1), 0, 1, offset)) throw Error('asset_boundary_invalid');
    > 42 |       if (!equal(opened, fs.fstatSync(fd, { bigint: true })) || !equal(opened, fs.lstatSync(path, { bigint: true }))) throw Error('asset_boundary_invalid');
         |                                                                                                                             ^
      43 |       for (let parent = dirname(path); ; parent = dirname(parent)) {
      44 |         const now = fs.lstatSync(parent, { bigint: true }), captured = directories.get(parent);
      45 |         if (!captured || now.isSymbolicLink() || now.dev !== captured.dev || now.ino !== captured.ino || fs.realpathSync(parent) !== parent) throw Error('asset_boundary_invalid');
        at visit (/Users/arndtgold/Documents/GitHub/ai-native-governance-delivery-framework/packages/control-ui/server/service.mjs:42:125)
        at visit (/Users/arndtgold/Documents/GitHub/ai-native-governance-delivery-framework/packages/control-ui/server/service.mjs:23:48)
        at visit (/Users/arndtgold/Documents/GitHub/ai-native-governance-delivery-framework/packages/control-ui/server/service.mjs:23:48)
        at assets (/Users/arndtgold/Documents/GitHub/ai-native-governance-delivery-framework/packages/control-ui/server/service.mjs:53:3)
        at startControlServer (/Users/arndtgold/Documents/GitHub/ai-native-governance-delivery-framework/packages/control-ui/server/service.mjs:61:24)
        at /Users/arndtgold/Documents/GitHub/ai-native-governance-delivery-framework/packages/control-ui/test/browser/journeys.spec.mjs:217:35

    Error Context: test-results/journeys-summary-leads-wit-adc11-sing-Run-or-current-control/error-context.md

  7 failed
    test/browser/journeys.spec.mjs:21:1 › SCN-044: Pages fonts survive host body overrides across card, list, Run and document 
    test/browser/journeys.spec.mjs:77:1 › SCN-002/005/007/008/010: explicit graph inspection stays passive and readable at container boundaries 
    test/browser/journeys.spec.mjs:103:1 › SCN-003/007/028/031: real repository, pointer + keyboard, focus, source fidelity and unchanged bytes 
    test/browser/journeys.spec.mjs:134:1 › SCN-005/010/012/028: visible invalid run, persisted discrepancy, missing and unsupported documents 
    test/browser/journeys.spec.mjs:153:1 › SCN-009/014/018/024: hostile document, stale reload, retry and removed selection 
    test/browser/journeys.spec.mjs:168:1 › sticky card and document headers, sliding view selector and narrow summary retain source identity 
    test/browser/journeys.spec.mjs:216:1 › summary leads with the work step and stale reads never claim a missing Run or current control 
