
Running 5 tests using 1 worker

(node:98429) Warning: The 'NO_COLOR' env is ignored due to the 'FORCE_COLOR' env being set.
(Use `node --trace-warnings ...` to show where the warning was created)
(node:98452) Warning: The 'NO_COLOR' env is ignored due to the 'FORCE_COLOR' env being set.
(Use `node --trace-warnings ...` to show where the warning was created)
(node:98429) Warning: The 'NO_COLOR' env is ignored due to the 'FORCE_COLOR' env being set.
(Use `node --trace-warnings ...` to show where the warning was created)
  ✓  1 test/browser/journeys.spec.mjs:21:1 › SCN-044: Pages fonts survive host body overrides across card, list, Run and document (7.1s)
(node:98470) Warning: The 'NO_COLOR' env is ignored due to the 'FORCE_COLOR' env being set.
(Use `node --trace-warnings ...` to show where the warning was created)
(node:98429) Warning: The 'NO_COLOR' env is ignored due to the 'FORCE_COLOR' env being set.
(Use `node --trace-warnings ...` to show where the warning was created)
  ✓  2 test/browser/journeys.spec.mjs:77:1 › SCN-002/005/007/008/010: explicit graph inspection stays passive and readable at container boundaries (4.1s)
(node:98429) Warning: The 'NO_COLOR' env is ignored due to the 'FORCE_COLOR' env being set.
(Use `node --trace-warnings ...` to show where the warning was created)
  ✓  3 test/browser/journeys.spec.mjs:103:1 › SCN-003/007/028/031: real repository, pointer + keyboard, focus, source fidelity and unchanged bytes (23.6s)
(node:98602) Warning: The 'NO_COLOR' env is ignored due to the 'FORCE_COLOR' env being set.
(Use `node --trace-warnings ...` to show where the warning was created)
(node:98429) Warning: The 'NO_COLOR' env is ignored due to the 'FORCE_COLOR' env being set.
(Use `node --trace-warnings ...` to show where the warning was created)
  ✓  4 test/browser/journeys.spec.mjs:134:1 › SCN-005/010/012/028: visible invalid run, persisted discrepancy, missing and unsupported documents (3.7s)
(node:98613) Warning: The 'NO_COLOR' env is ignored due to the 'FORCE_COLOR' env being set.
(Use `node --trace-warnings ...` to show where the warning was created)
(node:98429) Warning: The 'NO_COLOR' env is ignored due to the 'FORCE_COLOR' env being set.
(Use `node --trace-warnings ...` to show where the warning was created)
  ✓  5 test/browser/journeys.spec.mjs:153:1 › SCN-009/014/018/024: hostile document, stale reload, retry and removed selection (7.6s)

  5 passed (49.0s)
