
> agdf-control-ui@0.0.0 test
> node --test test/service.test.mjs && vitest run

TAP version 13
# Subtest: SCN-020/022/032: loopback authenticated read journey, origin/method/selector boundaries, headers and unchanged tree
ok 1 - SCN-020/022/032: loopback authenticated read journey, origin/method/selector boundaries, headers and unchanged tree
  ---
  duration_ms: 865.731471
  type: 'test'
  ...
# Subtest: SCN-017/026: one active and one queued job, cancellation, deadline, and shutdown
ok 2 - SCN-017/026: one active and one queued job, cancellation, deadline, and shutdown
  ---
  duration_ms: 442.281497
  type: 'test'
  ...
# Subtest: SCN-011/017: worker failure is bounded and retry succeeds without internal exception leakage
ok 3 - SCN-011/017: worker failure is bounded and retry succeeds without internal exception leakage
  ---
  duration_ms: 719.505328
  type: 'test'
  ...
# Subtest: SCN-022/025: startup needs explicit valid target, build and port; fresh process invalidates secret
ok 4 - SCN-022/025: startup needs explicit valid target, build and port; fresh process invalidates secret
  ---
  duration_ms: 534.145038
  type: 'test'
  ...
# Subtest: SCN-026: actual serialized response cap accepts exact byte limit and rejects one byte more
ok 5 - SCN-026: actual serialized response cap accepts exact byte limit and rejects one byte more
  ---
  duration_ms: 763.15842
  type: 'test'
  ...
1..5
# tests 5
# suites 0
# pass 5
# fail 0
# cancelled 0
# skipped 0
# todo 0
# duration_ms 3689.92837

 RUN  v5.0.3 /Users/arndtgold/Documents/GitHub/ai-native-governance-delivery-framework/packages/control-ui


 Test Files  6 passed (6)
      Tests  71 passed (71)
   Start at  18:44:13
   Duration  5.33s (environment 38%, tests 32%, import 22%, transform 7%)

Environment  jsdom was created 6 times · 4.91s total, 38% of tracked time
             create it once per worker with pool: 'vmThreads' (keeps per-file isolation) or isolate: false (shares it across files)
             learn more: https://vitest.dev/guide/improving-performance#test-environments

