[
  {
    "id": "@agdf/cli@0.14.5",
    "name": "@agdf/cli",
    "version": "0.14.5",
    "size": 8086,
    "unpackedSize": 22394,
    "shasum": "4d5878947c30967601c77d676b56a03940a770db",
    "integrity": "sha512-YZB5ED6BEsncVoNGI73aMlGHxs1U9NgPbVlxP57/NILpCeU5oQMuGT/Eaqc9gDp7N+52BEVwKCLscRbKrVt8Lw==",
    "filename": "agdf-cli-0.14.5.tgz",
    "files": [
      {
        "path": "LICENSE",
        "size": 11357,
        "mode": 420
      },
      {
        "path": "NOTICE",
        "size": 483,
        "mode": 420
      },
      {
        "path": "README.md",
        "size": 9382,
        "mode": 420
      },
      {
        "path": "bin/agdf.js",
        "size": 47,
        "mode": 420
      },
      {
        "path": "package.json",
        "size": 1125,
        "mode": 420
      }
    ],
    "entryCount": 5,
    "bundled": []
  }
]
