
Running 15 tests using 1 worker

(node:91295) Warning: The 'NO_COLOR' env is ignored due to the 'FORCE_COLOR' env being set.
(Use `node --trace-warnings ...` to show where the warning was created)
(node:91312) Warning: The 'NO_COLOR' env is ignored due to the 'FORCE_COLOR' env being set.
(Use `node --trace-warnings ...` to show where the warning was created)
(node:91295) Warning: The 'NO_COLOR' env is ignored due to the 'FORCE_COLOR' env being set.
(Use `node --trace-warnings ...` to show where the warning was created)
  ✓   1 packages/control-ui/test/browser/backlog-titles.spec.mjs:7:1 › SCN-084/085/092/093/094/095/100: real visible UR titles, reversed order, scope replacement and unchanged sources in light/dark (3.2s)
(node:91315) Warning: The 'NO_COLOR' env is ignored due to the 'FORCE_COLOR' env being set.
(Use `node --trace-warnings ...` to show where the warning was created)
(node:91295) Warning: The 'NO_COLOR' env is ignored due to the 'FORCE_COLOR' env being set.
(Use `node --trace-warnings ...` to show where the warning was created)
  ✓   2 packages/control-ui/test/browser/backlog.spec.mjs:14:1 › backlog areas filter stored entries locally, keep search on return, and match Pages in light/dark at four widths (3.1s)
(node:91330) Warning: The 'NO_COLOR' env is ignored due to the 'FORCE_COLOR' env being set.
(Use `node --trace-warnings ...` to show where the warning was created)
(node:91295) Warning: The 'NO_COLOR' env is ignored due to the 'FORCE_COLOR' env being set.
(Use `node --trace-warnings ...` to show where the warning was created)
  ✓   3 packages/control-ui/test/browser/backlog.spec.mjs:65:1 › a malformed planned section does not turn its count into zero or obscure readable active entries (1.4s)
(node:91333) Warning: The 'NO_COLOR' env is ignored due to the 'FORCE_COLOR' env being set.
(Use `node --trace-warnings ...` to show where the warning was created)
(node:91295) Warning: The 'NO_COLOR' env is ignored due to the 'FORCE_COLOR' env being set.
(Use `node --trace-warnings ...` to show where the warning was created)
  ✓   4 packages/control-ui/test/browser/journeys.spec.mjs:28:1 › document orientation separates approved Run facts from draft originals in both Pages themes (9.8s)
(node:91339) Warning: The 'NO_COLOR' env is ignored due to the 'FORCE_COLOR' env being set.
(Use `node --trace-warnings ...` to show where the warning was created)
(node:91295) Warning: The 'NO_COLOR' env is ignored due to the 'FORCE_COLOR' env being set.
(Use `node --trace-warnings ...` to show where the warning was created)
  ✓   5 packages/control-ui/test/browser/journeys.spec.mjs:106:1 › SCN-044: Pages fonts survive host body overrides across card, list, Run and document (4.8s)
(node:91345) Warning: The 'NO_COLOR' env is ignored due to the 'FORCE_COLOR' env being set.
(Use `node --trace-warnings ...` to show where the warning was created)
(node:91295) Warning: The 'NO_COLOR' env is ignored due to the 'FORCE_COLOR' env being set.
(Use `node --trace-warnings ...` to show where the warning was created)
  ✓   6 packages/control-ui/test/browser/journeys.spec.mjs:163:1 › SCN-002/005/007/008/010: explicit graph inspection stays passive and readable at container boundaries (2.2s)
(node:91347) Warning: The 'NO_COLOR' env is ignored due to the 'FORCE_COLOR' env being set.
(Use `node --trace-warnings ...` to show where the warning was created)
(node:91295) Warning: The 'NO_COLOR' env is ignored due to the 'FORCE_COLOR' env being set.
(Use `node --trace-warnings ...` to show where the warning was created)
  ✓   7 packages/control-ui/test/browser/journeys.spec.mjs:190:1 › SCN-003/007/028/031: copied repository sources, explicit stored pointers, keyboard focus, source fidelity and unchanged bytes (9.0s)
(node:91368) Warning: The 'NO_COLOR' env is ignored due to the 'FORCE_COLOR' env being set.
(Use `node --trace-warnings ...` to show where the warning was created)
(node:91295) Warning: The 'NO_COLOR' env is ignored due to the 'FORCE_COLOR' env being set.
(Use `node --trace-warnings ...` to show where the warning was created)
  ✓   8 packages/control-ui/test/browser/journeys.spec.mjs:229:1 › SCN-005/010/012/028: visible invalid run, persisted discrepancy, missing and unsupported documents (1.9s)
(node:91370) Warning: The 'NO_COLOR' env is ignored due to the 'FORCE_COLOR' env being set.
(Use `node --trace-warnings ...` to show where the warning was created)
(node:91295) Warning: The 'NO_COLOR' env is ignored due to the 'FORCE_COLOR' env being set.
(Use `node --trace-warnings ...` to show where the warning was created)
  ✓   9 packages/control-ui/test/browser/journeys.spec.mjs:250:1 › SCN-009/014/018/024: hostile document, stale reload, retry and removed selection (7.3s)
(node:91376) Warning: The 'NO_COLOR' env is ignored due to the 'FORCE_COLOR' env being set.
(Use `node --trace-warnings ...` to show where the warning was created)
(node:91295) Warning: The 'NO_COLOR' env is ignored due to the 'FORCE_COLOR' env being set.
(Use `node --trace-warnings ...` to show where the warning was created)
  ✓  10 packages/control-ui/test/browser/journeys.spec.mjs:272:1 › sticky card and document headers, sliding view selector and narrow summary retain source identity (2.6s)
(node:91379) Warning: The 'NO_COLOR' env is ignored due to the 'FORCE_COLOR' env being set.
(Use `node --trace-warnings ...` to show where the warning was created)
(node:91295) Warning: The 'NO_COLOR' env is ignored due to the 'FORCE_COLOR' env being set.
(Use `node --trace-warnings ...` to show where the warning was created)
  ✓  11 packages/control-ui/test/browser/journeys.spec.mjs:323:1 › summary leads with the work step and stale reads never claim a missing Run or current control (6.7s)
(node:91392) Warning: The 'NO_COLOR' env is ignored due to the 'FORCE_COLOR' env being set.
(Use `node --trace-warnings ...` to show where the warning was created)
(node:91295) Warning: The 'NO_COLOR' env is ignored due to the 'FORCE_COLOR' env being set.
(Use `node --trace-warnings ...` to show where the warning was created)
  ✓  12 packages/control-ui/test/browser/journeys.spec.mjs:356:1 › neutral light reading planes and Pages dark surfaces survive host colors across all views (5.4s)
(node:91406) Warning: The 'NO_COLOR' env is ignored due to the 'FORCE_COLOR' env being set.
(Use `node --trace-warnings ...` to show where the warning was created)
(node:91295) Warning: The 'NO_COLOR' env is ignored due to the 'FORCE_COLOR' env being set.
(Use `node --trace-warnings ...` to show where the warning was created)
  ✓  13 packages/control-ui/test/browser/journeys.spec.mjs:433:1 › Pages action and type hierarchy retains the Cockpit neutral light palette (3.3s)
(node:91420) Warning: The 'NO_COLOR' env is ignored due to the 'FORCE_COLOR' env being set.
(Use `node --trace-warnings ...` to show where the warning was created)
(node:91295) Warning: The 'NO_COLOR' env is ignored due to the 'FORCE_COLOR' env being set.
(Use `node --trace-warnings ...` to show where the warning was created)
  ✓  14 packages/control-ui/test/browser/journeys.spec.mjs:501:1 › work action leads, qualifications stay honest and evidence access survives responsive keyboard navigation (2.4s)
(node:91424) Warning: The 'NO_COLOR' env is ignored due to the 'FORCE_COLOR' env being set.
(Use `node --trace-warnings ...` to show where the warning was created)
(node:91295) Warning: The 'NO_COLOR' env is ignored due to the 'FORCE_COLOR' env being set.
(Use `node --trace-warnings ...` to show where the warning was created)
  ✓  15 packages/control-ui/test/browser/scoped.spec.mjs:6:1 › scoped HTTP reading preserves stored backlog, source navigation and Pages themes at four widths (2.7s)

  15 passed (1.1m)
