TAP version 13
# PASS approval + Backlog transaction recovers intent, identical replay has one effect
# PASS approval + Backlog transaction recovers run, identical replay has one effect
# PASS approval + Backlog transaction recovers backlog, identical replay has one effect
# PASS nonexact reply changes neither Run nor Backlog
# PASS presentation tampered after journal intent is rejected before commit
# PASS backlog-only repair preserves exact sealed Run bytes and is idempotent
# PASS backtick key is matched once, title and links retained
# PASS unsupported header fails closed with zero mutation
# PASS duplicate identity fails closed with zero mutation
# PASS stale caller cannot repair pointer
# PASS legacy pointer repair retains its thirteen columns and existing links
# PASS symlink Backlog rejected without changing foreign file or Run
# PASS symlink Run cannot authorize a Backlog-only repair
# PASS evidence recording also synchronizes status and next action
# 14 Backlog writer scenarios passed.
# Subtest: packages/core/test/run-backlog-writer-test.js
ok 1 - packages/core/test/run-backlog-writer-test.js
  ---
  duration_ms: 24703.361903
  type: 'test'
  ...
# {"suite":"source-revisions","scenarios":["SCN-001","SCN-003","SCN-004","SCN-005","SCN-007","SCN-008","SCN-011","SCN-012","SCN-013","SCN-014","SCN-018","SCN-009","SCN-010","SCN-015","SCN-017","SCN-019","SCN-020","SCN-016","SCN-021","SCN-006"],"fixture_authority":"synthetic_only"}
# Subtest: packages/core/test/run-source-revisions-test.js
ok 2 - packages/core/test/run-source-revisions-test.js
  ---
  duration_ms: 103234.634124
  type: 'test'
  ...
# Run-step transaction boundaries passed.
# Subtest: packages/core/test/run-step-transaction-test.js
ok 3 - packages/core/test/run-step-transaction-test.js
  ---
  duration_ms: 11046.646253
  type: 'test'
  ...
1..3
# tests 3
# suites 0
# pass 3
# fail 0
# cancelled 0
# skipped 0
# todo 0
# duration_ms 103256.269097
