TAP version 13
# Subtest: SCN-061/063/080: production overview reads only backlog even with >64 MiB unrelated history, and keeps original pointer facts
ok 1 - SCN-061/063/080: production overview reads only backlog even with >64 MiB unrelated history, and keeps original pointer facts
  ---
  duration_ms: 1081.602381
  type: 'test'
  ...
# Subtest: SCN-062/083: duplicate/malformed pointers stay identifiable and nonselectable; missing/unsupported backlog never discovers Runs or writes
ok 2 - SCN-062/083: duplicate/malformed pointers stay identifiable and nonselectable; missing/unsupported backlog never discovers Runs or writes
  ---
  duration_ms: 693.727608
  type: 'test'
  ...
# Subtest: SCN-064: direct named Run needs no backlog membership and matches unchanged Core evaluation
ok 3 - SCN-064: direct named Run needs no backlog membership and matches unchanged Core evaluation
  ---
  duration_ms: 793.580114
  type: 'test'
  ...
# Subtest: SCN-067/068/069/074: production transitions reissue matching parents/resources and old or foreign selectors cannot discard a valid view
ok 4 - SCN-067/068/069/074: production transitions reissue matching parents/resources and old or foreign selectors cannot discard a valid view
  ---
  duration_ms: 970.517912
  type: 'test'
  ...
# Subtest: SCN-067/072: strict optional named snapshot and independent production workers retain only latest scoped selectors
ok 5 - SCN-067/072: strict optional named snapshot and independent production workers retain only latest scoped selectors
  ---
  duration_ms: 903.813024
  type: 'test'
  ...
# Subtest: SCN-079/080/083: canonical approval without backlog membership leaves stored pointers unchanged; direct reading checks the new Run
ok 6 - SCN-079/080/083: canonical approval without backlog membership leaves stored pointers unchanged; direct reading checks the new Run
  ---
  duration_ms: 1894.738128
  type: 'test'
  ...
# Subtest: SCN-080/082/083: linked canonical approval changes the stored pointer; both scoped readers invalidate the old backlog without repairing it
ok 7 - SCN-080/082/083: linked canonical approval changes the stored pointer; both scoped readers invalidate the old backlog without repairing it
  ---
  duration_ms: 2215.225666
  type: 'test'
  ...
1..7
# tests 7
# suites 0
# pass 7
# fail 0
# cancelled 0
# skipped 0
# todo 0
# duration_ms 8914.667522
