TAP version 13
# Subtest: SCN-061/063/080: production overview reads only backlog even with >64 MiB unrelated history, and keeps original pointer facts
ok 1 - SCN-061/063/080: production overview reads only backlog even with >64 MiB unrelated history, and keeps original pointer facts
  ---
  duration_ms: 1223.17163
  type: 'test'
  ...
# Subtest: SCN-062/083: duplicate/malformed pointers stay identifiable and nonselectable; missing/unsupported backlog never discovers Runs or writes
ok 2 - SCN-062/083: duplicate/malformed pointers stay identifiable and nonselectable; missing/unsupported backlog never discovers Runs or writes
  ---
  duration_ms: 746.381534
  type: 'test'
  ...
# Subtest: SCN-064: direct named Run needs no backlog membership and matches unchanged Core evaluation
ok 3 - SCN-064: direct named Run needs no backlog membership and matches unchanged Core evaluation
  ---
  duration_ms: 941.369492
  type: 'test'
  ...
# Subtest: SCN-067/068/069/074: production transitions reissue matching parents/resources and old or foreign selectors cannot discard a valid view
ok 4 - SCN-067/068/069/074: production transitions reissue matching parents/resources and old or foreign selectors cannot discard a valid view
  ---
  duration_ms: 771.073855
  type: 'test'
  ...
# Subtest: SCN-067/072: strict optional named snapshot and independent production workers retain only latest scoped selectors
ok 5 - SCN-067/072: strict optional named snapshot and independent production workers retain only latest scoped selectors
  ---
  duration_ms: 1010.678009
  type: 'test'
  ...
# Subtest: SCN-013: private immutable bytes, edits and membership invalidate revalidation
ok 6 - SCN-013: private immutable bytes, edits and membership invalidate revalidation
  ---
  duration_ms: 39.872855
  type: 'test'
  ...
# Subtest: SCN-013: deterministic mutations during capture retry once, then fail
ok 7 - SCN-013: deterministic mutations during capture retry once, then fail
  ---
  duration_ms: 28.340999
  type: 'test'
  ...
# Subtest: SCN-023: file and ancestor symlinks and out-of-control reads are denied
ok 8 - SCN-023: file and ancestor symlinks and out-of-control reads are denied
  ---
  duration_ms: 16.469074
  type: 'test'
  ...
# Subtest: SCN-026: inclusive file-count/per-file/aggregate boundaries and time limit
ok 9 - SCN-026: inclusive file-count/per-file/aggregate boundaries and time limit
  ---
  duration_ms: 11.461052
  type: 'test'
  ...
# Subtest: SCN-061/063: scoped recording and replay ignore over 64 MiB of unrelated history
ok 10 - SCN-061/063: scoped recording and replay ignore over 64 MiB of unrelated history
  ---
  duration_ms: 562.365235
  type: 'test'
  ...
# Subtest: SCN-065: observed absence and directory entries are revalidation dependencies
ok 11 - SCN-065: observed absence and directory entries are revalidation dependencies
  ---
  duration_ms: 5.646087
  type: 'test'
  ...
# Subtest: SCN-066: replay cannot introduce an unrecorded path, byte read or fabricated absence
ok 12 - SCN-066: replay cannot introduce an unrecorded path, byte read or fabricated absence
  ---
  duration_ms: 3.734965
  type: 'test'
  ...
# Subtest: SCN-066/082: capture mutation and symlink/ancestor swaps fail before publication
ok 13 - SCN-066/082: capture mutation and symlink/ancestor swaps fail before publication
  ---
  duration_ms: 4.030336
  type: 'test'
  ...
# Subtest: SCN-066/077: contained denial and byte limits survive consumer catch blocks
ok 14 - SCN-066/077: contained denial and byte limits survive consumer catch blocks
  ---
  duration_ms: 3.094162
  type: 'test'
  ...
1..14
# tests 14
# suites 0
# pass 14
# fail 0
# cancelled 0
# skipped 0
# todo 0
# duration_ms 5323.729705
