node:internal/modules/run_main:123
    triggerUncaughtException(
    ^

AssertionError [ERR_ASSERTION]: control-evaluation/delivery-map.js
+ actual - expected
... Skipped lines

+ Buffer(12138) [Uint8Array] [
- Buffer(13111) [Uint8Array] [
    105,
    109,
    112,
    111,
    114,
...
    10,
-   105,
-   109,
-   112,
-   111,
-   114,
-   116,
-   32,
-   123,
-   32,
-   114,
-   101,
-   97,
-   100,
-   83,
-   111,
-   117,
-   114,
-   99,
-   101,
-   82,
-   101,
-   118,
-   105,
-   115,
-   105,
-   111,
-   110,
-   115,
-   44,
-   32,
-   115,
-   111,
-   117,
-   114,
-   99,
-   101,
-   82,
-   101,
-   118,
-   105,
-   115,
-   105,
-   111,
-   110,
-   79,
-   98,
-   115,
-   101,
-   114,
-   118,
-   97,
-   116,
-   105,
-   111,
-   110,
-   32,
-   125,
-   32,
-   102,
-   114,
-   111,
-   109,
-   32,
-   34,
-   46,
-   46,
-   47,
-   99,
-   111,
-   110,
-   116,
-   114,
-   111,
-   108,
-   45,
-   115,
-   116,
-   97,
-   116,
-   101,
-   47,
-   114,
-   117,
-   110,
-   45,
-   115,
-   111,
-   117,
-   114,
-   99,
-   101,
-   45,
-   114,
-   101,
-   118,
-   105,
-   115,
-   105,
-   111,
-   110,
-   115,
-   46,
-   106,
-   115,
-   34,
-   59,
    10,
-   105,
-   109,
-   112,
-   111,
-   114,
-   116,
-   32,
-   123,
-   32,
-   114,
-   101,
-   97,
-   100,
-   65,
-   114,
-   116,
-   101,
    102,
-   97,
-   99,
-   116,
-   66,
-   105,
-   110,
-   100,
-   105,
-   110,
-   103,
-   115,
-   32,
-   125,
-   32,
-   102,
-   114,
-   111,
-   109,
-   32,
-   34,
-   46,
-   46,
-   47,
-   99,
-   111,
-   110,
-   116,
-   114,
-   111,
-   108,
-   45,
-   115,
-   116,
-   97,
-   116,
-   101,
-   47,
-   97,
-   114,
-   116,
-   101,
-   102,
-   97,
-   99,
-   116,
-   45,
-   98,
-   105,
-   110,
-   100,
-   105,
-   110,
-   103,
-   115,
-   46,
-   106,
-   115,
-   34,
-   59,
-   10,
-   105,
-   109,
-   112,
-   111,
-   114,
-   116,
-   32,
-   123,
-   32,
-   118,
-   97,
-   108,
-   105,
-   100,
-   97,
-   116,
-   101,
-   66,
-   105,
-   110,
-   100,
-   105,
-   110,
-   103,
-   80,
-   114,
-   111,
-   111,
-   102,
-   32,
-   125,
-   32,
-   102,
-   114,
-   111,
-   109,
-   32,
-   34,
-   46,
-   46,
-   47,
-   99,
-   111,
-   110,
-   116,
-   114,
-   111,
-   108,
-   45,
-   115,
-   116,
-   97,
-   116,
-   101,
-   47,
-   97,
-   114,
-   116,
-   101,
-   102,
-   97,
-   99,
-   116,
-   45,
-   98,
-   105,
-   110,
-   100,
-   105,
-   110,
-   103,
-   45,
-   112,
-   114,
-   111,
-   111,
-   102,
-   46,
-   106,
-   115,
-   34,
-   59,
-   10,
-   10,
-   102,
    117,
    110,
    99,
    116,
    105,
...
    32,
-   114,
-   101,
-   118,
-   105,
    115,
-   105,
-   111,
-   110,
-   115,
-   32,
-   61,
-   32,
-   114,
-   101,
-   97,
-   100,
-   83,
-   111,
-   117,
-   114,
-   99,
-   101,
-   82,
-   101,
-   118,
-   105,
-   115,
-   105,
-   111,
-   110,
-   115,
-   40,
-   114,
-   117,
-   110,
-   83,
    116,
    97,
    116,
-   101,
-   46,
-   99,
-   111,
-   110,
-   116,
-   101,
-   110,
-   116,
-   32,
-   63,
-   63,
-   32,
-   34,
-   34,
-   41,
-   59,
-   10,
-   32,
-   32,
-   32,
-   32,
-   99,
-   111,
-   110,
-   115,
-   116,
-   32,
-   98,
-   105,
-   110,
-   100,
-   105,
-   110,
-   103,
-   32,
-   61,
-   32,
-   114,
-   101,
-   97,
-   100,
-   65,
-   114,
-   116,
-   101,
-   102,
-   97,
-   99,
-   116,
-   66,
-   105,
-   110,
-   100,
-   105,
-   110,
-   103,
-   115,
-   40,
-   114,
    117,
-   110,
-   83,
-   116,
-   97,
-   116,
-   101,
-   46,
-   99,
-   111,
-   110,
-   116,
-   101,
-   110,
-   116,
-   32,
-   63,
-   63,
-   32,
-   34,
-   34,
-   41,
-   46,
-   97,
-   99,
-   116,
-   105,
-   118,
-   101,
-   46,
-   102,
-   105,
-   110,
-   100,
-   40,
-   105,
-   116,
-   101,
-   109,
-   32,
-   61,
-   62,
-   32,
    115,
-   97,
-   109,
-   101,
-   82,
-   101,
-   108,
-   97,
-   116,
-   105,
-   111,
-   110,
-   115,
-   104,
-   105,
-   112,
-   40,
-   105,
-   116,
-   101,
-   109,
-   46,
-   114,
-   101,
-   108,
-   97,
-   116,
-   105,
-   111,
-   110,
-   115,
-   104,
-   105,
-   112,
-   44,
    32,
-   101,
-   120,
-   112,
-   101,
-   99,
-   116,
-   101,
-   100,
-   41,
-   10,
-   32,
-   32,
-   32,
-   32,
-   32,
-   32,
-   38,
-   38,
-   32,
-   101,
-   118,
-   105,
-   100,
-   101,
-   110,
-   99,
-   101,
-   46,
-   115,
-   116,
-   97,
-   114,
-   116,
-   115,
-   87,
-   105,
-   116,
-   104,
-   40,
-   96,
-   98,
-   105,
-   110,
-   100,
-   105,
-   110,
-   103,
-   32,
-   36,
-   123,
-   105,
-   116,
-   101,
-   109,
-   46,
-   98,
-   105,
-   110,
-   100,
-   105,
-   110,
-   103,
-   95,
-   105,
-   100,
-   125,
-   59,
-   96,
-   41,
-   41,
-   59,
-   10,
-   32,
-   32,
-   32,
-   32,
-   99,
-   111,
-   110,
-   115,
-   116,
-   32,
-   99,
-   117,
-   114,
-   114,
-   101,
-   110,
-   116,
-   80,
-   114,
-   111,
-   111,
-   102,
-   32,
    61,
    32,
-   33,
    114,
    101,
-   118,
-   105,
-   115,
-   105,
-   111,
-   110,
-   115,
-   46,
-   112,
-   114,
-   101,
-   115,
-   101,
-   110,
-   116,
-   32,
-   124,
-   124,
-   32,
-   101,
-   120,
-   112,
-   101,
-   99,
-   116,
-   101,
-   100,
-   46,
-   114,
-   101,
-   113,
-   117,
-   105,
-   114,
-   101,
-   100,
-   66,
-   121,
-   32,
-   61,
-   61,
-   61,
-   32,
-   34,
-   85,
-   82,
-   34,
-   32,
-   124,
-   124,
-   32,
-   66,
-   111,
-   111,
    108,
    101,
-   97,
-   110,
-   40,
-   98,
-   105,
-   110,
-   100,
-   105,
-   110,
-   103,
-   32,
-   38,
-   38,
-   32,
-   100,
-   101,
-   112,
-   101,
-   110,
-   100,
-   101,
-   110,
-   99,
-   105,
-   101,
-   115,
-   46,
-   116,
-   97,
-   114,
-   103,
-   101,
-   116,
-   68,
-   105,
-   114,
-   10,
-   32,
-   32,
-   32,
-   32,
-   32,
-   32,
-   38,
-   38,
-   32,
    118,
    97,
-   108,
-   105,
-   100,
-   97,
-   116,
-   101,
-   66,
-   105,
    110,
-   100,
-   105,
-   110,
-   103,
-   80,
-   114,
-   111,
-   111,
-   102,
-   40,
-   100,
-   101,
-   112,
-   101,
-   110,
-   100,
-   101,
-   110,
-   99,
-   105,
-   101,
-   115,
-   46,
    116,
-   97,
-   114,
-   103,
-   101,
-   116,
-   68,
-   105,
-   114,
-   44,
-   32,
-   98,
-   105,
-   110,
-   100,
-   105,
-   110,
-   103,
-   41,
-   41,
-   59,
-   10,
-   32,
-   32,
-   32,
-   32,
-   99,
-   111,
-   110,
-   115,
-   116,
-   32,
-   115,
-   116,
-   97,
-   116,
-   117,
-   115,
-   32,
-   61,
-   32,
-   114,
-   101,
-   108,
-   101,
-   118,
-   97,
-   110,
-   116,
    46,
    108,
    101,
    110,
    103,
...
    32,
-   38,
-   38,
-   32,
-   99,
-   117,
-   114,
-   114,
-   101,
-   110,
-   116,
-   80,
-   114,
-   111,
-   111,
-   102,
-   32,
    63,
    32,
    34,
    112,
    97,
...
    32,
-   116,
-   97,
-   114,
-   103,
-   101,
-   116,
-   68,
-   105,
-   114,
-   44,
-   10,
-   32,
-   32,
-   32,
-   32,
    108,
    111,
    97,
    100,
    82,
...
    10,
-   32,
-   32,
-   99,
-   111,
-   110,
-   115,
-   116,
-   32,
-   115,
-   111,
-   117,
-   114,
-   99,
-   101,
-   82,
-   101,
-   118,
-   105,
-   115,
-   105,
-   111,
-   110,
-   115,
-   32,
-   61,
-   32,
-   115,
-   111,
-   117,
-   114,
-   99,
-   101,
-   82,
-   101,
-   118,
-   105,
-   115,
-   105,
-   111,
-   110,
-   79,
-   98,
-   115,
-   101,
-   114,
-   118,
-   97,
-   116,
-   105,
-   111,
-   110,
-   40,
-   114,
-   117,
-   110,
-   83,
-   116,
-   97,
-   116,
-   101,
-   46,
-   99,
-   111,
-   110,
-   116,
-   101,
-   110,
-   116,
-   44,
-   32,
-   100,
-   111,
-   99,
-   116,
-   111,
-   114,
-   82,
-   101,
-   112,
-   111,
-   114,
-   116,
-   46,
-   102,
-   105,
-   110,
-   100,
-   105,
-   110,
-   103,
-   115,
-   46,
-   115,
-   111,
-   109,
-   101,
-   40,
-   114,
-   111,
-   119,
-   32,
-   61,
-   62,
-   32,
-   47,
-   65,
-   71,
-   68,
-   70,
-   95,
-   82,
-   85,
-   78,
-   95,
-   83,
-   69,
-   65,
-   76,
-   124,
-   65,
-   71,
-   68,
-   70,
-   95,
-   82,
-   85,
-   78,
-   95,
-   65,
-   80,
-   80,
-   82,
-   79,
-   86,
-   65,
-   76,
-   47,
-   117,
-   46,
-   116,
-   101,
-   115,
-   116,
-   40,
-   114,
-   111,
-   119,
-   46,
-   99,
-   111,
-   100,
-   101,
-   41,
-   41,
-   41,
-   59,
    10,
-   10,
    32,
    32,
    114,
    101,
    116,
...
    32,
-   46,
-   46,
-   46,
-   40,
-   115,
-   111,
-   117,
-   114,
-   99,
-   101,
-   82,
-   101,
-   118,
-   105,
-   115,
-   105,
-   111,
    110,
-   115,
-   32,
-   63,
-   32,
-   123,
-   32,
-   115,
-   111,
-   117,
-   114,
-   99,
    101,
-   95,
-   114,
-   101,
-   118,
-   105,
-   115,
-   105,
-   111,
-   110,
-   115,
-   58,
-   32,
-   115,
-   111,
-   117,
-   114,
-   99,
-   101,
-   82,
-   101,
-   118,
-   105,
-   115,
-   105,
-   111,
-   110,
-   115,
-   32,
-   125,
-   32,
-   58,
-   32,
-   123,
-   125,
-   41,
-   44,
-   10,
-   32,
-   32,
-   32,
-   32,
-   110,
-   101,
    120,
    116,
    95,
    97,
    108,

    at file:///Users/arndtgold/Documents/GitHub/ai-native-governance-delivery-framework/scripts/test-package-consumers.mjs:39:75
    at ModuleJob.run (node:internal/modules/esm/module_job:343:25)
    at async onImport.tracePromise.__proto__ (node:internal/modules/esm/loader:681:26)
    at async asyncRunEntryPointWithESMLoader (node:internal/modules/run_main:117:5) {
  generatedMessage: false,
  code: 'ERR_ASSERTION',
  actual: Buffer(12138) [Uint8Array] [
    105, 109, 112, 111, 114, 116,  32, 123,  32, 101, 120, 105,
    115, 116, 115,  83, 121, 110,  99,  32, 125,  32, 102, 114,
    111, 109,  32,  39, 110, 111, 100, 101,  58, 102, 115,  39,
     59,  10, 105, 109, 112, 111, 114, 116,  32, 123,  32, 106,
    111, 105, 110,  32, 125,  32, 102, 114, 111, 109,  32,  39,
    110, 111, 100, 101,  58, 112,  97, 116, 104,  39,  59,  10,
    105, 109, 112, 111, 114, 116,  32, 123,  32,  97, 103, 103,
    114, 101, 103,  97, 116, 101,  32, 125,  32, 102, 114, 111,
    109,  32,  34,  46,
    ... 12038 more items
  ],
  expected: Buffer(13111) [Uint8Array] [
    105, 109, 112, 111, 114, 116,  32, 123,  32, 101, 120, 105,
    115, 116, 115,  83, 121, 110,  99,  32, 125,  32, 102, 114,
    111, 109,  32,  39, 110, 111, 100, 101,  58, 102, 115,  39,
     59,  10, 105, 109, 112, 111, 114, 116,  32, 123,  32, 106,
    111, 105, 110,  32, 125,  32, 102, 114, 111, 109,  32,  39,
    110, 111, 100, 101,  58, 112,  97, 116, 104,  39,  59,  10,
    105, 109, 112, 111, 114, 116,  32, 123,  32,  97, 103, 103,
    114, 101, 103,  97, 116, 101,  32, 125,  32, 102, 114, 111,
    109,  32,  34,  46,
    ... 13011 more items
  ],
  operator: 'deepStrictEqual',
  diff: 'simple'
}

Node.js v22.22.3
