
Running 4 tests using 1 worker

(node:81781) Warning: The 'NO_COLOR' env is ignored due to the 'FORCE_COLOR' env being set.
(Use `node --trace-warnings ...` to show where the warning was created)
(node:81798) Warning: The 'NO_COLOR' env is ignored due to the 'FORCE_COLOR' env being set.
(Use `node --trace-warnings ...` to show where the warning was created)
(node:81781) Warning: The 'NO_COLOR' env is ignored due to the 'FORCE_COLOR' env being set.
(Use `node --trace-warnings ...` to show where the warning was created)
  ✓  1 test/browser/backlog-titles.spec.mjs:7:1 › SCN-084/085/092/093/094/095/100: real visible UR titles, reversed order, scope replacement and unchanged sources in light/dark (3.3s)
(node:81803) Warning: The 'NO_COLOR' env is ignored due to the 'FORCE_COLOR' env being set.
(Use `node --trace-warnings ...` to show where the warning was created)
(node:81781) Warning: The 'NO_COLOR' env is ignored due to the 'FORCE_COLOR' env being set.
(Use `node --trace-warnings ...` to show where the warning was created)
  ✓  2 test/browser/backlog.spec.mjs:14:1 › backlog areas filter stored entries locally, keep search on return, and match Pages in light/dark at four widths (3.1s)
(node:81809) Warning: The 'NO_COLOR' env is ignored due to the 'FORCE_COLOR' env being set.
(Use `node --trace-warnings ...` to show where the warning was created)
(node:81781) Warning: The 'NO_COLOR' env is ignored due to the 'FORCE_COLOR' env being set.
(Use `node --trace-warnings ...` to show where the warning was created)
  ✓  3 test/browser/backlog.spec.mjs:65:1 › a malformed planned section does not turn its count into zero or obscure readable active entries (1.4s)
(node:81811) Warning: The 'NO_COLOR' env is ignored due to the 'FORCE_COLOR' env being set.
(Use `node --trace-warnings ...` to show where the warning was created)
(node:81781) Warning: The 'NO_COLOR' env is ignored due to the 'FORCE_COLOR' env being set.
(Use `node --trace-warnings ...` to show where the warning was created)
  ✓  4 test/browser/scoped.spec.mjs:6:1 › scoped HTTP reading preserves stored backlog, source navigation and Pages themes at four widths (2.8s)

  4 passed (12.5s)
