TAP version 13
# Subtest: SCN-061/063/080: production overview reads only backlog even with >64 MiB unrelated history, and keeps original pointer facts
ok 1 - SCN-061/063/080: production overview reads only backlog even with >64 MiB unrelated history, and keeps original pointer facts
  ---
  duration_ms: 1485.475405
  type: 'test'
  ...
# Subtest: SCN-062/083: duplicate/malformed pointers stay identifiable and nonselectable; missing/unsupported backlog never discovers Runs or writes
ok 2 - SCN-062/083: duplicate/malformed pointers stay identifiable and nonselectable; missing/unsupported backlog never discovers Runs or writes
  ---
  duration_ms: 721.252163
  type: 'test'
  ...
# Subtest: SCN-064: direct named Run needs no backlog membership and matches unchanged Core evaluation
ok 3 - SCN-064: direct named Run needs no backlog membership and matches unchanged Core evaluation
  ---
  duration_ms: 827.794514
  type: 'test'
  ...
# Subtest: SCN-067/068/069/074: production transitions reissue matching parents/resources and old or foreign selectors cannot discard a valid view
ok 4 - SCN-067/068/069/074: production transitions reissue matching parents/resources and old or foreign selectors cannot discard a valid view
  ---
  duration_ms: 817.821095
  type: 'test'
  ...
# Subtest: SCN-067/072: strict optional named snapshot and independent production workers retain only latest scoped selectors
ok 5 - SCN-067/072: strict optional named snapshot and independent production workers retain only latest scoped selectors
  ---
  duration_ms: 970.669154
  type: 'test'
  ...
# Subtest: SCN-079/080/083: canonical Run-only approval leaves stored backlog bytes unchanged; fresh scoped readers cannot infer permission from them
ok 6 - SCN-079/080/083: canonical Run-only approval leaves stored backlog bytes unchanged; fresh scoped readers cannot infer permission from them
  ---
  duration_ms: 2023.338166
  type: 'test'
  ...
# Subtest: SCN-061/063: scoped recording and replay ignore over 64 MiB of unrelated history
ok 7 - SCN-061/063: scoped recording and replay ignore over 64 MiB of unrelated history
  ---
  duration_ms: 680.616172
  type: 'test'
  ...
# Subtest: SCN-065: observed absence and directory entries are revalidation dependencies
ok 8 - SCN-065: observed absence and directory entries are revalidation dependencies
  ---
  duration_ms: 9.539592
  type: 'test'
  ...
# Subtest: SCN-066: replay cannot introduce an unrecorded path, byte read or fabricated absence
ok 9 - SCN-066: replay cannot introduce an unrecorded path, byte read or fabricated absence
  ---
  duration_ms: 6.54525
  type: 'test'
  ...
# Subtest: SCN-066/082: capture mutation and symlink/ancestor swaps fail before publication
ok 10 - SCN-066/082: capture mutation and symlink/ancestor swaps fail before publication
  ---
  duration_ms: 6.654766
  type: 'test'
  ...
# Subtest: SCN-066/077: contained denial and byte limits survive consumer catch blocks
ok 11 - SCN-066/077: contained denial and byte limits survive consumer catch blocks
  ---
  duration_ms: 4.134471
  type: 'test'
  ...
# Subtest: SCN-077: inclusive actual file bytes, unique file counts, path depth and capture deadline remain bounded
ok 12 - SCN-077: inclusive actual file bytes, unique file counts, path depth and capture deadline remain bounded
  ---
  duration_ms: 1026.624109
  type: 'test'
  ...
# Subtest: SCN-082: atomic replacement during recording, freeze, replay and final publication cannot yield a current observation
ok 13 - SCN-082: atomic replacement during recording, freeze, replay and final publication cannot yield a current observation
  ---
  duration_ms: 15.701496
  type: 'test'
  ...
1..13
# tests 13
# suites 0
# pass 13
# fail 0
# cancelled 0
# skipped 0
# todo 0
# duration_ms 7363.74634
